Archive member included because of file (symbol)

c:/program files (x86)/gnu tools arm embedded/4.9 2015q1/bin/../lib/gcc/arm-none-eabi/4.9.3/../../../../arm-none-eabi/lib/armv7-m\libm.a(lib_a-s_atan.o)
                              ..\obj\main.o (atan)
c:/program files (x86)/gnu tools arm embedded/4.9 2015q1/bin/../lib/gcc/arm-none-eabi/4.9.3/../../../../arm-none-eabi/lib/armv7-m\libm.a(lib_a-s_fabs.o)
                              c:/program files (x86)/gnu tools arm embedded/4.9 2015q1/bin/../lib/gcc/arm-none-eabi/4.9.3/../../../../arm-none-eabi/lib/armv7-m\libm.a(lib_a-s_atan.o) (fabs)
c:/program files (x86)/gnu tools arm embedded/4.9 2015q1/bin/../lib/gcc/arm-none-eabi/4.9.3/../../../../arm-none-eabi/lib/armv7-m\libm.a(lib_a-w_sqrt.o)
                              ..\obj\main.o (sqrt)
c:/program files (x86)/gnu tools arm embedded/4.9 2015q1/bin/../lib/gcc/arm-none-eabi/4.9.3/../../../../arm-none-eabi/lib/armv7-m\libm.a(lib_a-e_sqrt.o)
                              c:/program files (x86)/gnu tools arm embedded/4.9 2015q1/bin/../lib/gcc/arm-none-eabi/4.9.3/../../../../arm-none-eabi/lib/armv7-m\libm.a(lib_a-w_sqrt.o) (__ieee754_sqrt)
c:/program files (x86)/gnu tools arm embedded/4.9 2015q1/bin/../lib/gcc/arm-none-eabi/4.9.3/../../../../arm-none-eabi/lib/armv7-m\libm.a(lib_a-s_fpclassify.o)
                              c:/program files (x86)/gnu tools arm embedded/4.9 2015q1/bin/../lib/gcc/arm-none-eabi/4.9.3/../../../../arm-none-eabi/lib/armv7-m\libm.a(lib_a-w_sqrt.o) (__fpclassifyd)
c:/program files (x86)/gnu tools arm embedded/4.9 2015q1/bin/../lib/gcc/arm-none-eabi/4.9.3/../../../../arm-none-eabi/lib/armv7-m\libm.a(lib_a-s_lib_ver.o)
                              c:/program files (x86)/gnu tools arm embedded/4.9 2015q1/bin/../lib/gcc/arm-none-eabi/4.9.3/../../../../arm-none-eabi/lib/armv7-m\libm.a(lib_a-w_sqrt.o) (__fdlib_version)
c:/program files (x86)/gnu tools arm embedded/4.9 2015q1/bin/../lib/gcc/arm-none-eabi/4.9.3/../../../../arm-none-eabi/lib/armv7-m\libm.a(lib_a-s_matherr.o)
                              c:/program files (x86)/gnu tools arm embedded/4.9 2015q1/bin/../lib/gcc/arm-none-eabi/4.9.3/../../../../arm-none-eabi/lib/armv7-m\libm.a(lib_a-w_sqrt.o) (matherr)
c:/program files (x86)/gnu tools arm embedded/4.9 2015q1/bin/../lib/gcc/arm-none-eabi/4.9.3/armv7-m\libgcc.a(_arm_addsubdf3.o)
                              c:/program files (x86)/gnu tools arm embedded/4.9 2015q1/bin/../lib/gcc/arm-none-eabi/4.9.3/../../../../arm-none-eabi/lib/armv7-m\libm.a(lib_a-s_atan.o) (__aeabi_dsub)
c:/program files (x86)/gnu tools arm embedded/4.9 2015q1/bin/../lib/gcc/arm-none-eabi/4.9.3/armv7-m\libgcc.a(_arm_muldivdf3.o)
                              c:/program files (x86)/gnu tools arm embedded/4.9 2015q1/bin/../lib/gcc/arm-none-eabi/4.9.3/../../../../arm-none-eabi/lib/armv7-m\libm.a(lib_a-s_atan.o) (__aeabi_dmul)
c:/program files (x86)/gnu tools arm embedded/4.9 2015q1/bin/../lib/gcc/arm-none-eabi/4.9.3/armv7-m\libgcc.a(_arm_cmpdf2.o)
                              c:/program files (x86)/gnu tools arm embedded/4.9 2015q1/bin/../lib/gcc/arm-none-eabi/4.9.3/../../../../arm-none-eabi/lib/armv7-m\libm.a(lib_a-w_sqrt.o) (__aeabi_dcmplt)
c:/program files (x86)/gnu tools arm embedded/4.9 2015q1/bin/../lib/gcc/arm-none-eabi/4.9.3/armv7-m\libgcc.a(_arm_fixdfsi.o)
                              ..\obj\main.o (__aeabi_d2iz)
c:/program files (x86)/gnu tools arm embedded/4.9 2015q1/bin/../lib/gcc/arm-none-eabi/4.9.3/armv7-m\libgcc.a(_arm_truncdfsf2.o)
                              ..\obj\main.o (__aeabi_d2f)
c:/program files (x86)/gnu tools arm embedded/4.9 2015q1/bin/../lib/gcc/arm-none-eabi/4.9.3/armv7-m\libgcc.a(_arm_addsubsf3.o)
                              ..\obj\main.o (__aeabi_fsub)
c:/program files (x86)/gnu tools arm embedded/4.9 2015q1/bin/../lib/gcc/arm-none-eabi/4.9.3/armv7-m\libgcc.a(_arm_muldivsf3.o)
                              ..\obj\main.o (__aeabi_fmul)
c:/program files (x86)/gnu tools arm embedded/4.9 2015q1/bin/../lib/gcc/arm-none-eabi/4.9.3/armv7-m\libgcc.a(_arm_fixunssfsi.o)
                              ..\obj\main.o (__aeabi_f2uiz)
c:/program files (x86)/gnu tools arm embedded/4.9 2015q1/bin/../lib/gcc/arm-none-eabi/4.9.3/../../../../arm-none-eabi/lib/armv7-m\libg.a(lib_a-errno.o)
                              ..\obj\syscalls.o (__errno)
c:/program files (x86)/gnu tools arm embedded/4.9 2015q1/bin/../lib/gcc/arm-none-eabi/4.9.3/../../../../arm-none-eabi/lib/armv7-m\libg.a(lib_a-exit.o)
                              c:/program files (x86)/gnu tools arm embedded/4.9 2015q1/bin/../lib/gcc/arm-none-eabi/4.9.3/../../../../arm-none-eabi/lib/armv7-m/crt0.o (exit)
c:/program files (x86)/gnu tools arm embedded/4.9 2015q1/bin/../lib/gcc/arm-none-eabi/4.9.3/../../../../arm-none-eabi/lib/armv7-m\libg.a(lib_a-impure.o)
[...]
Memory Configuration

Name             Origin             Length             Attributes
rom              0x08000000         0x00020000         xr
ram              0x20000000         0x00002000         xrw
*default*        0x00000000         0xffffffff

Linker script and memory map

LOAD c:/program files (x86)/gnu tools arm embedded/4.9 2015q1/bin/../lib/gcc/arm-none-eabi/4.9.3/armv7-m/crti.o
LOAD c:/program files (x86)/gnu tools arm embedded/4.9 2015q1/bin/../lib/gcc/arm-none-eabi/4.9.3/armv7-m/crtbegin.o
LOAD c:/program files (x86)/gnu tools arm embedded/4.9 2015q1/bin/../lib/gcc/arm-none-eabi/4.9.3/../../../../arm-none-eabi/lib/armv7-m/crt0.o
                0x20002000                _eram = 0x20002000

.text           0x08000000    0x14af8
 *(.isr_vector)
 .isr_vector    0x08000000      0x1d0 ..\obj\startup_stm32f100xb.o
                0x08000000                g_pfnVectors
 *(.text*)
 .text          0x080001d0       0x5c c:/program files (x86)/gnu tools arm embedded/4.9 2015q1/bin/../lib/gcc/arm-none-eabi/4.9.3/armv7-m/crtbegin.o
 .text          0x0800022c      0xbdc ..\obj\stm32f1xx_hal_dma.o
                0x0800022c                HAL_DMA_Init
                0x080002c4                HAL_DMA_DeInit
                0x080004a4                HAL_DMA_Start
                0x08000508                HAL_DMA_Start_IT
                0x0800059c                HAL_DMA_Abort
                0x08000618                HAL_DMA_PollForTransfer
                0x080009ac                HAL_DMA_IRQHandler
                0x08000d88                HAL_DMA_GetState
                0x08000da4                HAL_DMA_GetError
 .text          0x08000e08     0x3214 ..\obj\stm32f1xx_hal_i2c.o
                0x08000e08                HAL_I2C_Init
                0x08000f0c                HAL_I2C_DeInit
                0x08000f84                HAL_I2C_Master_Transmit
                0x080010f0                HAL_I2C_Master_Receive
                0x0800140c                HAL_I2C_Slave_Transmit
                0x080015ac                HAL_I2C_Slave_Receive
                0x0800172c                HAL_I2C_Master_Transmit_IT
                0x08001828                HAL_I2C_Master_Receive_IT
                0x080019b4                HAL_I2C_Slave_Transmit_IT
                0x08001a78                HAL_I2C_Slave_Receive_IT
                0x08001b3c                HAL_I2C_Master_Transmit_DMA
                0x08001c6c                HAL_I2C_Master_Receive_DMA
                0x08001dc4                HAL_I2C_Slave_Transmit_DMA
                0x08001f30                HAL_I2C_Slave_Receive_DMA
                0x08002050                HAL_I2C_Mem_Write
                0x080021b4                HAL_I2C_Mem_Read
                0x080024a0                HAL_I2C_Mem_Write_IT
                0x08002598                HAL_I2C_Mem_Read_IT
                0x08002730                HAL_I2C_Mem_Write_DMA
                0x08002858                HAL_I2C_Mem_Read_DMA
                0x080029bc                HAL_I2C_IsDeviceReady
                0x08002be0                HAL_I2C_EV_IRQHandler
                0x08002ec0                HAL_I2C_ER_IRQHandler
                0x080030a4                HAL_I2C_MasterTxCpltCallback
                0x080030b8                HAL_I2C_MasterRxCpltCallback
                0x080030cc                HAL_I2C_SlaveTxCpltCallback
                0x080030e0                HAL_I2C_SlaveRxCpltCallback
                0x080030f4                HAL_I2C_MemTxCpltCallback
                0x08003108                HAL_I2C_MemRxCpltCallback
                0x0800311c                HAL_I2C_ErrorCallback
                0x08003130                HAL_I2C_GetState
                0x0800314c                HAL_I2C_GetError
 .text          0x0800401c      0x144 ..\obj\system_stm32f1xx.o
                0x0800401c                SystemInit
                0x0800408c                SystemCoreClockUpdate
 .text          0x08004160      0x52c ..\obj\stm32f1xx_hal_cortex.o
                0x080044dc                HAL_NVIC_SetPriorityGrouping
                0x080044f0                HAL_NVIC_SetPriority
                0x08004528                HAL_NVIC_EnableIRQ
                0x08004544                HAL_NVIC_DisableIRQ
                0x08004560                HAL_NVIC_SystemReset
                0x0800456c                HAL_SYSTICK_Config
                0x08004584                HAL_NVIC_GetPriorityGrouping
                0x08004594                HAL_NVIC_GetPriority
                0x080045c4                HAL_NVIC_SetPendingIRQ
                0x080045e0                HAL_NVIC_GetPendingIRQ
                0x08004600                HAL_NVIC_ClearPendingIRQ
                0x0800461c                HAL_NVIC_GetActive
                0x0800463c                HAL_SYSTICK_CLKSourceConfig
                0x08004674                HAL_SYSTICK_IRQHandler
                0x08004680                HAL_SYSTICK_Callback
 .text          0x0800468c      0x558 ..\obj\stm32f1xx_hal_gpio.o
                0x0800468c                HAL_GPIO_Init
                0x08004948                HAL_GPIO_DeInit
                0x08004acc                HAL_GPIO_ReadPin
                0x08004afc                HAL_GPIO_WritePin
                0x08004b2c                HAL_GPIO_TogglePin
                0x08004b50                HAL_GPIO_LockPin
                0x08004ba0                HAL_GPIO_EXTI_IRQHandler
                0x08004bd0                HAL_GPIO_EXTI_Callback
 .text          0x08004be4      0x69c ..\obj\I2Cdev.o
                0x08004be4                I2Cdev_readBit
                0x08004c2c                I2Cdev_readBitW
                0x08004c74                I2Cdev_readBits
                0x08004cf0                I2Cdev_readBitsW
                0x08004d6c                I2Cdev_readByte
                0x08004da0                I2Cdev_readWord
                0x08004dd4                I2Cdev_readBytes
                0x08004e48                I2Cdev_readWords
                0x08004ec0                I2Cdev_writeBit
                0x08004f44                I2Cdev_writeBitW
                0x08004fc8                I2Cdev_writeBits
                0x08005074                I2Cdev_writeBitsW
                0x08005118                I2Cdev_writeByte
                0x08005144                I2Cdev_writeWord
                0x08005170                I2Cdev_writeBytes
                0x080051f4                I2Cdev_writeWords
 .text          0x08005280     0x14b8 ..\obj\stm32f1xx_hal_tim_ex.o
                0x08005280                HAL_TIMEx_HallSensor_Init
                0x080053b0                HAL_TIMEx_HallSensor_DeInit
                0x08005410                HAL_TIMEx_HallSensor_MspInit
                0x08005424                HAL_TIMEx_HallSensor_MspDeInit
                0x08005438                HAL_TIMEx_HallSensor_Start
                0x08005468                HAL_TIMEx_HallSensor_Stop
                0x080054b8                HAL_TIMEx_HallSensor_Start_IT
                0x080054f8                HAL_TIMEx_HallSensor_Stop_IT
                0x08005558                HAL_TIMEx_HallSensor_Start_DMA
                0x08005604                HAL_TIMEx_HallSensor_Stop_DMA
                0x08005664                HAL_TIMEx_OCN_Start
                0x080056a8                HAL_TIMEx_OCN_Stop
                0x0800572c                HAL_TIMEx_OCN_Start_IT
                0x0800580c                HAL_TIMEx_OCN_Stop_IT
                0x08005944                HAL_TIMEx_OCN_Start_DMA
                0x08005afc                HAL_TIMEx_OCN_Stop_DMA
                0x08005c14                HAL_TIMEx_PWMN_Start
                0x08005c58                HAL_TIMEx_PWMN_Stop
                0x08005cdc                HAL_TIMEx_PWMN_Start_IT
                0x08005dbc                HAL_TIMEx_PWMN_Stop_IT
                0x08005ef4                HAL_TIMEx_PWMN_Start_DMA
                0x080060ac                HAL_TIMEx_PWMN_Stop_DMA
                0x080061c4                HAL_TIMEx_OnePulseN_Start
                0x080061f8                HAL_TIMEx_OnePulseN_Stop
                0x0800627c                HAL_TIMEx_OnePulseN_Start_IT
                0x080062d0                HAL_TIMEx_OnePulseN_Stop_IT
                0x08006374                HAL_TIMEx_ConfigCommutationEvent
                0x08006414                HAL_TIMEx_ConfigCommutationEvent_IT
                0x080064c4                HAL_TIMEx_ConfigCommutationEvent_DMA
                0x0800658c                HAL_TIMEx_ConfigBreakDeadTime
                0x08006600                HAL_TIMEx_MasterConfigSynchronization
                0x0800668c                HAL_TIMEx_CommutationCallback
                0x080066a0                HAL_TIMEx_BreakCallback
                0x080066b4                TIMEx_DMACommutationCplt
                0x080066d8                HAL_TIMEx_HallSensor_GetState
 .text          0x08006738      0x240 ..\obj\stm32f1xx_hal.o
                0x08006738                HAL_Init
                0x08006754                HAL_DeInit
                0x08006790                HAL_MspDeInit
                0x0800679c                HAL_InitTick
                0x080067d4                HAL_IncTick
                0x080067f0                HAL_GetTick
                0x08006808                HAL_Delay
                0x08006834                HAL_SuspendTick
                0x08006850                HAL_ResumeTick
                0x0800686c                HAL_GetHalVersion
                0x08006880                HAL_GetREVID
                0x080068b4                HAL_GetDEVID
                0x080068d0                HAL_DBGMCU_EnableDBGSleepMode
                0x080068ec                HAL_DBGMCU_DisableDBGSleepMode
                0x08006908                HAL_DBGMCU_EnableDBGStopMode
                0x08006924                HAL_DBGMCU_DisableDBGStopMode
                0x08006940                HAL_DBGMCU_EnableDBGStandbyMode
                0x0800695c                HAL_DBGMCU_DisableDBGStandbyMode
 .text          0x08006978       0x10 ..\obj\stm32f1xx_it.o
                0x08006978                SysTick_Handler
 .text.Reset_Handler
                0x08006988       0x48 ..\obj\startup_stm32f100xb.o
                0x08006988                Reset_Handler
 .text.Default_Handler
                0x080069d0        0x2 ..\obj\startup_stm32f100xb.o
                0x080069d0                RTC_Alarm_IRQHandler
                0x080069d0                EXTI2_IRQHandler
                0x080069d0                DebugMon_Handler
                0x080069d0                TIM1_CC_IRQHandler
                0x080069d0                HardFault_Handler
                0x080069d0                PVD_IRQHandler
                0x080069d0                PendSV_Handler
                0x080069d0                NMI_Handler
                0x080069d0                EXTI3_IRQHandler
                0x080069d0                EXTI0_IRQHandler
                0x080069d0                TIM1_UP_TIM16_IRQHandler
                0x080069d0                UsageFault_Handler
                0x080069d0                SPI1_IRQHandler
                0x080069d0                TAMPER_IRQHandler
                0x080069d0                TIM6_DAC_IRQHandler
                0x080069d0                DMA1_Channel4_IRQHandler
                0x080069d0                ADC1_IRQHandler
                0x080069d0                USART3_IRQHandler
                0x080069d0                RTC_IRQHandler
                0x080069d0                DMA1_Channel7_IRQHandler
                0x080069d0                TIM4_IRQHandler
                0x080069d0                I2C1_EV_IRQHandler
                0x080069d0                DMA1_Channel6_IRQHandler
                0x080069d0                TIM3_IRQHandler
                0x080069d0                RCC_IRQHandler
                0x080069d0                DMA1_Channel1_IRQHandler
                0x080069d0                Default_Handler
                0x080069d0                CEC_IRQHandler
                0x080069d0                EXTI15_10_IRQHandler
                0x080069d0                TIM7_IRQHandler
                0x080069d0                EXTI9_5_IRQHandler
                0x080069d0                MemManage_Handler
                0x080069d0                SVC_Handler
                0x080069d0                DMA1_Channel5_IRQHandler
                0x080069d0                EXTI4_IRQHandler
                0x080069d0                TIM1_TRG_COM_TIM17_IRQHandler
                0x080069d0                DMA1_Channel3_IRQHandler
                0x080069d0                WWDG_IRQHandler
                0x080069d0                TIM2_IRQHandler
                0x080069d0                EXTI1_IRQHandler
                0x080069d0                USART2_IRQHandler
                0x080069d0                DMA1_Channel2_IRQHandler
                0x080069d0                FLASH_IRQHandler
                0x080069d0                BusFault_Handler
                0x080069d0                USART1_IRQHandler
                0x080069d0                I2C1_ER_IRQHandler
                0x080069d0                TIM1_BRK_TIM15_IRQHandler
 *fill*         0x080069d2        0x2 
 .text          0x080069d4     0x154c ..\obj\stm32f1xx_hal_uart.o
                0x080069d4                HAL_UART_Init
                0x08006a68                HAL_HalfDuplex_Init
                0x08006b0c                HAL_LIN_Init
                0x08006bc4                HAL_MultiProcessor_Init
                0x08006c84                HAL_UART_DeInit
                0x08006d14                HAL_UART_Transmit
                0x08006e64                HAL_UART_Receive
                0x08006fd4                HAL_UART_Transmit_IT
                0x08007094                HAL_UART_Receive_IT
                0x08007164                HAL_UART_Transmit_DMA
                0x08007260                HAL_UART_Receive_DMA
                0x08007348                HAL_UART_DMAPause
                0x080073e4                HAL_UART_DMAResume
                0x080074a4                HAL_UART_DMAStop
                0x080074f4                HAL_UART_IRQHandler
                0x080076d4                HAL_UART_TxCpltCallback
                0x080076e8                HAL_UART_TxHalfCpltCallback
                0x080076fc                HAL_UART_RxCpltCallback
                0x08007710                HAL_UART_RxHalfCpltCallback
                0x08007724                HAL_UART_ErrorCallback
                0x08007738                HAL_LIN_SendBreak
                0x0800778c                HAL_MultiProcessor_EnterMuteMode
                0x080077e0                HAL_MultiProcessor_ExitMuteMode
                0x08007834                HAL_HalfDuplex_EnableTransmitter
                0x0800788c                HAL_HalfDuplex_EnableReceiver
                0x080078e4                HAL_UART_GetState
                0x08007900                HAL_UART_GetError
 .text          0x08007f20     0x1404 ..\obj\main.o
                0x08007f20                main
                0x08007f98                SystemClock_Config
                0x0800819c                init_led_hal
                0x080081e8                init_led
                0x08008220                led_on
                0x0800823c                led_off
                0x08008258                led_hal
                0x08008274                init_uart
                0x08008344                usart_send_str_ok
                0x080083e4                usart_send_str
                0x080083f8                ipow
                0x08008440                square
                0x0800845c                MPU6050_getAllData
                0x080088d8                usart_wait_exec_loop
                0x08008a1c                mpu6050_loop
                0x08008a94                meansensors
                0x08008f4c                calibration
                0x080092d4                MPU6050_ResetCalculatedData
 .text          0x08009324     0x3470 ..\obj\MPU6050.o
                0x08009324                MPU6050_setAddress
                0x08009344                MPU6050_initialize
                0x0800936c                MPU6050_testConnection
                0x08009384                MPU6050_getAuxVDDIOLevel
                0x080093b0                MPU6050_setAuxVDDIOLevel
                0x080093d4                MPU6050_getRate
                0x080093f8                MPU6050_setRate
                0x0800941c                MPU6050_getExternalFrameSync
                0x0800944c                MPU6050_setExternalFrameSync
                0x08009474                MPU6050_getDLPFMode
                0x080094a4                MPU6050_setDLPFMode
                0x080094cc                MPU6050_getFullScaleGyroRange
                0x080094fc                MPU6050_setFullScaleGyroRange
                0x08009524                MPU6050_getAccelXSelfTest
                0x0800955c                MPU6050_setAccelXSelfTest
                0x08009580                MPU6050_getAccelYSelfTest
                0x080095b8                MPU6050_setAccelYSelfTest
                0x080095dc                MPU6050_getAccelZSelfTest
                0x08009614                MPU6050_setAccelZSelfTest
                0x08009638                MPU6050_getFullScaleAccelRange
                0x08009668                MPU6050_setFullScaleAccelRange
                0x08009690                MPU6050_getDHPFMode
                0x080096c0                MPU6050_setDHPFMode
                0x080096e8                MPU6050_getFreefallDetectionThreshold
                0x0800970c                MPU6050_setFreefallDetectionThreshold
                0x08009730                MPU6050_getFreefallDetectionDuration
                0x08009754                MPU6050_setFreefallDetectionDuration
                0x08009778                MPU6050_getMotionDetectionThreshold
                0x0800979c                MPU6050_setMotionDetectionThreshold
                0x080097c0                MPU6050_getMotionDetectionDuration
                0x080097e4                MPU6050_setMotionDetectionDuration
                0x08009808                MPU6050_getZeroMotionDetectionThreshold
                0x0800982c                MPU6050_setZeroMotionDetectionThreshold
                0x08009850                MPU6050_getZeroMotionDetectionDuration
                0x08009874                MPU6050_setZeroMotionDetectionDuration
                0x08009898                MPU6050_getTempFIFOEnabled
                0x080098d0                MPU6050_setTempFIFOEnabled
                0x080098f4                MPU6050_getXGyroFIFOEnabled
                0x0800992c                MPU6050_setXGyroFIFOEnabled
                0x08009950                MPU6050_getYGyroFIFOEnabled
                0x08009988                MPU6050_setYGyroFIFOEnabled
                0x080099ac                MPU6050_getZGyroFIFOEnabled
                0x080099e4                MPU6050_setZGyroFIFOEnabled
                0x08009a08                MPU6050_getAccelFIFOEnabled
                0x08009a40                MPU6050_setAccelFIFOEnabled
                0x08009a64                MPU6050_getSlave2FIFOEnabled
                0x08009a9c                MPU6050_setSlave2FIFOEnabled
                0x08009ac0                MPU6050_getSlave1FIFOEnabled
                0x08009af8                MPU6050_setSlave1FIFOEnabled
                0x08009b1c                MPU6050_getSlave0FIFOEnabled
                0x08009b54                MPU6050_setSlave0FIFOEnabled
                0x08009b78                MPU6050_getMultiMasterEnabled
                0x08009bb0                MPU6050_setMultiMasterEnabled
                0x08009bd4                MPU6050_getWaitForExternalSensorEnabled
                0x08009c0c                MPU6050_setWaitForExternalSensorEnabled
                0x08009c30                MPU6050_getSlave3FIFOEnabled
                0x08009c68                MPU6050_setSlave3FIFOEnabled
                0x08009c8c                MPU6050_getSlaveReadWriteTransitionEnabled
                0x08009cc4                MPU6050_setSlaveReadWriteTransitionEnabled
                0x08009ce8                MPU6050_getMasterClockSpeed
                0x08009d18                MPU6050_setMasterClockSpeed
                0x08009d40                MPU6050_getSlaveAddress
                0x08009d88                MPU6050_setSlaveAddress
                0x08009dc8                MPU6050_getSlaveRegister
                0x08009e10                MPU6050_setSlaveRegister
                0x08009e50                MPU6050_getSlaveEnabled
                0x08009ea4                MPU6050_setSlaveEnabled
                0x08009ee4                MPU6050_getSlaveWordByteSwap
                0x08009f38                MPU6050_setSlaveWordByteSwap
                0x08009f78                MPU6050_getSlaveWriteMode
                0x08009fcc                MPU6050_setSlaveWriteMode
                0x0800a00c                MPU6050_getSlaveWordGroupOffset
                0x0800a060                MPU6050_setSlaveWordGroupOffset
                0x0800a0a0                MPU6050_getSlaveDataLength
                0x0800a0f0                MPU6050_setSlaveDataLength
                0x0800a134                MPU6050_getSlave4Address
                0x0800a158                MPU6050_setSlave4Address
                0x0800a17c                MPU6050_getSlave4Register
                0x0800a1a0                MPU6050_setSlave4Register
                0x0800a1c4                MPU6050_setSlave4OutputByte
                0x0800a1e8                MPU6050_getSlave4Enabled
                0x0800a220                MPU6050_setSlave4Enabled
                0x0800a244                MPU6050_getSlave4InterruptEnabled
                0x0800a27c                MPU6050_setSlave4InterruptEnabled
                0x0800a2a0                MPU6050_getSlave4WriteMode
                0x0800a2d8                MPU6050_setSlave4WriteMode
                0x0800a2fc                MPU6050_getSlave4MasterDelay
                0x0800a32c                MPU6050_setSlave4MasterDelay
                0x0800a354                MPU6050_getSlate4InputByte
                0x0800a378                MPU6050_getPassthroughStatus
                0x0800a3b0                MPU6050_getSlave4IsDone
                0x0800a3e8                MPU6050_getLostArbitration
                0x0800a420                MPU6050_getSlave4Nack
                0x0800a458                MPU6050_getSlave3Nack
                0x0800a490                MPU6050_getSlave2Nack
                0x0800a4c8                MPU6050_getSlave1Nack
                0x0800a500                MPU6050_getSlave0Nack
                0x0800a538                MPU6050_getInterruptMode
                0x0800a570                MPU6050_setInterruptMode
                0x0800a594                MPU6050_getInterruptDrive
                0x0800a5cc                MPU6050_setInterruptDrive
                0x0800a5f0                MPU6050_getInterruptLatch
                0x0800a628                MPU6050_setInterruptLatch
                0x0800a64c                MPU6050_getInterruptLatchClear
                0x0800a684                MPU6050_setInterruptLatchClear
                0x0800a6a8                MPU6050_getFSyncInterruptLevel
                0x0800a6e0                MPU6050_setFSyncInterruptLevel
                0x0800a704                MPU6050_getFSyncInterruptEnabled
                0x0800a73c                MPU6050_setFSyncInterruptEnabled
                0x0800a760                MPU6050_getI2CBypassEnabled
                0x0800a798                MPU6050_setI2CBypassEnabled
                0x0800a7bc                MPU6050_getClockOutputEnabled
                0x0800a7f4                MPU6050_setClockOutputEnabled
                0x0800a818                MPU6050_getIntEnabled
                0x0800a83c                MPU6050_setIntEnabled
                0x0800a860                MPU6050_getIntFreefallEnabled
                0x0800a898                MPU6050_setIntFreefallEnabled
                0x0800a8bc                MPU6050_getIntMotionEnabled
                0x0800a8f4                MPU6050_setIntMotionEnabled
                0x0800a918                MPU6050_getIntZeroMotionEnabled
                0x0800a950                MPU6050_setIntZeroMotionEnabled
                0x0800a974                MPU6050_getIntFIFOBufferOverflowEnabled
                0x0800a9ac                MPU6050_setIntFIFOBufferOverflowEnabled
                0x0800a9d0                MPU6050_getIntI2CMasterEnabled
                0x0800aa08                MPU6050_setIntI2CMasterEnabled
                0x0800aa2c                MPU6050_getIntDataReadyEnabled
                0x0800aa64                MPU6050_setIntDataReadyEnabled
                0x0800aa88                MPU6050_getIntStatus
                0x0800aaac                MPU6050_getIntFreefallStatus
                0x0800aae4                MPU6050_getIntMotionStatus
                0x0800ab1c                MPU6050_getIntZeroMotionStatus
                0x0800ab54                MPU6050_getIntFIFOBufferOverflowStatus
                0x0800ab8c                MPU6050_getIntI2CMasterStatus
                0x0800abc4                MPU6050_getIntDataReadyStatus
                0x0800abfc                MPU6050_getMotion9
                0x0800ac24                MPU6050_getMotion6
                0x0800acd8                MPU6050_getAcceleration
                0x0800ad48                MPU6050_getAccelerationX
                0x0800ad84                MPU6050_getAccelerationY
                0x0800adc0                MPU6050_getAccelerationZ
                0x0800adfc                MPU6050_getTemperature
                0x0800ae38                MPU6050_getRotation
                0x0800aea8                MPU6050_getRotationX
                0x0800aee4                MPU6050_getRotationY
                0x0800af20                MPU6050_getRotationZ
                0x0800af5c                MPU6050_getExternalSensorByte
                0x0800af90                MPU6050_getExternalSensorWord
                0x0800afd8                MPU6050_getExternalSensorDWord
                0x0800b028                MPU6050_getMotionStatus
                0x0800b04c                MPU6050_getXNegMotionDetected
                0x0800b084                MPU6050_getXPosMotionDetected
                0x0800b0bc                MPU6050_getYNegMotionDetected
                0x0800b0f4                MPU6050_getYPosMotionDetected
                0x0800b12c                MPU6050_getZNegMotionDetected
                0x0800b164                MPU6050_getZPosMotionDetected
                0x0800b19c                MPU6050_getZeroMotionDetected
                0x0800b1d4                MPU6050_setSlaveOutputByte
                0x0800b20c                MPU6050_getExternalShadowDelayEnabled
                0x0800b244                MPU6050_setExternalShadowDelayEnabled
                0x0800b268                MPU6050_getSlaveDelayEnabled
                0x0800b2b0                MPU6050_setSlaveDelayEnabled
                0x0800b2dc                MPU6050_resetGyroscopePath
                0x0800b2f8                MPU6050_resetAccelerometerPath
                0x0800b314                MPU6050_resetTemperaturePath
                0x0800b330                MPU6050_getAccelerometerPowerOnDelay
                0x0800b360                MPU6050_setAccelerometerPowerOnDelay
                0x0800b388                MPU6050_getFreefallDetectionCounterDecrement
                0x0800b3b8                MPU6050_setFreefallDetectionCounterDecrement
                0x0800b3e0                MPU6050_getMotionDetectionCounterDecrement
                0x0800b410                MPU6050_setMotionDetectionCounterDecrement
                0x0800b438                MPU6050_getFIFOEnabled
                0x0800b470                MPU6050_setFIFOEnabled
                0x0800b494                MPU6050_getI2CMasterModeEnabled
                0x0800b4cc                MPU6050_setI2CMasterModeEnabled
                0x0800b4f0                MPU6050_switchSPIEnabled
                0x0800b514                MPU6050_resetFIFO
                0x0800b530                MPU6050_resetI2CMaster
                0x0800b54c                MPU6050_resetSensors
                0x0800b568                MPU6050_reset
                0x0800b584                MPU6050_getSleepEnabled
                0x0800b5bc                MPU6050_setSleepEnabled
                0x0800b5e0                MPU6050_getWakeCycleEnabled
                0x0800b618                MPU6050_setWakeCycleEnabled
                0x0800b63c                MPU6050_getTempSensorEnabled
                0x0800b674                MPU6050_setTempSensorEnabled
                0x0800b6a0                MPU6050_getClockSource
                0x0800b6d0                MPU6050_setClockSource
                0x0800b6f8                MPU6050_getWakeFrequency
                0x0800b728                MPU6050_setWakeFrequency
                0x0800b750                MPU6050_getStandbyXAccelEnabled
                0x0800b788                MPU6050_setStandbyXAccelEnabled
                0x0800b7ac                MPU6050_getStandbyYAccelEnabled
                0x0800b7e4                MPU6050_setStandbyYAccelEnabled
                0x0800b808                MPU6050_getStandbyZAccelEnabled
                0x0800b840                MPU6050_setStandbyZAccelEnabled
                0x0800b864                MPU6050_getStandbyXGyroEnabled
                0x0800b89c                MPU6050_setStandbyXGyroEnabled
                0x0800b8c0                MPU6050_getStandbyYGyroEnabled
                0x0800b8f8                MPU6050_setStandbyYGyroEnabled
                0x0800b91c                MPU6050_getStandbyZGyroEnabled
                0x0800b954                MPU6050_setStandbyZGyroEnabled
                0x0800b978                MPU6050_getFIFOCount
                0x0800b9b4                MPU6050_getFIFOByte
                0x0800b9d8                MPU6050_getFIFOBytes
                0x0800ba04                MPU6050_setFIFOByte
                0x0800ba28                MPU6050_getDeviceID
                0x0800ba58                MPU6050_setDeviceID
                0x0800ba80                MPU6050_getOTPBankValid
                0x0800baac                MPU6050_setOTPBankValid
                0x0800bad0                MPU6050_getXGyroOffsetTC
                0x0800bb04                MPU6050_setXGyroOffsetTC
                0x0800bb2c                MPU6050_getYGyroOffsetTC
                0x0800bb60                MPU6050_setYGyroOffsetTC
                0x0800bb88                MPU6050_getZGyroOffsetTC
                0x0800bbbc                MPU6050_setZGyroOffsetTC
                0x0800bbe4                MPU6050_getXFineGain
                0x0800bc0c                MPU6050_setXFineGain
                0x0800bc30                MPU6050_getYFineGain
                0x0800bc58                MPU6050_setYFineGain
                0x0800bc7c                MPU6050_getZFineGain
                0x0800bca4                MPU6050_setZFineGain
                0x0800bcc8                MPU6050_getXAccelOffset
                0x0800bd04                MPU6050_setXAccelOffset
                0x0800bd28                MPU6050_getYAccelOffset
                0x0800bd64                MPU6050_setYAccelOffset
                0x0800bd88                MPU6050_getZAccelOffset
                0x0800bdc4                MPU6050_setZAccelOffset
                0x0800bde8                MPU6050_getXGyroOffset
                0x0800be24                MPU6050_setXGyroOffset
                0x0800be48                MPU6050_getYGyroOffset
                0x0800be84                MPU6050_setYGyroOffset
                0x0800bea8                MPU6050_getZGyroOffset
                0x0800bee4                MPU6050_setZGyroOffset
                0x0800bf08                MPU6050_getIntPLLReadyEnabled
                0x0800bf40                MPU6050_setIntPLLReadyEnabled
                0x0800bf64                MPU6050_getIntDMPEnabled
                0x0800bf9c                MPU6050_setIntDMPEnabled
                0x0800bfc0                MPU6050_getDMPInt5Status
                0x0800bff8                MPU6050_getDMPInt4Status
                0x0800c030                MPU6050_getDMPInt3Status
                0x0800c068                MPU6050_getDMPInt2Status
                0x0800c0a0                MPU6050_getDMPInt1Status
                0x0800c0d8                MPU6050_getDMPInt0Status
                0x0800c110                MPU6050_getIntPLLReadyStatus
                0x0800c148                MPU6050_getIntDMPStatus
                0x0800c180                MPU6050_getDMPEnabled
                0x0800c1b8                MPU6050_setDMPEnabled
                0x0800c1dc                MPU6050_resetDMP
                0x0800c1f8                MPU6050_setMemoryBank
                0x0800c248                MPU6050_setMemoryStartAddress
                0x0800c26c                MPU6050_readMemoryByte
                0x0800c290                MPU6050_writeMemoryByte
                0x0800c2b4                MPU6050_readMemoryBlock
                0x0800c37c                MPU6050_writeMemoryBlock
                0x0800c51c                MPU6050_writeProgMemoryBlock
                0x0800c558                MPU6050_writeDMPConfigurationSet
                0x0800c6e0                MPU6050_writeProgDMPConfigurationSet
                0x0800c704                MPU6050_getDMPConfig1
                0x0800c728                MPU6050_setDMPConfig1
                0x0800c74c                MPU6050_getDMPConfig2
                0x0800c770                MPU6050_setDMPConfig2
 .text          0x0800c794      0x2a4 ..\obj\syscalls.o
                0x0800c794                _exit
                0x0800c7a0                _close
                0x0800c7b8                _execve
                0x0800c7dc                _fork
                0x0800c7f4                _fstat
                0x0800c814                _getpid
                0x0800c824                _isatty
                0x0800c84c                _kill
                0x0800c86c                _link
                0x0800c88c                _lseek
                0x0800c8a8                _sbrk
                0x0800c918                _read
                0x0800c960                _stat
                0x0800c980                _times
                0x0800c998                _unlink
                0x0800c9b8                _wait
                0x0800c9d8                _write
 .text          0x0800ca38      0x260 ..\obj\stm32f1xx_hal_msp.o
                0x0800ca38                HAL_MspInit
                0x0800ca88                HAL_I2C_MspInit
                0x0800cb20                HAL_I2C_MspDeInit
                0x0800cb80                HAL_TIM_Base_MspInit
                0x0800cbbc                HAL_TIM_Base_MspDeInit
                0x0800cbec                HAL_UART_MspInit
                0x0800cc5c                HAL_UART_MspDeInit
 .text          0x0800cc98     0x4114 ..\obj\stm32f1xx_hal_tim.o
                0x0800cc98                HAL_TIM_Base_Init
                0x0800ccf0                HAL_TIM_Base_DeInit
                0x0800cd78                HAL_TIM_Base_Start
                0x0800cdb0                HAL_TIM_Base_Stop
                0x0800ce08                HAL_TIM_Base_Start_IT
                0x0800ce40                HAL_TIM_Base_Stop_IT
                0x0800ce98                HAL_TIM_Base_Start_DMA
                0x0800cf38                HAL_TIM_Base_Stop_DMA
                0x0800cf98                HAL_TIM_OC_Init
                0x0800cff0                HAL_TIM_OC_DeInit
                0x0800d050                HAL_TIM_OC_MspInit
                0x0800d064                HAL_TIM_OC_MspDeInit
                0x0800d078                HAL_TIM_OC_Start
                0x0800d0fc                HAL_TIM_OC_Stop
                0x0800d1c0                HAL_TIM_OC_Start_IT
                0x0800d2d0                HAL_TIM_OC_Stop_IT
                0x0800d420                HAL_TIM_OC_Start_DMA
                0x0800d618                HAL_TIM_OC_Stop_DMA
                0x0800d770                HAL_TIM_PWM_Init
                0x0800d7c8                HAL_TIM_PWM_DeInit
                0x0800d828                HAL_TIM_PWM_MspInit
                0x0800d83c                HAL_TIM_PWM_MspDeInit
                0x0800d850                HAL_TIM_PWM_Start
                0x0800d8d4                HAL_TIM_PWM_Stop
                0x0800d9a0                HAL_TIM_PWM_Start_IT
                0x0800dab0                HAL_TIM_PWM_Stop_IT
                0x0800dc00                HAL_TIM_PWM_Start_DMA
                0x0800ddf8                HAL_TIM_PWM_Stop_DMA
                0x0800df50                HAL_TIM_IC_Init
                0x0800dfa8                HAL_TIM_IC_DeInit
                0x0800e008                HAL_TIM_IC_MspInit
                0x0800e01c                HAL_TIM_IC_MspDeInit
                0x0800e030                HAL_TIM_IC_Start
                0x0800e064                HAL_TIM_IC_Stop
                0x0800e0b8                HAL_TIM_IC_Start_IT
                0x0800e178                HAL_TIM_IC_Stop_IT
                0x0800e258                HAL_TIM_IC_Start_DMA
                0x0800e3f8                HAL_TIM_IC_Stop_DMA
                0x0800e4e0                HAL_TIM_OnePulse_Init
                0x0800e558                HAL_TIM_OnePulse_DeInit
                0x0800e5b8                HAL_TIM_OnePulse_MspInit
                0x0800e5cc                HAL_TIM_OnePulse_MspDeInit
                0x0800e5e0                HAL_TIM_OnePulse_Start
                0x0800e664                HAL_TIM_OnePulse_Stop
                0x0800e738                HAL_TIM_OnePulse_Start_IT
                0x0800e7dc                HAL_TIM_OnePulse_Stop_IT
                0x0800e8d0                HAL_TIM_Encoder_Init
                0x0800e9fc                HAL_TIM_Encoder_DeInit
                0x0800ea5c                HAL_TIM_Encoder_MspInit
                0x0800ea70                HAL_TIM_Encoder_MspDeInit
                0x0800ea84                HAL_TIM_Encoder_Start
                0x0800eaf4                HAL_TIM_Encoder_Stop
                0x0800eb84                HAL_TIM_Encoder_Start_IT
                0x0800ec34                HAL_TIM_Encoder_Stop_IT
                0x0800ed08                HAL_TIM_Encoder_Start_DMA
                0x0800eec0                HAL_TIM_Encoder_Stop_DMA
                0x0800ef94                HAL_TIM_IRQHandler
                0x0800f1a4                HAL_TIM_OC_ConfigChannel
                0x0800f264                HAL_TIM_IC_ConfigChannel
                0x0800f39c                HAL_TIM_PWM_ConfigChannel
                0x0800f528                HAL_TIM_OnePulse_ConfigChannel
                0x0800f6a8                HAL_TIM_DMABurst_WriteStart
                0x0800f8b4                HAL_TIM_DMABurst_WriteStop
                0x0800f964                HAL_TIM_DMABurst_ReadStart
                0x0800fb64                HAL_TIM_DMABurst_ReadStop
                0x0800fc14                HAL_TIM_GenerateEvent
                0x0800fc64                HAL_TIM_ConfigOCrefClear
                0x0800fdec                HAL_TIM_ConfigClockSource
                0x0800ffb0                HAL_TIM_ConfigTI1Input
                0x0800ffec                HAL_TIM_SlaveConfigSynchronization
                0x08010058                HAL_TIM_SlaveConfigSynchronization_IT
                0x080100c4                HAL_TIM_ReadCapturedValue
                0x08010168                HAL_TIM_PeriodElapsedCallback
                0x0801017c                HAL_TIM_OC_DelayElapsedCallback
                0x08010190                HAL_TIM_IC_CaptureCallback
                0x080101a4                HAL_TIM_PWM_PulseFinishedCallback
                0x080101b8                HAL_TIM_TriggerCallback
                0x080101cc                HAL_TIM_ErrorCallback
                0x080101e0                HAL_TIM_Base_GetState
                0x080101fc                HAL_TIM_OC_GetState
                0x08010218                HAL_TIM_PWM_GetState
                0x08010234                HAL_TIM_IC_GetState
                0x08010250                HAL_TIM_OnePulse_GetState
                0x0801026c                HAL_TIM_Encoder_GetState
                0x08010288                TIM_DMAError
                0x080102ac                TIM_DMADelayPulseCplt
                0x0801031c                TIM_DMACaptureCplt
                0x080103d4                TIM_Base_SetConfig
                0x080105e0                TIM_OC2_SetConfig
                0x080109d0                TIM_TI1_SetConfig
                0x08010d68                TIM_CCxChannelCmd
 .text          0x08010dac     0x17c8 ..\obj\stm32f1xx_hal_rcc.o
                0x08010dac                HAL_RCC_DeInit
                0x08010e20                HAL_RCC_OscConfig
                0x08011e48                HAL_RCC_ClockConfig
                0x08012124                HAL_RCC_MCOConfig
                0x080121a0                HAL_RCC_EnableCSS
                0x080121d4                HAL_RCC_DisableCSS
                0x08012208                HAL_RCC_GetSysClockFreq
                0x08012304                HAL_RCC_GetHCLKFreq
                0x08012354                HAL_RCC_GetPCLK1Freq
                0x08012398                HAL_RCC_GetPCLK2Freq
                0x080123dc                HAL_RCC_GetOscConfig
                0x080124ec                HAL_RCC_GetClockConfig
                0x08012544                HAL_RCC_NMI_IRQHandler
                0x08012568                HAL_RCC_CSSCallback
 *fill*         0x08012574        0x4 
 .text.atan     0x08012578      0x338 c:/program files (x86)/gnu tools arm embedded/4.9 2015q1/bin/../lib/gcc/arm-none-eabi/4.9.3/../../../../arm-none-eabi/lib/armv7-m\libm.a(lib_a-s_atan.o)
                0x08012578                atan
 .text.fabs     0x080128b0        0x8 c:/program files (x86)/gnu tools arm embedded/4.9 2015q1/bin/../lib/gcc/arm-none-eabi/4.9.3/../../../../arm-none-eabi/lib/armv7-m\libm.a(lib_a-s_fabs.o)
                0x080128b0                fabs
 .text.sqrt     0x080128b8       0xac c:/program files (x86)/gnu tools arm embedded/4.9 2015q1/bin/../lib/gcc/arm-none-eabi/4.9.3/../../../../arm-none-eabi/lib/armv7-m\libm.a(lib_a-w_sqrt.o)
                0x080128b8                sqrt
 .text.__ieee754_sqrt
                0x08012964      0x18c c:/program files (x86)/gnu tools arm embedded/4.9 2015q1/bin/../lib/gcc/arm-none-eabi/4.9.3/../../../../arm-none-eabi/lib/armv7-m\libm.a(lib_a-e_sqrt.o)
                0x08012964                __ieee754_sqrt
 .text.__fpclassifyd
                0x08012af0       0x58 c:/program files (x86)/gnu tools arm embedded/4.9 2015q1/bin/../lib/gcc/arm-none-eabi/4.9.3/../../../../arm-none-eabi/lib/armv7-m\libm.a(lib_a-s_fpclassify.o)
                0x08012af0                __fpclassifyd
 .text.matherr  0x08012b48        0x4 c:/program files (x86)/gnu tools arm embedded/4.9 2015q1/bin/../lib/gcc/arm-none-eabi/4.9.3/../../../../arm-none-eabi/lib/armv7-m\libm.a(lib_a-s_matherr.o)
                0x08012b48                matherr
 .text          0x08012b4c      0x370 c:/program files (x86)/gnu tools arm embedded/4.9 2015q1/bin/../lib/gcc/arm-none-eabi/4.9.3/armv7-m\libgcc.a(_arm_addsubdf3.o)
                0x08012b4c                __aeabi_drsub
                0x08012b54                __aeabi_dsub
                0x08012b54                __subdf3
                0x08012b58                __aeabi_dadd
                0x08012b58                __adddf3
                0x08012dd0                __floatunsidf
                0x08012dd0                __aeabi_ui2d
                0x08012df0                __floatsidf
                0x08012df0                __aeabi_i2d
                0x08012e14                __aeabi_f2d
                0x08012e14                __extendsfdf2
                0x08012e50                __floatundidf
                0x08012e50                __aeabi_ul2d
                0x08012e60                __floatdidf
                0x08012e60                __aeabi_l2d
 .text          0x08012ebc      0x424 c:/program files (x86)/gnu tools arm embedded/4.9 2015q1/bin/../lib/gcc/arm-none-eabi/4.9.3/armv7-m\libgcc.a(_arm_muldivdf3.o)
                0x08012ebc                __aeabi_dmul
                0x08012ebc                __muldf3
                0x08013110                __divdf3
                0x08013110                __aeabi_ddiv
 .text          0x080132e0      0x110 c:/program files (x86)/gnu tools arm embedded/4.9 2015q1/bin/../lib/gcc/arm-none-eabi/4.9.3/armv7-m\libgcc.a(_arm_cmpdf2.o)
                0x080132e0                __gtdf2
                0x080132e0                __gedf2
                0x080132e8                __ltdf2
                0x080132e8                __ledf2
                0x080132f0                __nedf2
                0x080132f0                __eqdf2
                0x080132f0                __cmpdf2
                0x0801336c                __aeabi_cdrcmple
                0x0801337c                __aeabi_cdcmpeq
                0x0801337c                __aeabi_cdcmple
                0x0801338c                __aeabi_dcmpeq
                0x080133a0                __aeabi_dcmplt
                0x080133b4                __aeabi_dcmple
                0x080133c8                __aeabi_dcmpge
                0x080133dc                __aeabi_dcmpgt
 .text          0x080133f0       0x50 c:/program files (x86)/gnu tools arm embedded/4.9 2015q1/bin/../lib/gcc/arm-none-eabi/4.9.3/armv7-m\libgcc.a(_arm_fixdfsi.o)
                0x080133f0                __aeabi_d2iz
                0x080133f0                __fixdfsi
 .text          0x08013440       0xa0 c:/program files (x86)/gnu tools arm embedded/4.9 2015q1/bin/../lib/gcc/arm-none-eabi/4.9.3/armv7-m\libgcc.a(_arm_truncdfsf2.o)
                0x08013440                __truncdfsf2
                0x08013440                __aeabi_d2f
 .text          0x080134e0      0x21c c:/program files (x86)/gnu tools arm embedded/4.9 2015q1/bin/../lib/gcc/arm-none-eabi/4.9.3/armv7-m\libgcc.a(_arm_addsubsf3.o)
                0x080134e0                __aeabi_frsub
                0x080134e8                __subsf3
                0x080134e8                __aeabi_fsub
                0x080134ec                __aeabi_fadd
                0x080134ec                __addsf3
                0x0801364c                __aeabi_ui2f
                0x0801364c                __floatunsisf
                0x08013654                __aeabi_i2f
                0x08013654                __floatsisf
                0x08013670                __aeabi_ul2f
                0x08013670                __floatundisf
                0x08013680                __aeabi_l2f
                0x08013680                __floatdisf
 .text          0x080136fc      0x2a0 c:/program files (x86)/gnu tools arm embedded/4.9 2015q1/bin/../lib/gcc/arm-none-eabi/4.9.3/armv7-m\libgcc.a(_arm_muldivsf3.o)
                0x080136fc                __mulsf3
                0x080136fc                __aeabi_fmul
                0x08013864                __aeabi_fdiv
                0x08013864                __divsf3
 .text          0x0801399c       0x40 c:/program files (x86)/gnu tools arm embedded/4.9 2015q1/bin/../lib/gcc/arm-none-eabi/4.9.3/armv7-m\libgcc.a(_arm_fixunssfsi.o)
                0x0801399c                __fixunssfsi
                0x0801399c                __aeabi_f2uiz
 .text.__errno  0x080139dc        0xc c:/program files (x86)/gnu tools arm embedded/4.9 2015q1/bin/../lib/gcc/arm-none-eabi/4.9.3/../../../../arm-none-eabi/lib/armv7-m\libg.a(lib_a-errno.o)
                0x080139dc                __errno
 .text.__libc_init_array
                0x080139e8       0x50 c:/program files (x86)/gnu tools arm embedded/4.9 2015q1/bin/../lib/gcc/arm-none-eabi/4.9.3/../../../../arm-none-eabi/lib/armv7-m\libg.a(lib_a-init.o)
                0x080139e8                __libc_init_array
 .text.malloc   0x08013a38       0x10 c:/program files (x86)/gnu tools arm embedded/4.9 2015q1/bin/../lib/gcc/arm-none-eabi/4.9.3/../../../../arm-none-eabi/lib/armv7-m\libg.a(lib_a-malloc.o)
                0x08013a38                malloc
 .text.free     0x08013a48       0x10 c:/program files (x86)/gnu tools arm embedded/4.9 2015q1/bin/../lib/gcc/arm-none-eabi/4.9.3/../../../../arm-none-eabi/lib/armv7-m\libg.a(lib_a-malloc.o)
                0x08013a48                free
 .text._malloc_r
                0x08013a58      0x50c c:/program files (x86)/gnu tools arm embedded/4.9 2015q1/bin/../lib/gcc/arm-none-eabi/4.9.3/../../../../arm-none-eabi/lib/armv7-m\libg.a(lib_a-mallocr.o)
                0x08013a58                _malloc_r
 .text.memcmp   0x08013f64       0x64 c:/program files (x86)/gnu tools arm embedded/4.9 2015q1/bin/../lib/gcc/arm-none-eabi/4.9.3/../../../../arm-none-eabi/lib/armv7-m\libg.a(lib_a-memcmp.o)
                0x08013f64                memcmp
 .text          0x08013fc8       0xec c:/program files (x86)/gnu tools arm embedded/4.9 2015q1/bin/../lib/gcc/arm-none-eabi/4.9.3/../../../../arm-none-eabi/lib/armv7-m\libg.a(lib_a-memcpy.o)
                0x08013fc8                memcpy
 .text.memset   0x080140b4       0x9c c:/program files (x86)/gnu tools arm embedded/4.9 2015q1/bin/../lib/gcc/arm-none-eabi/4.9.3/../../../../arm-none-eabi/lib/armv7-m\libg.a(lib_a-memset.o)
                0x080140b4                memset
 .text.__malloc_lock
                0x08014150        0x4 c:/program files (x86)/gnu tools arm embedded/4.9 2015q1/bin/../lib/gcc/arm-none-eabi/4.9.3/../../../../arm-none-eabi/lib/armv7-m\libg.a(lib_a-mlock.o)
                0x08014150                __malloc_lock
 .text.__malloc_unlock
                0x08014154        0x4 c:/program files (x86)/gnu tools arm embedded/4.9 2015q1/bin/../lib/gcc/arm-none-eabi/4.9.3/../../../../arm-none-eabi/lib/armv7-m\libg.a(lib_a-mlock.o)
                0x08014154                __malloc_unlock
 .text.realloc  0x08014158       0x10 c:/program files (x86)/gnu tools arm embedded/4.9 2015q1/bin/../lib/gcc/arm-none-eabi/4.9.3/../../../../arm-none-eabi/lib/armv7-m\libg.a(lib_a-realloc.o)
                0x08014158                realloc
 .text._realloc_r
                0x08014168      0x3e0 c:/program files (x86)/gnu tools arm embedded/4.9 2015q1/bin/../lib/gcc/arm-none-eabi/4.9.3/../../../../arm-none-eabi/lib/armv7-m\libg.a(lib_a-reallocr.o)
                0x08014168                _realloc_r
 .text._sbrk_r  0x08014548       0x24 c:/program files (x86)/gnu tools arm embedded/4.9 2015q1/bin/../lib/gcc/arm-none-eabi/4.9.3/../../../../arm-none-eabi/lib/armv7-m\libg.a(lib_a-sbrkr.o)
                0x08014548                _sbrk_r
 .text.strlen   0x0801456c       0x5c c:/program files (x86)/gnu tools arm embedded/4.9 2015q1/bin/../lib/gcc/arm-none-eabi/4.9.3/../../../../arm-none-eabi/lib/armv7-m\libg.a(lib_a-strlen.o)
                0x0801456c                strlen
 .text.strncpy  0x080145c8       0x68 c:/program files (x86)/gnu tools arm embedded/4.9 2015q1/bin/../lib/gcc/arm-none-eabi/4.9.3/../../../../arm-none-eabi/lib/armv7-m\libg.a(lib_a-strncpy.o)
                0x080145c8                strncpy
 .text.startup.register_fini
                0x08014630       0x14 c:/program files (x86)/gnu tools arm embedded/4.9 2015q1/bin/../lib/gcc/arm-none-eabi/4.9.3/../../../../arm-none-eabi/lib/armv7-m\libg.a(lib_a-__call_atexit.o)
 .text.atexit   0x08014644        0xc c:/program files (x86)/gnu tools arm embedded/4.9 2015q1/bin/../lib/gcc/arm-none-eabi/4.9.3/../../../../arm-none-eabi/lib/armv7-m\libg.a(lib_a-atexit.o)
                0x08014644                atexit
 .text.__libc_fini_array
                0x08014650       0x2c c:/program files (x86)/gnu tools arm embedded/4.9 2015q1/bin/../lib/gcc/arm-none-eabi/4.9.3/../../../../arm-none-eabi/lib/armv7-m\libg.a(lib_a-fini.o)
                0x08014650                __libc_fini_array
 .text._malloc_trim_r
                0x0801467c       0x9c c:/program files (x86)/gnu tools arm embedded/4.9 2015q1/bin/../lib/gcc/arm-none-eabi/4.9.3/../../../../arm-none-eabi/lib/armv7-m\libg.a(lib_a-freer.o)
                0x0801467c                _malloc_trim_r
 .text._free_r  0x08014718      0x1b0 c:/program files (x86)/gnu tools arm embedded/4.9 2015q1/bin/../lib/gcc/arm-none-eabi/4.9.3/../../../../arm-none-eabi/lib/armv7-m\libg.a(lib_a-freer.o)
                0x08014718                _free_r
 .text.memmove  0x080148c8       0xc8 c:/program files (x86)/gnu tools arm embedded/4.9 2015q1/bin/../lib/gcc/arm-none-eabi/4.9.3/../../../../arm-none-eabi/lib/armv7-m\libg.a(lib_a-memmove.o)
                0x080148c8                memmove
 .text.__register_exitproc
                0x08014990       0xa4 c:/program files (x86)/gnu tools arm embedded/4.9 2015q1/bin/../lib/gcc/arm-none-eabi/4.9.3/../../../../arm-none-eabi/lib/armv7-m\libg.a(lib_a-__atexit.o)
                0x08014990                __register_exitproc
 *(.init)
 .init          0x08014a34        0x4 c:/program files (x86)/gnu tools arm embedded/4.9 2015q1/bin/../lib/gcc/arm-none-eabi/4.9.3/armv7-m/crti.o
                0x08014a34                _init
 .init          0x08014a38        0x8 c:/program files (x86)/gnu tools arm embedded/4.9 2015q1/bin/../lib/gcc/arm-none-eabi/4.9.3/armv7-m/crtn.o
 *(.fini)
 .fini          0x08014a40        0x4 c:/program files (x86)/gnu tools arm embedded/4.9 2015q1/bin/../lib/gcc/arm-none-eabi/4.9.3/armv7-m/crti.o
                0x08014a40                _fini
 .fini          0x08014a44        0x8 c:/program files (x86)/gnu tools arm embedded/4.9 2015q1/bin/../lib/gcc/arm-none-eabi/4.9.3/armv7-m/crtn.o
 *crtbegin.o(.ctors)
 *crtbegin?.o(.ctors)
 *(EXCLUDE_FILE(*crtend.o *crtend?.o) .ctors)
 *(SORT(.ctors.*))
 *(.ctors)
 *crtbegin.o(.dtors)
 *crtbegin?.o(.dtors)
 *(EXCLUDE_FILE(*crtend.o *crtend?.o) .dtors)
 *(SORT(.dtors.*))
 *(.dtors)
 *(.rodata*)
 .rodata        0x08014a4c       0x10 ..\obj\system_stm32f1xx.o
                0x08014a4c                AHBPrescTable
 .rodata        0x08014a5c       0x1c ..\obj\syscalls.o
 .rodata        0x08014a78       0x30 ..\obj\stm32f1xx_hal_rcc.o
                0x08014a78                aAPBAHBPrescTable
 .rodata.atanlo
                0x08014aa8       0x20 c:/program files (x86)/gnu tools arm embedded/4.9 2015q1/bin/../lib/gcc/arm-none-eabi/4.9.3/../../../../arm-none-eabi/lib/armv7-m\libm.a(lib_a-s_atan.o)
 .rodata.atanhi
                0x08014ac8       0x20 c:/program files (x86)/gnu tools arm embedded/4.9 2015q1/bin/../lib/gcc/arm-none-eabi/4.9.3/../../../../arm-none-eabi/lib/armv7-m\libm.a(lib_a-s_atan.o)
 .rodata.str1.4
                0x08014ae8        0x5 c:/program files (x86)/gnu tools arm embedded/4.9 2015q1/bin/../lib/gcc/arm-none-eabi/4.9.3/../../../../arm-none-eabi/lib/armv7-m\libm.a(lib_a-w_sqrt.o)
                                  0x8 (size before relaxing)
 *fill*         0x08014aed        0x3 
 .rodata.str1.4
                0x08014af0        0x4 c:/program files (x86)/gnu tools arm embedded/4.9 2015q1/bin/../lib/gcc/arm-none-eabi/4.9.3/../../../../arm-none-eabi/lib/armv7-m\libg.a(lib_a-impure.o)
 .rodata._global_impure_ptr
                0x08014af4        0x4 c:/program files (x86)/gnu tools arm embedded/4.9 2015q1/bin/../lib/gcc/arm-none-eabi/4.9.3/../../../../arm-none-eabi/lib/armv7-m\libg.a(lib_a-impure.o)
                0x08014af4                _global_impure_ptr
 *(.eh_fram e*)

.eh_frame       0x08014af8        0x0
 .eh_frame      0x08014af8        0x0 c:/program files (x86)/gnu tools arm embedded/4.9 2015q1/bin/../lib/gcc/arm-none-eabi/4.9.3/armv7-m/crtbegin.o

.glue_7         0x08014af8        0x0
 .glue_7        0x00000000        0x0 linker stubs

.glue_7t        0x08014af8        0x0
 .glue_7t       0x00000000        0x0 linker stubs

.vfp11_veneer   0x08014af8        0x0
 .vfp11_veneer  0x00000000        0x0 linker stubs

.v4_bx          0x08014af8        0x0
 .v4_bx         0x00000000        0x0 linker stubs

.iplt           0x08014af8        0x0
 .iplt          0x00000000        0x0 c:/program files (x86)/gnu tools arm embedded/4.9 2015q1/bin/../lib/gcc/arm-none-eabi/4.9.3/armv7-m/crtbegin.o

.rel.dyn        0x08014af8        0x0
 .rel.iplt      0x00000000        0x0 c:/program files (x86)/gnu tools arm embedded/4.9 2015q1/bin/../lib/gcc/arm-none-eabi/4.9.3/armv7-m/crtbegin.o

.ARM.extab
 *(.ARM.extab* .gnu.linkonce.armextab.*)
                0x08014af8                __exidx_start = .

.ARM.exidx
 *(.ARM.exidx* .gnu.linkonce.armexidx.*)
                0x08014af8                __exidx_end = .
                0x08014af8                __etext = .
                0x08014af8                _sidata = __etext

.data           0x20000000      0x854 load address 0x08014af8
                0x20000000                __data_start__ = .
                0x20000000                _sdata = __data_start__
 *(vtable)
 *(.data*)
 .data          0x20000000        0x4 ..\obj\system_stm32f1xx.o
                0x20000000                SystemCoreClock
 .data          0x20000004        0x2 ..\obj\I2Cdev.o
                0x20000004                I2Cdev_readTimeout
 .data          0x20000006        0x1 ..\obj\main.o
                0x20000006                is_firts_sample
 .data.__fdlib_version
                0x20000007        0x1 c:/program files (x86)/gnu tools arm embedded/4.9 2015q1/bin/../lib/gcc/arm-none-eabi/4.9.3/../../../../arm-none-eabi/lib/armv7-m\libm.a(lib_a-s_lib_ver.o)
                0x20000007                __fdlib_version
 .data.impure_data
                0x20000008      0x428 c:/program files (x86)/gnu tools arm embedded/4.9 2015q1/bin/../lib/gcc/arm-none-eabi/4.9.3/../../../../arm-none-eabi/lib/armv7-m\libg.a(lib_a-impure.o)
 .data._impure_ptr
                0x20000430        0x4 c:/program files (x86)/gnu tools arm embedded/4.9 2015q1/bin/../lib/gcc/arm-none-eabi/4.9.3/../../../../arm-none-eabi/lib/armv7-m\libg.a(lib_a-impure.o)
                0x20000430                _impure_ptr
 .data.__malloc_av_
                0x20000434      0x408 c:/program files (x86)/gnu tools arm embedded/4.9 2015q1/bin/../lib/gcc/arm-none-eabi/4.9.3/../../../../arm-none-eabi/lib/armv7-m\libg.a(lib_a-mallocr.o)
                0x20000434                __malloc_av_
 .data.__malloc_trim_threshold
                0x2000083c        0x4 c:/program files (x86)/gnu tools arm embedded/4.9 2015q1/bin/../lib/gcc/arm-none-eabi/4.9.3/../../../../arm-none-eabi/lib/armv7-m\libg.a(lib_a-mallocr.o)
                0x2000083c                __malloc_trim_threshold
 .data.__malloc_sbrk_base
                0x20000840        0x4 c:/program files (x86)/gnu tools arm embedded/4.9 2015q1/bin/../lib/gcc/arm-none-eabi/4.9.3/../../../../arm-none-eabi/lib/armv7-m\libg.a(lib_a-mallocr.o)
                0x20000840                __malloc_sbrk_base
                0x20000844                . = ALIGN (0x4)
                0x20000844                PROVIDE (__preinit_array_start, .)
 *(.preinit_array)
                0x20000844                PROVIDE (__preinit_array_end, .)
                0x20000844                . = ALIGN (0x4)
                0x20000844                PROVIDE (__init_array_start, .)
 *(SORT(.init_array.*))
 .init_array.00000
                0x20000844        0x4 c:/program files (x86)/gnu tools arm embedded/4.9 2015q1/bin/../lib/gcc/arm-none-eabi/4.9.3/../../../../arm-none-eabi/lib/armv7-m\libg.a(lib_a-__call_atexit.o)
 *(.init_array)
 .init_array    0x20000848        0x4 c:/program files (x86)/gnu tools arm embedded/4.9 2015q1/bin/../lib/gcc/arm-none-eabi/4.9.3/armv7-m/crtbegin.o
                0x2000084c                PROVIDE (__init_array_end, .)
                0x2000084c                . = ALIGN (0x4)
                0x2000084c                PROVIDE (__fini_array_start, .)
 *(SORT(.fini_array.*))
 *(.fini_array)
 .fini_array    0x2000084c        0x4 c:/program files (x86)/gnu tools arm embedded/4.9 2015q1/bin/../lib/gcc/arm-none-eabi/4.9.3/armv7-m/crtbegin.o
                0x20000850                PROVIDE (__fini_array_end, .)
 *(.jcr*)
 .jcr           0x20000850        0x0 c:/program files (x86)/gnu tools arm embedded/4.9 2015q1/bin/../lib/gcc/arm-none-eabi/4.9.3/armv7-m/crtbegin.o
 .jcr           0x20000850        0x4 c:/program files (x86)/gnu tools arm embedded/4.9 2015q1/bin/../lib/gcc/arm-none-eabi/4.9.3/armv7-m/crtend.o
                0x20000854                . = ALIGN (0x4)
                0x20000854                __data_end__ = .
                0x20000854                _edata = __data_end__

.igot.plt       0x20000854        0x0 load address 0x0801534c
 .igot.plt      0x00000000        0x0 c:/program files (x86)/gnu tools arm embedded/4.9 2015q1/bin/../lib/gcc/arm-none-eabi/4.9.3/armv7-m/crtbegin.o

.bss            0x20000854      0x21c load address 0x0801534c
                0x20000854                . = ALIGN (0x4)
                0x20000854                __bss_start__ = .
                0x20000854                _sbss = __bss_start__
 *(.bss*)
 .bss           0x20000854       0x1c c:/program files (x86)/gnu tools arm embedded/4.9 2015q1/bin/../lib/gcc/arm-none-eabi/4.9.3/armv7-m/crtbegin.o
 .bss           0x20000870        0x4 ..\obj\stm32f1xx_hal.o
 .bss           0x20000874       0xb4 ..\obj\main.o
                0x200008f0                timeStep
                0x200008f4                acc_angle_x
                0x200008f8                acc_angle_y
                0x200008fc                acc_angle_z
                0x20000900                gyro_angular_x
                0x20000904                gyro_angular_y
                0x20000908                gyro_angular_z
                0x2000090c                gyro_integrated_angle_x
                0x20000910                gyro_integrated_angle_y
                0x20000914                gyro_integrated_angle_z
 .bss           0x20000928       0x14 ..\obj\MPU6050.o
 .bss           0x2000093c        0x4 ..\obj\syscalls.o
 .bss.__malloc_max_total_mem
                0x20000940        0x4 c:/program files (x86)/gnu tools arm embedded/4.9 2015q1/bin/../lib/gcc/arm-none-eabi/4.9.3/../../../../arm-none-eabi/lib/armv7-m\libg.a(lib_a-mallocr.o)
                0x20000940                __malloc_max_total_mem
 .bss.__malloc_max_sbrked_mem
                0x20000944        0x4 c:/program files (x86)/gnu tools arm embedded/4.9 2015q1/bin/../lib/gcc/arm-none-eabi/4.9.3/../../../../arm-none-eabi/lib/armv7-m\libg.a(lib_a-mallocr.o)
                0x20000944                __malloc_max_sbrked_mem
 .bss.__malloc_top_pad
                0x20000948        0x4 c:/program files (x86)/gnu tools arm embedded/4.9 2015q1/bin/../lib/gcc/arm-none-eabi/4.9.3/../../../../arm-none-eabi/lib/armv7-m\libg.a(lib_a-mallocr.o)
                0x20000948                __malloc_top_pad
 .bss.__malloc_current_mallinfo
                0x2000094c       0x28 c:/program files (x86)/gnu tools arm embedded/4.9 2015q1/bin/../lib/gcc/arm-none-eabi/4.9.3/../../../../arm-none-eabi/lib/armv7-m\libg.a(lib_a-mallocr.o)
                0x2000094c                __malloc_current_mallinfo
 *(COMMON)
 COMMON         0x20000974        0x4 ..\obj\I2Cdev.o
                0x20000974                I2Cdev_hi2c
 COMMON         0x20000978       0xf4 ..\obj\main.o
                0x20000978                htim4
                0x200009b4                hi2c1
                0x200009f0                hi2c2
                0x20000a2c                huart1
 COMMON         0x20000a6c        0x4 c:/program files (x86)/gnu tools arm embedded/4.9 2015q1/bin/../lib/gcc/arm-none-eabi/4.9.3/../../../../arm-none-eabi/lib/armv7-m\libg.a(lib_a-reent.o)
                0x20000a6c                errno
                0x20000a70                . = ALIGN (0x4)
                0x20000a70                __bss_end__ = .
                0x20000a70                _ebss = __bss_end__

.heap           0x20000a70        0x0
                0x20000a70                __end__ = .
                0x20000a70                _end = __end__
                0x20000a70                end = __end__
 *(.heap*)
                0x20000a70                __HeapLimit = .

.co_stack       0x20000a70        0x0
                0x20000a70                . = ALIGN (0x8)
 *(.co_stack .co_stack.*)
                0x20002000                __StackTop = (ORIGIN (ram) + 0x2000)
                0x20002000                __StackLimit = (__StackTop - SIZEOF (.co_stack))
                0x20002000                PROVIDE (__stack, __StackTop)
                0x00000001                ASSERT ((__StackLimit >= __HeapLimit), region ram  overflowed with stack)
LOAD ..\obj\stm32f1xx_hal_dma.o
LOAD ..\obj\stm32f1xx_hal_i2c.o
LOAD ..\obj\system_stm32f1xx.o
LOAD ..\obj\stm32f1xx_hal_flash_ex.o
LOAD ..\obj\stm32f1xx_hal_cortex.o
LOAD ..\obj\stm32f1xx_hal_gpio.o
LOAD ..\obj\I2Cdev.o
LOAD ..\obj\stm32f1xx_hal_tim_ex.o
LOAD ..\obj\stm32f1xx_hal_rcc_ex.o
LOAD ..\obj\stm32f1xx_hal.o
LOAD ..\obj\stm32f1xx_hal_gpio_ex.o
LOAD ..\obj\stm32f1xx_it.o
LOAD ..\obj\startup_stm32f100xb.o
LOAD ..\obj\stm32f1xx_hal_uart.o
LOAD ..\obj\main.o
LOAD ..\obj\MPU6050.o
LOAD ..\obj\syscalls.o
LOAD ..\obj\stm32f1xx_hal_msp.o
LOAD ..\obj\stm32f1xx_hal_flash.o
LOAD ..\obj\stm32f1xx_hal_tim.o
LOAD ..\obj\stm32f1xx_hal_pwr.o
LOAD ..\obj\stm32f1xx_hal_rcc.o
LOAD c:/program files (x86)/gnu tools arm embedded/4.9 2015q1/bin/../lib/gcc/arm-none-eabi/4.9.3/../../../../arm-none-eabi/lib/armv7-m\libm.a
START GROUP
LOAD c:/program files (x86)/gnu tools arm embedded/4.9 2015q1/bin/../lib/gcc/arm-none-eabi/4.9.3/armv7-m\libgcc.a
LOAD c:/program files (x86)/gnu tools arm embedded/4.9 2015q1/bin/../lib/gcc/arm-none-eabi/4.9.3/../../../../arm-none-eabi/lib/armv7-m\libg.a
LOAD c:/program files (x86)/gnu tools arm embedded/4.9 2015q1/bin/../lib/gcc/arm-none-eabi/4.9.3/../../../../arm-none-eabi/lib/armv7-m\libc.a
END GROUP
LOAD c:/program files (x86)/gnu tools arm embedded/4.9 2015q1/bin/../lib/gcc/arm-none-eabi/4.9.3/armv7-m/crtend.o
LOAD c:/program files (x86)/gnu tools arm embedded/4.9 2015q1/bin/../lib/gcc/arm-none-eabi/4.9.3/armv7-m/crtn.o
OUTPUT(coocox.elf elf32-littlearm)

.ARM.attributes
                0x00000000       0x29
 .ARM.attributes
                0x00000000       0x1d c:/program files (x86)/gnu tools arm embedded/4.9 2015q1/bin/../lib/gcc/arm-none-eabi/4.9.3/armv7-m/crti.o
 .ARM.attributes
                0x0000001d       0x2d c:/program files (x86)/gnu tools arm embedded/4.9 2015q1/bin/../lib/gcc/arm-none-eabi/4.9.3/armv7-m/crtbegin.o
 .ARM.attributes
                0x0000004a       0x33 ..\obj\stm32f1xx_hal_dma.o
 .ARM.attributes
                0x0000007d       0x33 ..\obj\stm32f1xx_hal_i2c.o
 .ARM.attributes
                0x000000b0       0x33 ..\obj\system_stm32f1xx.o
 .ARM.attributes
                0x000000e3       0x33 ..\obj\stm32f1xx_hal_cortex.o
 .ARM.attributes
                0x00000116       0x33 ..\obj\stm32f1xx_hal_gpio.o
 .ARM.attributes
                0x00000149       0x33 ..\obj\I2Cdev.o
 .ARM.attributes
                0x0000017c       0x33 ..\obj\stm32f1xx_hal_tim_ex.o
 .ARM.attributes
                0x000001af       0x33 ..\obj\stm32f1xx_hal.o
 .ARM.attributes
                0x000001e2       0x33 ..\obj\stm32f1xx_it.o
 .ARM.attributes
                0x00000215       0x21 ..\obj\startup_stm32f100xb.o
 .ARM.attributes
                0x00000236       0x33 ..\obj\stm32f1xx_hal_uart.o
 .ARM.attributes
                0x00000269       0x33 ..\obj\main.o
 .ARM.attributes
                0x0000029c       0x33 ..\obj\MPU6050.o
 .ARM.attributes
                0x000002cf       0x33 ..\obj\syscalls.o
 .ARM.attributes
                0x00000302       0x33 ..\obj\stm32f1xx_hal_msp.o
 .ARM.attributes
                0x00000335       0x33 ..\obj\stm32f1xx_hal_tim.o
 .ARM.attributes
                0x00000368       0x33 ..\obj\stm32f1xx_hal_rcc.o
 .ARM.attributes
                0x0000039b       0x2d c:/program files (x86)/gnu tools arm embedded/4.9 2015q1/bin/../lib/gcc/arm-none-eabi/4.9.3/../../../../arm-none-eabi/lib/armv7-m\libm.a(lib_a-s_atan.o)
 .ARM.attributes
                0x000003c8       0x2d c:/program files (x86)/gnu tools arm embedded/4.9 2015q1/bin/../lib/gcc/arm-none-eabi/4.9.3/../../../../arm-none-eabi/lib/armv7-m\libm.a(lib_a-s_fabs.o)
 .ARM.attributes
                0x000003f5       0x2d c:/program files (x86)/gnu tools arm embedded/4.9 2015q1/bin/../lib/gcc/arm-none-eabi/4.9.3/../../../../arm-none-eabi/lib/armv7-m\libm.a(lib_a-w_sqrt.o)
 .ARM.attributes
                0x00000422       0x2d c:/program files (x86)/gnu tools arm embedded/4.9 2015q1/bin/../lib/gcc/arm-none-eabi/4.9.3/../../../../arm-none-eabi/lib/armv7-m\libm.a(lib_a-e_sqrt.o)
 .ARM.attributes
                0x0000044f       0x2d c:/program files (x86)/gnu tools arm embedded/4.9 2015q1/bin/../lib/gcc/arm-none-eabi/4.9.3/../../../../arm-none-eabi/lib/armv7-m\libm.a(lib_a-s_fpclassify.o)
 .ARM.attributes
                0x0000047c       0x2d c:/program files (x86)/gnu tools arm embedded/4.9 2015q1/bin/../lib/gcc/arm-none-eabi/4.9.3/../../../../arm-none-eabi/lib/armv7-m\libm.a(lib_a-s_lib_ver.o)
 .ARM.attributes
                0x000004a9       0x2d c:/program files (x86)/gnu tools arm embedded/4.9 2015q1/bin/../lib/gcc/arm-none-eabi/4.9.3/../../../../arm-none-eabi/lib/armv7-m\libm.a(lib_a-s_matherr.o)
 .ARM.attributes
                0x000004d6       0x1d c:/program files (x86)/gnu tools arm embedded/4.9 2015q1/bin/../lib/gcc/arm-none-eabi/4.9.3/armv7-m\libgcc.a(_arm_addsubdf3.o)
 .ARM.attributes
                0x000004f3       0x1d c:/program files (x86)/gnu tools arm embedded/4.9 2015q1/bin/../lib/gcc/arm-none-eabi/4.9.3/armv7-m\libgcc.a(_arm_muldivdf3.o)
 .ARM.attributes
                0x00000510       0x1d c:/program files (x86)/gnu tools arm embedded/4.9 2015q1/bin/../lib/gcc/arm-none-eabi/4.9.3/armv7-m\libgcc.a(_arm_cmpdf2.o)
 .ARM.attributes
                0x0000052d       0x1d c:/program files (x86)/gnu tools arm embedded/4.9 2015q1/bin/../lib/gcc/arm-none-eabi/4.9.3/armv7-m\libgcc.a(_arm_fixdfsi.o)
 .ARM.attributes
                0x0000054a       0x1d c:/program files (x86)/gnu tools arm embedded/4.9 2015q1/bin/../lib/gcc/arm-none-eabi/4.9.3/armv7-m\libgcc.a(_arm_truncdfsf2.o)
 .ARM.attributes
                0x00000567       0x1d c:/program files (x86)/gnu tools arm embedded/4.9 2015q1/bin/../lib/gcc/arm-none-eabi/4.9.3/armv7-m\libgcc.a(_arm_addsubsf3.o)
 .ARM.attributes
                0x00000584       0x1d c:/program files (x86)/gnu tools arm embedded/4.9 2015q1/bin/../lib/gcc/arm-none-eabi/4.9.3/armv7-m\libgcc.a(_arm_muldivsf3.o)
 .ARM.attributes
                0x000005a1       0x1d c:/program files (x86)/gnu tools arm embedded/4.9 2015q1/bin/../lib/gcc/arm-none-eabi/4.9.3/armv7-m\libgcc.a(_arm_fixunssfsi.o)
 .ARM.attributes
                0x000005be       0x2d c:/program files (x86)/gnu tools arm embedded/4.9 2015q1/bin/../lib/gcc/arm-none-eabi/4.9.3/../../../../arm-none-eabi/lib/armv7-m\libg.a(lib_a-errno.o)
 .ARM.attributes
                0x000005eb       0x2d c:/program files (x86)/gnu tools arm embedded/4.9 2015q1/bin/../lib/gcc/arm-none-eabi/4.9.3/../../../../arm-none-eabi/lib/armv7-m\libg.a(lib_a-impure.o)
 .ARM.attributes
                0x00000618       0x2d c:/program files (x86)/gnu tools arm embedded/4.9 2015q1/bin/../lib/gcc/arm-none-eabi/4.9.3/../../../../arm-none-eabi/lib/armv7-m\libg.a(lib_a-init.o)
 .ARM.attributes
                0x00000645       0x2d c:/program files (x86)/gnu tools arm embedded/4.9 2015q1/bin/../lib/gcc/arm-none-eabi/4.9.3/../../../../arm-none-eabi/lib/armv7-m\libg.a(lib_a-malloc.o)
 .ARM.attributes
                0x00000672       0x2d c:/program files (x86)/gnu tools arm embedded/4.9 2015q1/bin/../lib/gcc/arm-none-eabi/4.9.3/../../../../arm-none-eabi/lib/armv7-m\libg.a(lib_a-mallocr.o)
 .ARM.attributes
                0x0000069f       0x2d c:/program files (x86)/gnu tools arm embedded/4.9 2015q1/bin/../lib/gcc/arm-none-eabi/4.9.3/../../../../arm-none-eabi/lib/armv7-m\libg.a(lib_a-memcmp.o)
 .ARM.attributes
                0x000006cc       0x1b c:/program files (x86)/gnu tools arm embedded/4.9 2015q1/bin/../lib/gcc/arm-none-eabi/4.9.3/../../../../arm-none-eabi/lib/armv7-m\libg.a(lib_a-memcpy.o)
 .ARM.attributes
                0x000006e7       0x2d c:/program files (x86)/gnu tools arm embedded/4.9 2015q1/bin/../lib/gcc/arm-none-eabi/4.9.3/../../../../arm-none-eabi/lib/armv7-m\libg.a(lib_a-memset.o)
 .ARM.attributes
                0x00000714       0x2d c:/program files (x86)/gnu tools arm embedded/4.9 2015q1/bin/../lib/gcc/arm-none-eabi/4.9.3/../../../../arm-none-eabi/lib/armv7-m\libg.a(lib_a-mlock.o)
 .ARM.attributes
                0x00000741       0x2d c:/program files (x86)/gnu tools arm embedded/4.9 2015q1/bin/../lib/gcc/arm-none-eabi/4.9.3/../../../../arm-none-eabi/lib/armv7-m\libg.a(lib_a-realloc.o)
 .ARM.attributes
                0x0000076e       0x2d c:/program files (x86)/gnu tools arm embedded/4.9 2015q1/bin/../lib/gcc/arm-none-eabi/4.9.3/../../../../arm-none-eabi/lib/armv7-m\libg.a(lib_a-reallocr.o)
 .ARM.attributes
                0x0000079b       0x2d c:/program files (x86)/gnu tools arm embedded/4.9 2015q1/bin/../lib/gcc/arm-none-eabi/4.9.3/../../../../arm-none-eabi/lib/armv7-m\libg.a(lib_a-sbrkr.o)
 .ARM.attributes
                0x000007c8       0x2d c:/program files (x86)/gnu tools arm embedded/4.9 2015q1/bin/../lib/gcc/arm-none-eabi/4.9.3/../../../../arm-none-eabi/lib/armv7-m\libg.a(lib_a-strlen.o)
 .ARM.attributes
                0x000007f5       0x2d c:/program files (x86)/gnu tools arm embedded/4.9 2015q1/bin/../lib/gcc/arm-none-eabi/4.9.3/../../../../arm-none-eabi/lib/armv7-m\libg.a(lib_a-strncpy.o)
 .ARM.attributes
                0x00000822       0x2d c:/program files (x86)/gnu tools arm embedded/4.9 2015q1/bin/../lib/gcc/arm-none-eabi/4.9.3/../../../../arm-none-eabi/lib/armv7-m\libg.a(lib_a-__call_atexit.o)
 .ARM.attributes
                0x0000084f       0x2d c:/program files (x86)/gnu tools arm embedded/4.9 2015q1/bin/../lib/gcc/arm-none-eabi/4.9.3/../../../../arm-none-eabi/lib/armv7-m\libg.a(lib_a-atexit.o)
 .ARM.attributes
                0x0000087c       0x2d c:/program files (x86)/gnu tools arm embedded/4.9 2015q1/bin/../lib/gcc/arm-none-eabi/4.9.3/../../../../arm-none-eabi/lib/armv7-m\libg.a(lib_a-fini.o)
 .ARM.attributes
                0x000008a9       0x2d c:/program files (x86)/gnu tools arm embedded/4.9 2015q1/bin/../lib/gcc/arm-none-eabi/4.9.3/../../../../arm-none-eabi/lib/armv7-m\libg.a(lib_a-freer.o)
 .ARM.attributes
                0x000008d6       0x2d c:/program files (x86)/gnu tools arm embedded/4.9 2015q1/bin/../lib/gcc/arm-none-eabi/4.9.3/../../../../arm-none-eabi/lib/armv7-m\libg.a(lib_a-memmove.o)
 .ARM.attributes
                0x00000903       0x2d c:/program files (x86)/gnu tools arm embedded/4.9 2015q1/bin/../lib/gcc/arm-none-eabi/4.9.3/../../../../arm-none-eabi/lib/armv7-m\libg.a(lib_a-reent.o)
 .ARM.attributes
                0x00000930       0x2d c:/program files (x86)/gnu tools arm embedded/4.9 2015q1/bin/../lib/gcc/arm-none-eabi/4.9.3/../../../../arm-none-eabi/lib/armv7-m\libg.a(lib_a-__atexit.o)
 .ARM.attributes
                0x0000095d       0x2d c:/program files (x86)/gnu tools arm embedded/4.9 2015q1/bin/../lib/gcc/arm-none-eabi/4.9.3/armv7-m/crtend.o
 .ARM.attributes
                0x0000098a       0x1d c:/program files (x86)/gnu tools arm embedded/4.9 2015q1/bin/../lib/gcc/arm-none-eabi/4.9.3/armv7-m/crtn.o

.comment        0x00000000       0x70
 .comment       0x00000000       0x70 ..\obj\stm32f1xx_hal_dma.o
                                 0x71 (size before relaxing)
 .comment       0x00000000       0x71 ..\obj\stm32f1xx_hal_i2c.o
 .comment       0x00000000       0x71 ..\obj\system_stm32f1xx.o
 .comment       0x00000000       0x71 ..\obj\stm32f1xx_hal_cortex.o
 .comment       0x00000000       0x71 ..\obj\stm32f1xx_hal_gpio.o
 .comment       0x00000000       0x71 ..\obj\I2Cdev.o
 .comment       0x00000000       0x71 ..\obj\stm32f1xx_hal_tim_ex.o
 .comment       0x00000000       0x71 ..\obj\stm32f1xx_hal.o
 .comment       0x00000000       0x71 ..\obj\stm32f1xx_it.o
 .comment       0x00000000       0x71 ..\obj\stm32f1xx_hal_uart.o
 .comment       0x00000000       0x71 ..\obj\main.o
 .comment       0x00000000       0x71 ..\obj\MPU6050.o
 .comment       0x00000000       0x71 ..\obj\syscalls.o
 .comment       0x00000000       0x71 ..\obj\stm32f1xx_hal_msp.o
 .comment       0x00000000       0x71 ..\obj\stm32f1xx_hal_tim.o
 .comment       0x00000000       0x71 ..\obj\stm32f1xx_hal_rcc.o

.debug_info     0x00000000     0xec19
 .debug_info    0x00000000      0x56d ..\obj\stm32f1xx_hal_dma.o
 .debug_info    0x0000056d     0x18b4 ..\obj\stm32f1xx_hal_i2c.o
 .debug_info    0x00001e21      0x3ad ..\obj\system_stm32f1xx.o
 .debug_info    0x000021ce      0xa88 ..\obj\stm32f1xx_hal_cortex.o
 .debug_info    0x00002c56      0x5fc ..\obj\stm32f1xx_hal_gpio.o
 .debug_info    0x00003252      0xbda ..\obj\I2Cdev.o
 .debug_info    0x00003e2c      0xe84 ..\obj\stm32f1xx_hal_tim_ex.o
 .debug_info    0x00004cb0      0x554 ..\obj\stm32f1xx_hal.o
 .debug_info    0x00005204       0xb2 ..\obj\stm32f1xx_it.o
 .debug_info    0x000052b6       0xf9 ..\obj\startup_stm32f100xb.o
 .debug_info    0x000053af      0xe2c ..\obj\stm32f1xx_hal_uart.o
 .debug_info    0x000061db     0x16e1 ..\obj\main.o
 .debug_info    0x000078bc     0x2696 ..\obj\MPU6050.o
 .debug_info    0x00009f52      0xa25 ..\obj\syscalls.o
 .debug_info    0x0000a977      0xd51 ..\obj\stm32f1xx_hal_msp.o
 .debug_info    0x0000b6c8     0x20e7 ..\obj\stm32f1xx_hal_tim.o
 .debug_info    0x0000d7af     0x146a ..\obj\stm32f1xx_hal_rcc.o

.debug_abbrev   0x00000000     0x1e18
 .debug_abbrev  0x00000000      0x1b3 ..\obj\stm32f1xx_hal_dma.o
 .debug_abbrev  0x000001b3      0x208 ..\obj\stm32f1xx_hal_i2c.o
 .debug_abbrev  0x000003bb      0x101 ..\obj\system_stm32f1xx.o
 .debug_abbrev  0x000004bc      0x265 ..\obj\stm32f1xx_hal_cortex.o
 .debug_abbrev  0x00000721      0x1aa ..\obj\stm32f1xx_hal_gpio.o
 .debug_abbrev  0x000008cb      0x194 ..\obj\I2Cdev.o
 .debug_abbrev  0x00000a5f      0x1fb ..\obj\stm32f1xx_hal_tim_ex.o
 .debug_abbrev  0x00000c5a      0x1ed ..\obj\stm32f1xx_hal.o
 .debug_abbrev  0x00000e47       0x67 ..\obj\stm32f1xx_it.o
 .debug_abbrev  0x00000eae       0x12 ..\obj\startup_stm32f100xb.o
 .debug_abbrev  0x00000ec0      0x215 ..\obj\stm32f1xx_hal_uart.o
 .debug_abbrev  0x000010d5      0x2bb ..\obj\main.o
 .debug_abbrev  0x00001390      0x232 ..\obj\MPU6050.o
 .debug_abbrev  0x000015c2      0x231 ..\obj\syscalls.o
 .debug_abbrev  0x000017f3      0x17c ..\obj\stm32f1xx_hal_msp.o
 .debug_abbrev  0x0000196f      0x204 ..\obj\stm32f1xx_hal_tim.o
 .debug_abbrev  0x00001b73      0x2a5 ..\obj\stm32f1xx_hal_rcc.o

.debug_aranges  0x00000000      0x228
 .debug_aranges
                0x00000000       0x20 ..\obj\stm32f1xx_hal_dma.o
 .debug_aranges
                0x00000020       0x20 ..\obj\stm32f1xx_hal_i2c.o
 .debug_aranges
                0x00000040       0x20 ..\obj\system_stm32f1xx.o
 .debug_aranges
                0x00000060       0x20 ..\obj\stm32f1xx_hal_cortex.o
 .debug_aranges
                0x00000080       0x20 ..\obj\stm32f1xx_hal_gpio.o
 .debug_aranges
                0x000000a0       0x20 ..\obj\I2Cdev.o
 .debug_aranges
                0x000000c0       0x20 ..\obj\stm32f1xx_hal_tim_ex.o
 .debug_aranges
                0x000000e0       0x20 ..\obj\stm32f1xx_hal.o
 .debug_aranges
                0x00000100       0x20 ..\obj\stm32f1xx_it.o
 .debug_aranges
                0x00000120       0x28 ..\obj\startup_stm32f100xb.o
 .debug_aranges
                0x00000148       0x20 ..\obj\stm32f1xx_hal_uart.o
 .debug_aranges
                0x00000168       0x20 ..\obj\main.o
 .debug_aranges
                0x00000188       0x20 ..\obj\MPU6050.o
 .debug_aranges
                0x000001a8       0x20 ..\obj\syscalls.o
 .debug_aranges
                0x000001c8       0x20 ..\obj\stm32f1xx_hal_msp.o
 .debug_aranges
                0x000001e8       0x20 ..\obj\stm32f1xx_hal_tim.o
 .debug_aranges
                0x00000208       0x20 ..\obj\stm32f1xx_hal_rcc.o

.debug_line     0x00000000     0x66e9
 .debug_line    0x00000000      0x814 ..\obj\stm32f1xx_hal_dma.o
 .debug_line    0x00000814      0xcf8 ..\obj\stm32f1xx_hal_i2c.o
 .debug_line    0x0000150c      0x26f ..\obj\system_stm32f1xx.o
 .debug_line    0x0000177b      0x354 ..\obj\stm32f1xx_hal_cortex.o
 .debug_line    0x00001acf      0x448 ..\obj\stm32f1xx_hal_gpio.o
 .debug_line    0x00001f17      0x3bb ..\obj\I2Cdev.o
 .debug_line    0x000022d2      0x6a8 ..\obj\stm32f1xx_hal_tim_ex.o
 .debug_line    0x0000297a      0x326 ..\obj\stm32f1xx_hal.o
 .debug_line    0x00002ca0      0x19f ..\obj\stm32f1xx_it.o
 .debug_line    0x00002e3f       0xe1 ..\obj\startup_stm32f100xb.o
 .debug_line    0x00002f20      0x744 ..\obj\stm32f1xx_hal_uart.o
 .debug_line    0x00003664      0x624 ..\obj\main.o
 .debug_line    0x00003c88      0x87c ..\obj\MPU6050.o
 .debug_line    0x00004504      0x3a8 ..\obj\syscalls.o
 .debug_line    0x000048ac      0x331 ..\obj\stm32f1xx_hal_msp.o
 .debug_line    0x00004bdd      0xf26 ..\obj\stm32f1xx_hal_tim.o
 .debug_line    0x00005b03      0xbe6 ..\obj\stm32f1xx_hal_rcc.o

.debug_str      0x00000000     0x5d36
 .debug_str     0x00000000      0x48c ..\obj\stm32f1xx_hal_dma.o
                                0x51a (size before relaxing)
 .debug_str     0x0000048c      0x7d8 ..\obj\stm32f1xx_hal_i2c.o
                                0xbb7 (size before relaxing)
 .debug_str     0x00000c64      0x172 ..\obj\system_stm32f1xx.o
                                0x310 (size before relaxing)
 .debug_str     0x00000dd6      0x5bd ..\obj\stm32f1xx_hal_cortex.o
                                0x8ad (size before relaxing)
 .debug_str     0x00001393      0x1ee ..\obj\stm32f1xx_hal_gpio.o
                                0x440 (size before relaxing)
 .debug_str     0x00001581      0x1c6 ..\obj\I2Cdev.o
                                0x72a (size before relaxing)
 .debug_str     0x00001747      0x7c3 ..\obj\stm32f1xx_hal_tim_ex.o
                                0xb85 (size before relaxing)
 .debug_str     0x00001f0a      0x202 ..\obj\stm32f1xx_hal.o
                                0x6dd (size before relaxing)
 .debug_str     0x0000210c       0x5b ..\obj\stm32f1xx_it.o
                                0x1c5 (size before relaxing)
 .debug_str     0x00002167      0x53f ..\obj\stm32f1xx_hal_uart.o
                                0x95d (size before relaxing)
 .debug_str     0x000026a6      0x86e ..\obj\main.o
                               0x1531 (size before relaxing)
 .debug_str     0x00002f14     0x1d4a ..\obj\MPU6050.o
                               0x22f0 (size before relaxing)
 .debug_str     0x00004c5e      0x20f ..\obj\syscalls.o
                                0x73f (size before relaxing)
 .debug_str     0x00004e6d       0x96 ..\obj\stm32f1xx_hal_msp.o
                                0xc9f (size before relaxing)
 .debug_str     0x00004f03      0xc0c ..\obj\stm32f1xx_hal_tim.o
                               0x12f0 (size before relaxing)
 .debug_str     0x00005b0f      0x227 ..\obj\stm32f1xx_hal_rcc.o
                                0x5e3 (size before relaxing)

.debug_frame    0x00000000     0x6284
 .debug_frame   0x00000000      0x194 ..\obj\stm32f1xx_hal_dma.o
 .debug_frame   0x00000194      0x8dc ..\obj\stm32f1xx_hal_i2c.o
 .debug_frame   0x00000a70       0x58 ..\obj\system_stm32f1xx.o
 .debug_frame   0x00000ac8      0x428 ..\obj\stm32f1xx_hal_cortex.o
 .debug_frame   0x00000ef0      0x14c ..\obj\stm32f1xx_hal_gpio.o
 .debug_frame   0x0000103c      0x278 ..\obj\I2Cdev.o
 .debug_frame   0x000012b4      0x558 ..\obj\stm32f1xx_hal_tim_ex.o
 .debug_frame   0x0000180c      0x278 ..\obj\stm32f1xx_hal.o
 .debug_frame   0x00001a84       0x2c ..\obj\stm32f1xx_it.o
 .debug_frame   0x00001ab0      0x5e8 ..\obj\stm32f1xx_hal_uart.o
 .debug_frame   0x00002098      0x32c ..\obj\main.o
 .debug_frame   0x000023c4     0x23ec ..\obj\MPU6050.o
 .debug_frame   0x000047b0      0x278 ..\obj\syscalls.o
 .debug_frame   0x00004a28      0x114 ..\obj\stm32f1xx_hal_msp.o
 .debug_frame   0x00004b3c      0xfd0 ..\obj\stm32f1xx_hal_tim.o
 .debug_frame   0x00005b0c      0x220 ..\obj\stm32f1xx_hal_rcc.o
 .debug_frame   0x00005d2c       0x38 c:/program files (x86)/gnu tools arm embedded/4.9 2015q1/bin/../lib/gcc/arm-none-eabi/4.9.3/../../../../arm-none-eabi/lib/armv7-m\libm.a(lib_a-s_atan.o)
 .debug_frame   0x00005d64       0x20 c:/program files (x86)/gnu tools arm embedded/4.9 2015q1/bin/../lib/gcc/arm-none-eabi/4.9.3/../../../../arm-none-eabi/lib/armv7-m\libm.a(lib_a-s_fabs.o)
 .debug_frame   0x00005d84       0x44 c:/program files (x86)/gnu tools arm embedded/4.9 2015q1/bin/../lib/gcc/arm-none-eabi/4.9.3/../../../../arm-none-eabi/lib/armv7-m\libm.a(lib_a-w_sqrt.o)
 .debug_frame   0x00005dc8       0x30 c:/program files (x86)/gnu tools arm embedded/4.9 2015q1/bin/../lib/gcc/arm-none-eabi/4.9.3/../../../../arm-none-eabi/lib/armv7-m\libm.a(lib_a-e_sqrt.o)
 .debug_frame   0x00005df8       0x34 c:/program files (x86)/gnu tools arm embedded/4.9 2015q1/bin/../lib/gcc/arm-none-eabi/4.9.3/../../../../arm-none-eabi/lib/armv7-m\libm.a(lib_a-s_fpclassify.o)
 .debug_frame   0x00005e2c       0x20 c:/program files (x86)/gnu tools arm embedded/4.9 2015q1/bin/../lib/gcc/arm-none-eabi/4.9.3/../../../../arm-none-eabi/lib/armv7-m\libm.a(lib_a-s_matherr.o)
 .debug_frame   0x00005e4c       0x20 c:/program files (x86)/gnu tools arm embedded/4.9 2015q1/bin/../lib/gcc/arm-none-eabi/4.9.3/../../../../arm-none-eabi/lib/armv7-m\libg.a(lib_a-errno.o)
 .debug_frame   0x00005e6c       0x2c c:/program files (x86)/gnu tools arm embedded/4.9 2015q1/bin/../lib/gcc/arm-none-eabi/4.9.3/../../../../arm-none-eabi/lib/armv7-m\libg.a(lib_a-init.o)
 .debug_frame   0x00005e98       0x30 c:/program files (x86)/gnu tools arm embedded/4.9 2015q1/bin/../lib/gcc/arm-none-eabi/4.9.3/../../../../arm-none-eabi/lib/armv7-m\libg.a(lib_a-malloc.o)
 .debug_frame   0x00005ec8       0x54 c:/program files (x86)/gnu tools arm embedded/4.9 2015q1/bin/../lib/gcc/arm-none-eabi/4.9.3/../../../../arm-none-eabi/lib/armv7-m\libg.a(lib_a-mallocr.o)
 .debug_frame   0x00005f1c       0x38 c:/program files (x86)/gnu tools arm embedded/4.9 2015q1/bin/../lib/gcc/arm-none-eabi/4.9.3/../../../../arm-none-eabi/lib/armv7-m\libg.a(lib_a-memcmp.o)
 .debug_frame   0x00005f54       0x34 c:/program files (x86)/gnu tools arm embedded/4.9 2015q1/bin/../lib/gcc/arm-none-eabi/4.9.3/../../../../arm-none-eabi/lib/armv7-m\libg.a(lib_a-memset.o)
 .debug_frame   0x00005f88       0x30 c:/program files (x86)/gnu tools arm embedded/4.9 2015q1/bin/../lib/gcc/arm-none-eabi/4.9.3/../../../../arm-none-eabi/lib/armv7-m\libg.a(lib_a-mlock.o)
 .debug_frame   0x00005fb8       0x20 c:/program files (x86)/gnu tools arm embedded/4.9 2015q1/bin/../lib/gcc/arm-none-eabi/4.9.3/../../../../arm-none-eabi/lib/armv7-m\libg.a(lib_a-realloc.o)
 .debug_frame   0x00005fd8       0x58 c:/program files (x86)/gnu tools arm embedded/4.9 2015q1/bin/../lib/gcc/arm-none-eabi/4.9.3/../../../../arm-none-eabi/lib/armv7-m\libg.a(lib_a-reallocr.o)
 .debug_frame   0x00006030       0x2c c:/program files (x86)/gnu tools arm embedded/4.9 2015q1/bin/../lib/gcc/arm-none-eabi/4.9.3/../../../../arm-none-eabi/lib/armv7-m\libg.a(lib_a-sbrkr.o)
 .debug_frame   0x0000605c       0x20 c:/program files (x86)/gnu tools arm embedded/4.9 2015q1/bin/../lib/gcc/arm-none-eabi/4.9.3/../../../../arm-none-eabi/lib/armv7-m\libg.a(lib_a-strlen.o)
 .debug_frame   0x0000607c       0x34 c:/program files (x86)/gnu tools arm embedded/4.9 2015q1/bin/../lib/gcc/arm-none-eabi/4.9.3/../../../../arm-none-eabi/lib/armv7-m\libg.a(lib_a-strncpy.o)
 .debug_frame   0x000060b0       0x50 c:/program files (x86)/gnu tools arm embedded/4.9 2015q1/bin/../lib/gcc/arm-none-eabi/4.9.3/../../../../arm-none-eabi/lib/armv7-m\libg.a(lib_a-__call_atexit.o)
 .debug_frame   0x00006100       0x20 c:/program files (x86)/gnu tools arm embedded/4.9 2015q1/bin/../lib/gcc/arm-none-eabi/4.9.3/../../../../arm-none-eabi/lib/armv7-m\libg.a(lib_a-atexit.o)
 .debug_frame   0x00006120       0x34 c:/program files (x86)/gnu tools arm embedded/4.9 2015q1/bin/../lib/gcc/arm-none-eabi/4.9.3/../../../../arm-none-eabi/lib/armv7-m\libg.a(lib_a-fini.o)
 .debug_frame   0x00006154       0x74 c:/program files (x86)/gnu tools arm embedded/4.9 2015q1/bin/../lib/gcc/arm-none-eabi/4.9.3/../../../../arm-none-eabi/lib/armv7-m\libg.a(lib_a-freer.o)
 .debug_frame   0x000061c8       0x30 c:/program files (x86)/gnu tools arm embedded/4.9 2015q1/bin/../lib/gcc/arm-none-eabi/4.9.3/../../../../arm-none-eabi/lib/armv7-m\libg.a(lib_a-memmove.o)
 .debug_frame   0x000061f8       0x58 c:/program files (x86)/gnu tools arm embedded/4.9 2015q1/bin/../lib/gcc/arm-none-eabi/4.9.3/../../../../arm-none-eabi/lib/armv7-m\libg.a(lib_a-reent.o)
 .debug_frame   0x00006250       0x34 c:/program files (x86)/gnu tools arm embedded/4.9 2015q1/bin/../lib/gcc/arm-none-eabi/4.9.3/../../../../arm-none-eabi/lib/armv7-m\libg.a(lib_a-__atexit.o)

.debug_ranges   0x00000000       0x20
 .debug_ranges  0x00000000       0x20 ..\obj\startup_stm32f100xb.o
