Archive member included because of file (symbol)

d:/software/gcc-arm-none-eabi-4_9-2015q2-20150609-win32/bin/../lib/gcc/arm-none-eabi/4.9.3/../../../../arm-none-eabi/lib/armv7-m\libm.a(lib_a-s_atan.o)
                              ..\obj\main.o (atan)
d:/software/gcc-arm-none-eabi-4_9-2015q2-20150609-win32/bin/../lib/gcc/arm-none-eabi/4.9.3/../../../../arm-none-eabi/lib/armv7-m\libm.a(lib_a-s_fabs.o)
                              d:/software/gcc-arm-none-eabi-4_9-2015q2-20150609-win32/bin/../lib/gcc/arm-none-eabi/4.9.3/../../../../arm-none-eabi/lib/armv7-m\libm.a(lib_a-s_atan.o) (fabs)
d:/software/gcc-arm-none-eabi-4_9-2015q2-20150609-win32/bin/../lib/gcc/arm-none-eabi/4.9.3/../../../../arm-none-eabi/lib/armv7-m\libm.a(lib_a-w_pow.o)
                              ..\obj\main.o (pow)
d:/software/gcc-arm-none-eabi-4_9-2015q2-20150609-win32/bin/../lib/gcc/arm-none-eabi/4.9.3/../../../../arm-none-eabi/lib/armv7-m\libm.a(lib_a-w_sqrt.o)
                              ..\obj\main.o (sqrt)
d:/software/gcc-arm-none-eabi-4_9-2015q2-20150609-win32/bin/../lib/gcc/arm-none-eabi/4.9.3/../../../../arm-none-eabi/lib/armv7-m\libm.a(lib_a-e_pow.o)
                              d:/software/gcc-arm-none-eabi-4_9-2015q2-20150609-win32/bin/../lib/gcc/arm-none-eabi/4.9.3/../../../../arm-none-eabi/lib/armv7-m\libm.a(lib_a-w_pow.o) (__ieee754_pow)
d:/software/gcc-arm-none-eabi-4_9-2015q2-20150609-win32/bin/../lib/gcc/arm-none-eabi/4.9.3/../../../../arm-none-eabi/lib/armv7-m\libm.a(lib_a-e_sqrt.o)
                              d:/software/gcc-arm-none-eabi-4_9-2015q2-20150609-win32/bin/../lib/gcc/arm-none-eabi/4.9.3/../../../../arm-none-eabi/lib/armv7-m\libm.a(lib_a-w_sqrt.o) (__ieee754_sqrt)
d:/software/gcc-arm-none-eabi-4_9-2015q2-20150609-win32/bin/../lib/gcc/arm-none-eabi/4.9.3/../../../../arm-none-eabi/lib/armv7-m\libm.a(lib_a-s_finite.o)
                              d:/software/gcc-arm-none-eabi-4_9-2015q2-20150609-win32/bin/../lib/gcc/arm-none-eabi/4.9.3/../../../../arm-none-eabi/lib/armv7-m\libm.a(lib_a-w_pow.o) (finite)
d:/software/gcc-arm-none-eabi-4_9-2015q2-20150609-win32/bin/../lib/gcc/arm-none-eabi/4.9.3/../../../../arm-none-eabi/lib/armv7-m\libm.a(lib_a-s_fpclassify.o)
                              d:/software/gcc-arm-none-eabi-4_9-2015q2-20150609-win32/bin/../lib/gcc/arm-none-eabi/4.9.3/../../../../arm-none-eabi/lib/armv7-m\libm.a(lib_a-w_pow.o) (__fpclassifyd)
d:/software/gcc-arm-none-eabi-4_9-2015q2-20150609-win32/bin/../lib/gcc/arm-none-eabi/4.9.3/../../../../arm-none-eabi/lib/armv7-m\libm.a(lib_a-s_lib_ver.o)
                              d:/software/gcc-arm-none-eabi-4_9-2015q2-20150609-win32/bin/../lib/gcc/arm-none-eabi/4.9.3/../../../../arm-none-eabi/lib/armv7-m\libm.a(lib_a-w_pow.o) (__fdlib_version)
d:/software/gcc-arm-none-eabi-4_9-2015q2-20150609-win32/bin/../lib/gcc/arm-none-eabi/4.9.3/../../../../arm-none-eabi/lib/armv7-m\libm.a(lib_a-s_matherr.o)
                              d:/software/gcc-arm-none-eabi-4_9-2015q2-20150609-win32/bin/../lib/gcc/arm-none-eabi/4.9.3/../../../../arm-none-eabi/lib/armv7-m\libm.a(lib_a-w_pow.o) (matherr)
d:/software/gcc-arm-none-eabi-4_9-2015q2-20150609-win32/bin/../lib/gcc/arm-none-eabi/4.9.3/../../../../arm-none-eabi/lib/armv7-m\libm.a(lib_a-s_nan.o)
                              d:/software/gcc-arm-none-eabi-4_9-2015q2-20150609-win32/bin/../lib/gcc/arm-none-eabi/4.9.3/../../../../arm-none-eabi/lib/armv7-m\libm.a(lib_a-e_pow.o) (nan)
d:/software/gcc-arm-none-eabi-4_9-2015q2-20150609-win32/bin/../lib/gcc/arm-none-eabi/4.9.3/../../../../arm-none-eabi/lib/armv7-m\libm.a(lib_a-s_rint.o)
                              d:/software/gcc-arm-none-eabi-4_9-2015q2-20150609-win32/bin/../lib/gcc/arm-none-eabi/4.9.3/../../../../arm-none-eabi/lib/armv7-m\libm.a(lib_a-w_pow.o) (rint)
d:/software/gcc-arm-none-eabi-4_9-2015q2-20150609-win32/bin/../lib/gcc/arm-none-eabi/4.9.3/../../../../arm-none-eabi/lib/armv7-m\libm.a(lib_a-s_scalbn.o)
                              d:/software/gcc-arm-none-eabi-4_9-2015q2-20150609-win32/bin/../lib/gcc/arm-none-eabi/4.9.3/../../../../arm-none-eabi/lib/armv7-m\libm.a(lib_a-e_pow.o) (scalbn)
d:/software/gcc-arm-none-eabi-4_9-2015q2-20150609-win32/bin/../lib/gcc/arm-none-eabi/4.9.3/../../../../arm-none-eabi/lib/armv7-m\libm.a(lib_a-s_copysign.o)
                              d:/software/gcc-arm-none-eabi-4_9-2015q2-20150609-win32/bin/../lib/gcc/arm-none-eabi/4.9.3/../../../../arm-none-eabi/lib/armv7-m\libm.a(lib_a-s_scalbn.o) (copysign)
d:/software/gcc-arm-none-eabi-4_9-2015q2-20150609-win32/bin/../lib/gcc/arm-none-eabi/4.9.3/armv7-m\libgcc.a(_arm_addsubdf3.o)
                              d:/software/gcc-arm-none-eabi-4_9-2015q2-20150609-win32/bin/../lib/gcc/arm-none-eabi/4.9.3/../../../../arm-none-eabi/lib/armv7-m\libm.a(lib_a-s_atan.o) (__aeabi_dsub)
d:/software/gcc-arm-none-eabi-4_9-2015q2-20150609-win32/bin/../lib/gcc/arm-none-eabi/4.9.3/armv7-m\libgcc.a(_arm_muldivdf3.o)
                              ..\obj\main.o (__aeabi_dmul)
[...]
Memory Configuration

Name             Origin             Length             Attributes
rom              0x08000000         0x00020000         xr
ram              0x20000000         0x00002000         xrw
*default*        0x00000000         0xffffffff

Linker script and memory map

LOAD d:/software/gcc-arm-none-eabi-4_9-2015q2-20150609-win32/bin/../lib/gcc/arm-none-eabi/4.9.3/armv7-m/crti.o
LOAD d:/software/gcc-arm-none-eabi-4_9-2015q2-20150609-win32/bin/../lib/gcc/arm-none-eabi/4.9.3/armv7-m/crtbegin.o
LOAD d:/software/gcc-arm-none-eabi-4_9-2015q2-20150609-win32/bin/../lib/gcc/arm-none-eabi/4.9.3/../../../../arm-none-eabi/lib/armv7-m/crt0.o
                0x20002000                _eram = 0x20002000

.text           0x08000000     0xfbf0
 *(.isr_vector)
 .isr_vector    0x08000000      0x1d0 ..\obj\startup_stm32f100xb.o
                0x08000000                g_pfnVectors
 *(.text*)
 .text          0x080001d0       0x5c d:/software/gcc-arm-none-eabi-4_9-2015q2-20150609-win32/bin/../lib/gcc/arm-none-eabi/4.9.3/armv7-m/crtbegin.o
 .text          0x0800022c      0xbdc ..\obj\stm32f1xx_hal_dma.o
                0x0800022c                HAL_DMA_Init
                0x080002c4                HAL_DMA_DeInit
                0x080004a4                HAL_DMA_Start
                0x08000508                HAL_DMA_Start_IT
                0x0800059c                HAL_DMA_Abort
                0x08000618                HAL_DMA_PollForTransfer
                0x080009ac                HAL_DMA_IRQHandler
                0x08000d88                HAL_DMA_GetState
                0x08000da4                HAL_DMA_GetError
 .text          0x08000e08     0x3214 ..\obj\stm32f1xx_hal_i2c.o
                0x08000e08                HAL_I2C_Init
                0x08000f0c                HAL_I2C_DeInit
                0x08000f84                HAL_I2C_Master_Transmit
                0x080010f0                HAL_I2C_Master_Receive
                0x0800140c                HAL_I2C_Slave_Transmit
                0x080015ac                HAL_I2C_Slave_Receive
                0x0800172c                HAL_I2C_Master_Transmit_IT
                0x08001828                HAL_I2C_Master_Receive_IT
                0x080019b4                HAL_I2C_Slave_Transmit_IT
                0x08001a78                HAL_I2C_Slave_Receive_IT
                0x08001b3c                HAL_I2C_Master_Transmit_DMA
                0x08001c6c                HAL_I2C_Master_Receive_DMA
                0x08001dc4                HAL_I2C_Slave_Transmit_DMA
                0x08001f30                HAL_I2C_Slave_Receive_DMA
                0x08002050                HAL_I2C_Mem_Write
                0x080021b4                HAL_I2C_Mem_Read
                0x080024a0                HAL_I2C_Mem_Write_IT
                0x08002598                HAL_I2C_Mem_Read_IT
                0x08002730                HAL_I2C_Mem_Write_DMA
                0x08002858                HAL_I2C_Mem_Read_DMA
                0x080029bc                HAL_I2C_IsDeviceReady
                0x08002be0                HAL_I2C_EV_IRQHandler
                0x08002ec0                HAL_I2C_ER_IRQHandler
                0x080030a4                HAL_I2C_MasterTxCpltCallback
                0x080030b8                HAL_I2C_MasterRxCpltCallback
                0x080030cc                HAL_I2C_SlaveTxCpltCallback
                0x080030e0                HAL_I2C_SlaveRxCpltCallback
                0x080030f4                HAL_I2C_MemTxCpltCallback
                0x08003108                HAL_I2C_MemRxCpltCallback
                0x0800311c                HAL_I2C_ErrorCallback
                0x08003130                HAL_I2C_GetState
                0x0800314c                HAL_I2C_GetError
 .text          0x0800401c      0x144 ..\obj\system_stm32f1xx.o
                0x0800401c                SystemInit
                0x0800408c                SystemCoreClockUpdate
 .text          0x08004160      0x52c ..\obj\stm32f1xx_hal_cortex.o
                0x080044dc                HAL_NVIC_SetPriorityGrouping
                0x080044f0                HAL_NVIC_SetPriority
                0x08004528                HAL_NVIC_EnableIRQ
                0x08004544                HAL_NVIC_DisableIRQ
                0x08004560                HAL_NVIC_SystemReset
                0x0800456c                HAL_SYSTICK_Config
                0x08004584                HAL_NVIC_GetPriorityGrouping
                0x08004594                HAL_NVIC_GetPriority
                0x080045c4                HAL_NVIC_SetPendingIRQ
                0x080045e0                HAL_NVIC_GetPendingIRQ
                0x08004600                HAL_NVIC_ClearPendingIRQ
                0x0800461c                HAL_NVIC_GetActive
                0x0800463c                HAL_SYSTICK_CLKSourceConfig
                0x08004674                HAL_SYSTICK_IRQHandler
                0x08004680                HAL_SYSTICK_Callback
 .text          0x0800468c      0x558 ..\obj\stm32f1xx_hal_gpio.o
                0x0800468c                HAL_GPIO_Init
                0x08004948                HAL_GPIO_DeInit
                0x08004acc                HAL_GPIO_ReadPin
                0x08004afc                HAL_GPIO_WritePin
                0x08004b2c                HAL_GPIO_TogglePin
                0x08004b50                HAL_GPIO_LockPin
                0x08004ba0                HAL_GPIO_EXTI_IRQHandler
                0x08004bd0                HAL_GPIO_EXTI_Callback
 .text          0x08004be4      0x240 ..\obj\stm32f1xx_hal.o
                0x08004be4                HAL_Init
                0x08004c00                HAL_DeInit
                0x08004c3c                HAL_MspDeInit
                0x08004c48                HAL_InitTick
                0x08004c80                HAL_IncTick
                0x08004c9c                HAL_GetTick
                0x08004cb4                HAL_Delay
                0x08004ce0                HAL_SuspendTick
                0x08004cfc                HAL_ResumeTick
                0x08004d18                HAL_GetHalVersion
                0x08004d2c                HAL_GetREVID
                0x08004d60                HAL_GetDEVID
                0x08004d7c                HAL_DBGMCU_EnableDBGSleepMode
                0x08004d98                HAL_DBGMCU_DisableDBGSleepMode
                0x08004db4                HAL_DBGMCU_EnableDBGStopMode
                0x08004dd0                HAL_DBGMCU_DisableDBGStopMode
                0x08004dec                HAL_DBGMCU_EnableDBGStandbyMode
                0x08004e08                HAL_DBGMCU_DisableDBGStandbyMode
 .text          0x08004e24       0x10 ..\obj\stm32f1xx_it.o
                0x08004e24                SysTick_Handler
 .text.Reset_Handler
                0x08004e34       0x48 ..\obj\startup_stm32f100xb.o
                0x08004e34                Reset_Handler
 .text.Default_Handler
                0x08004e7c        0x2 ..\obj\startup_stm32f100xb.o
                0x08004e7c                RTC_Alarm_IRQHandler
                0x08004e7c                EXTI2_IRQHandler
                0x08004e7c                DebugMon_Handler
                0x08004e7c                TIM1_CC_IRQHandler
                0x08004e7c                HardFault_Handler
                0x08004e7c                PVD_IRQHandler
                0x08004e7c                PendSV_Handler
                0x08004e7c                NMI_Handler
                0x08004e7c                EXTI3_IRQHandler
                0x08004e7c                EXTI0_IRQHandler
                0x08004e7c                TIM1_UP_TIM16_IRQHandler
                0x08004e7c                UsageFault_Handler
                0x08004e7c                SPI1_IRQHandler
                0x08004e7c                TAMPER_IRQHandler
                0x08004e7c                TIM6_DAC_IRQHandler
                0x08004e7c                DMA1_Channel4_IRQHandler
                0x08004e7c                ADC1_IRQHandler
                0x08004e7c                USART3_IRQHandler
                0x08004e7c                RTC_IRQHandler
                0x08004e7c                DMA1_Channel7_IRQHandler
                0x08004e7c                TIM4_IRQHandler
                0x08004e7c                I2C1_EV_IRQHandler
                0x08004e7c                DMA1_Channel6_IRQHandler
                0x08004e7c                TIM3_IRQHandler
                0x08004e7c                RCC_IRQHandler
                0x08004e7c                DMA1_Channel1_IRQHandler
                0x08004e7c                Default_Handler
                0x08004e7c                CEC_IRQHandler
                0x08004e7c                EXTI15_10_IRQHandler
                0x08004e7c                TIM7_IRQHandler
                0x08004e7c                EXTI9_5_IRQHandler
                0x08004e7c                MemManage_Handler
                0x08004e7c                SVC_Handler
                0x08004e7c                DMA1_Channel5_IRQHandler
                0x08004e7c                EXTI4_IRQHandler
                0x08004e7c                TIM1_TRG_COM_TIM17_IRQHandler
                0x08004e7c                DMA1_Channel3_IRQHandler
                0x08004e7c                WWDG_IRQHandler
                0x08004e7c                TIM2_IRQHandler
                0x08004e7c                EXTI1_IRQHandler
                0x08004e7c                USART2_IRQHandler
                0x08004e7c                DMA1_Channel2_IRQHandler
                0x08004e7c                FLASH_IRQHandler
                0x08004e7c                BusFault_Handler
                0x08004e7c                USART1_IRQHandler
                0x08004e7c                I2C1_ER_IRQHandler
                0x08004e7c                TIM1_BRK_TIM15_IRQHandler
 *fill*         0x08004e7e        0x2 
 .text          0x08004e80      0x69c ..\obj\I2Cdev.o
                0x08004e80                I2Cdev_readBit
                0x08004ec8                I2Cdev_readBitW
                0x08004f10                I2Cdev_readBits
                0x08004f8c                I2Cdev_readBitsW
                0x08005008                I2Cdev_readByte
                0x0800503c                I2Cdev_readWord
                0x08005070                I2Cdev_readBytes
                0x080050e4                I2Cdev_readWords
                0x0800515c                I2Cdev_writeBit
                0x080051e0                I2Cdev_writeBitW
                0x08005264                I2Cdev_writeBits
                0x08005310                I2Cdev_writeBitsW
                0x080053b4                I2Cdev_writeByte
                0x080053e0                I2Cdev_writeWord
                0x0800540c                I2Cdev_writeBytes
                0x08005490                I2Cdev_writeWords
 *fill*         0x0800551c        0x4 
 .text          0x08005520      0xc14 ..\obj\main.o
                0x08005520                send_motion_data
                0x080055ac                main
                0x08005638                SystemClock_Config
                0x080057d4                init_led_hal
                0x08005820                init_led
                0x08005858                led_on
                0x08005874                led_off
                0x08005890                led_hal
                0x080058ac                init_uart
                0x0800597c                usart_send_str_ok
                0x08005a1c                usart_send_str
                0x08005a30                mpu6050_read_to_struct
                0x08005a94                mpu6050_send_data_uart
                0x08005ad0                Calibrate_Gyros
                0x08005c50                Get_Accel_Values
                0x08005d5c                Get_Accel_Angles
                0x08005efc                Get_Gyro_Rates
                0x080060b4                mpu6050_loop
 .text          0x08006134     0x154c ..\obj\stm32f1xx_hal_uart.o
                0x08006134                HAL_UART_Init
                0x080061c8                HAL_HalfDuplex_Init
                0x0800626c                HAL_LIN_Init
                0x08006324                HAL_MultiProcessor_Init
                0x080063e4                HAL_UART_DeInit
                0x08006474                HAL_UART_Transmit
                0x080065c4                HAL_UART_Receive
                0x08006734                HAL_UART_Transmit_IT
                0x080067f4                HAL_UART_Receive_IT
                0x080068c4                HAL_UART_Transmit_DMA
                0x080069c0                HAL_UART_Receive_DMA
                0x08006aa8                HAL_UART_DMAPause
                0x08006b44                HAL_UART_DMAResume
                0x08006c04                HAL_UART_DMAStop
                0x08006c54                HAL_UART_IRQHandler
                0x08006e34                HAL_UART_TxCpltCallback
                0x08006e48                HAL_UART_TxHalfCpltCallback
                0x08006e5c                HAL_UART_RxCpltCallback
                0x08006e70                HAL_UART_RxHalfCpltCallback
                0x08006e84                HAL_UART_ErrorCallback
                0x08006e98                HAL_LIN_SendBreak
                0x08006eec                HAL_MultiProcessor_EnterMuteMode
                0x08006f40                HAL_MultiProcessor_ExitMuteMode
                0x08006f94                HAL_HalfDuplex_EnableTransmitter
                0x08006fec                HAL_HalfDuplex_EnableReceiver
                0x08007044                HAL_UART_GetState
                0x08007060                HAL_UART_GetError
 .text          0x08007680     0x3470 ..\obj\MPU6050.o
                0x08007680                MPU6050_setAddress
                0x080076a0                MPU6050_initialize
                0x080076c8                MPU6050_testConnection
                0x080076e0                MPU6050_getAuxVDDIOLevel
                0x0800770c                MPU6050_setAuxVDDIOLevel
                0x08007730                MPU6050_getRate
                0x08007754                MPU6050_setRate
                0x08007778                MPU6050_getExternalFrameSync
                0x080077a8                MPU6050_setExternalFrameSync
                0x080077d0                MPU6050_getDLPFMode
                0x08007800                MPU6050_setDLPFMode
                0x08007828                MPU6050_getFullScaleGyroRange
                0x08007858                MPU6050_setFullScaleGyroRange
                0x08007880                MPU6050_getAccelXSelfTest
                0x080078b8                MPU6050_setAccelXSelfTest
                0x080078dc                MPU6050_getAccelYSelfTest
                0x08007914                MPU6050_setAccelYSelfTest
                0x08007938                MPU6050_getAccelZSelfTest
                0x08007970                MPU6050_setAccelZSelfTest
                0x08007994                MPU6050_getFullScaleAccelRange
                0x080079c4                MPU6050_setFullScaleAccelRange
                0x080079ec                MPU6050_getDHPFMode
                0x08007a1c                MPU6050_setDHPFMode
                0x08007a44                MPU6050_getFreefallDetectionThreshold
                0x08007a68                MPU6050_setFreefallDetectionThreshold
                0x08007a8c                MPU6050_getFreefallDetectionDuration
                0x08007ab0                MPU6050_setFreefallDetectionDuration
                0x08007ad4                MPU6050_getMotionDetectionThreshold
                0x08007af8                MPU6050_setMotionDetectionThreshold
                0x08007b1c                MPU6050_getMotionDetectionDuration
                0x08007b40                MPU6050_setMotionDetectionDuration
                0x08007b64                MPU6050_getZeroMotionDetectionThreshold
                0x08007b88                MPU6050_setZeroMotionDetectionThreshold
                0x08007bac                MPU6050_getZeroMotionDetectionDuration
                0x08007bd0                MPU6050_setZeroMotionDetectionDuration
                0x08007bf4                MPU6050_getTempFIFOEnabled
                0x08007c2c                MPU6050_setTempFIFOEnabled
                0x08007c50                MPU6050_getXGyroFIFOEnabled
                0x08007c88                MPU6050_setXGyroFIFOEnabled
                0x08007cac                MPU6050_getYGyroFIFOEnabled
                0x08007ce4                MPU6050_setYGyroFIFOEnabled
                0x08007d08                MPU6050_getZGyroFIFOEnabled
                0x08007d40                MPU6050_setZGyroFIFOEnabled
                0x08007d64                MPU6050_getAccelFIFOEnabled
                0x08007d9c                MPU6050_setAccelFIFOEnabled
                0x08007dc0                MPU6050_getSlave2FIFOEnabled
                0x08007df8                MPU6050_setSlave2FIFOEnabled
                0x08007e1c                MPU6050_getSlave1FIFOEnabled
                0x08007e54                MPU6050_setSlave1FIFOEnabled
                0x08007e78                MPU6050_getSlave0FIFOEnabled
                0x08007eb0                MPU6050_setSlave0FIFOEnabled
                0x08007ed4                MPU6050_getMultiMasterEnabled
                0x08007f0c                MPU6050_setMultiMasterEnabled
                0x08007f30                MPU6050_getWaitForExternalSensorEnabled
                0x08007f68                MPU6050_setWaitForExternalSensorEnabled
                0x08007f8c                MPU6050_getSlave3FIFOEnabled
                0x08007fc4                MPU6050_setSlave3FIFOEnabled
                0x08007fe8                MPU6050_getSlaveReadWriteTransitionEnabled
                0x08008020                MPU6050_setSlaveReadWriteTransitionEnabled
                0x08008044                MPU6050_getMasterClockSpeed
                0x08008074                MPU6050_setMasterClockSpeed
                0x0800809c                MPU6050_getSlaveAddress
                0x080080e4                MPU6050_setSlaveAddress
                0x08008124                MPU6050_getSlaveRegister
                0x0800816c                MPU6050_setSlaveRegister
                0x080081ac                MPU6050_getSlaveEnabled
                0x08008200                MPU6050_setSlaveEnabled
                0x08008240                MPU6050_getSlaveWordByteSwap
                0x08008294                MPU6050_setSlaveWordByteSwap
                0x080082d4                MPU6050_getSlaveWriteMode
                0x08008328                MPU6050_setSlaveWriteMode
                0x08008368                MPU6050_getSlaveWordGroupOffset
                0x080083bc                MPU6050_setSlaveWordGroupOffset
                0x080083fc                MPU6050_getSlaveDataLength
                0x0800844c                MPU6050_setSlaveDataLength
                0x08008490                MPU6050_getSlave4Address
                0x080084b4                MPU6050_setSlave4Address
                0x080084d8                MPU6050_getSlave4Register
                0x080084fc                MPU6050_setSlave4Register
                0x08008520                MPU6050_setSlave4OutputByte
                0x08008544                MPU6050_getSlave4Enabled
                0x0800857c                MPU6050_setSlave4Enabled
                0x080085a0                MPU6050_getSlave4InterruptEnabled
                0x080085d8                MPU6050_setSlave4InterruptEnabled
                0x080085fc                MPU6050_getSlave4WriteMode
                0x08008634                MPU6050_setSlave4WriteMode
                0x08008658                MPU6050_getSlave4MasterDelay
                0x08008688                MPU6050_setSlave4MasterDelay
                0x080086b0                MPU6050_getSlate4InputByte
                0x080086d4                MPU6050_getPassthroughStatus
                0x0800870c                MPU6050_getSlave4IsDone
                0x08008744                MPU6050_getLostArbitration
                0x0800877c                MPU6050_getSlave4Nack
                0x080087b4                MPU6050_getSlave3Nack
                0x080087ec                MPU6050_getSlave2Nack
                0x08008824                MPU6050_getSlave1Nack
                0x0800885c                MPU6050_getSlave0Nack
                0x08008894                MPU6050_getInterruptMode
                0x080088cc                MPU6050_setInterruptMode
                0x080088f0                MPU6050_getInterruptDrive
                0x08008928                MPU6050_setInterruptDrive
                0x0800894c                MPU6050_getInterruptLatch
                0x08008984                MPU6050_setInterruptLatch
                0x080089a8                MPU6050_getInterruptLatchClear
                0x080089e0                MPU6050_setInterruptLatchClear
                0x08008a04                MPU6050_getFSyncInterruptLevel
                0x08008a3c                MPU6050_setFSyncInterruptLevel
                0x08008a60                MPU6050_getFSyncInterruptEnabled
                0x08008a98                MPU6050_setFSyncInterruptEnabled
                0x08008abc                MPU6050_getI2CBypassEnabled
                0x08008af4                MPU6050_setI2CBypassEnabled
                0x08008b18                MPU6050_getClockOutputEnabled
                0x08008b50                MPU6050_setClockOutputEnabled
                0x08008b74                MPU6050_getIntEnabled
                0x08008b98                MPU6050_setIntEnabled
                0x08008bbc                MPU6050_getIntFreefallEnabled
                0x08008bf4                MPU6050_setIntFreefallEnabled
                0x08008c18                MPU6050_getIntMotionEnabled
                0x08008c50                MPU6050_setIntMotionEnabled
                0x08008c74                MPU6050_getIntZeroMotionEnabled
                0x08008cac                MPU6050_setIntZeroMotionEnabled
                0x08008cd0                MPU6050_getIntFIFOBufferOverflowEnabled
                0x08008d08                MPU6050_setIntFIFOBufferOverflowEnabled
                0x08008d2c                MPU6050_getIntI2CMasterEnabled
                0x08008d64                MPU6050_setIntI2CMasterEnabled
                0x08008d88                MPU6050_getIntDataReadyEnabled
                0x08008dc0                MPU6050_setIntDataReadyEnabled
                0x08008de4                MPU6050_getIntStatus
                0x08008e08                MPU6050_getIntFreefallStatus
                0x08008e40                MPU6050_getIntMotionStatus
                0x08008e78                MPU6050_getIntZeroMotionStatus
                0x08008eb0                MPU6050_getIntFIFOBufferOverflowStatus
                0x08008ee8                MPU6050_getIntI2CMasterStatus
                0x08008f20                MPU6050_getIntDataReadyStatus
                0x08008f58                MPU6050_getMotion9
                0x08008f80                MPU6050_getMotion6
                0x08009034                MPU6050_getAcceleration
                0x080090a4                MPU6050_getAccelerationX
                0x080090e0                MPU6050_getAccelerationY
                0x0800911c                MPU6050_getAccelerationZ
                0x08009158                MPU6050_getTemperature
                0x08009194                MPU6050_getRotation
                0x08009204                MPU6050_getRotationX
                0x08009240                MPU6050_getRotationY
                0x0800927c                MPU6050_getRotationZ
                0x080092b8                MPU6050_getExternalSensorByte
                0x080092ec                MPU6050_getExternalSensorWord
                0x08009334                MPU6050_getExternalSensorDWord
                0x08009384                MPU6050_getMotionStatus
                0x080093a8                MPU6050_getXNegMotionDetected
                0x080093e0                MPU6050_getXPosMotionDetected
                0x08009418                MPU6050_getYNegMotionDetected
                0x08009450                MPU6050_getYPosMotionDetected
                0x08009488                MPU6050_getZNegMotionDetected
                0x080094c0                MPU6050_getZPosMotionDetected
                0x080094f8                MPU6050_getZeroMotionDetected
                0x08009530                MPU6050_setSlaveOutputByte
                0x08009568                MPU6050_getExternalShadowDelayEnabled
                0x080095a0                MPU6050_setExternalShadowDelayEnabled
                0x080095c4                MPU6050_getSlaveDelayEnabled
                0x0800960c                MPU6050_setSlaveDelayEnabled
                0x08009638                MPU6050_resetGyroscopePath
                0x08009654                MPU6050_resetAccelerometerPath
                0x08009670                MPU6050_resetTemperaturePath
                0x0800968c                MPU6050_getAccelerometerPowerOnDelay
                0x080096bc                MPU6050_setAccelerometerPowerOnDelay
                0x080096e4                MPU6050_getFreefallDetectionCounterDecrement
                0x08009714                MPU6050_setFreefallDetectionCounterDecrement
                0x0800973c                MPU6050_getMotionDetectionCounterDecrement
                0x0800976c                MPU6050_setMotionDetectionCounterDecrement
                0x08009794                MPU6050_getFIFOEnabled
                0x080097cc                MPU6050_setFIFOEnabled
                0x080097f0                MPU6050_getI2CMasterModeEnabled
                0x08009828                MPU6050_setI2CMasterModeEnabled
                0x0800984c                MPU6050_switchSPIEnabled
                0x08009870                MPU6050_resetFIFO
                0x0800988c                MPU6050_resetI2CMaster
                0x080098a8                MPU6050_resetSensors
                0x080098c4                MPU6050_reset
                0x080098e0                MPU6050_getSleepEnabled
                0x08009918                MPU6050_setSleepEnabled
                0x0800993c                MPU6050_getWakeCycleEnabled
                0x08009974                MPU6050_setWakeCycleEnabled
                0x08009998                MPU6050_getTempSensorEnabled
                0x080099d0                MPU6050_setTempSensorEnabled
                0x080099fc                MPU6050_getClockSource
                0x08009a2c                MPU6050_setClockSource
                0x08009a54                MPU6050_getWakeFrequency
                0x08009a84                MPU6050_setWakeFrequency
                0x08009aac                MPU6050_getStandbyXAccelEnabled
                0x08009ae4                MPU6050_setStandbyXAccelEnabled
                0x08009b08                MPU6050_getStandbyYAccelEnabled
                0x08009b40                MPU6050_setStandbyYAccelEnabled
                0x08009b64                MPU6050_getStandbyZAccelEnabled
                0x08009b9c                MPU6050_setStandbyZAccelEnabled
                0x08009bc0                MPU6050_getStandbyXGyroEnabled
                0x08009bf8                MPU6050_setStandbyXGyroEnabled
                0x08009c1c                MPU6050_getStandbyYGyroEnabled
                0x08009c54                MPU6050_setStandbyYGyroEnabled
                0x08009c78                MPU6050_getStandbyZGyroEnabled
                0x08009cb0                MPU6050_setStandbyZGyroEnabled
                0x08009cd4                MPU6050_getFIFOCount
                0x08009d10                MPU6050_getFIFOByte
                0x08009d34                MPU6050_getFIFOBytes
                0x08009d60                MPU6050_setFIFOByte
                0x08009d84                MPU6050_getDeviceID
                0x08009db4                MPU6050_setDeviceID
                0x08009ddc                MPU6050_getOTPBankValid
                0x08009e08                MPU6050_setOTPBankValid
                0x08009e2c                MPU6050_getXGyroOffsetTC
                0x08009e60                MPU6050_setXGyroOffsetTC
                0x08009e88                MPU6050_getYGyroOffsetTC
                0x08009ebc                MPU6050_setYGyroOffsetTC
                0x08009ee4                MPU6050_getZGyroOffsetTC
                0x08009f18                MPU6050_setZGyroOffsetTC
                0x08009f40                MPU6050_getXFineGain
                0x08009f68                MPU6050_setXFineGain
                0x08009f8c                MPU6050_getYFineGain
                0x08009fb4                MPU6050_setYFineGain
                0x08009fd8                MPU6050_getZFineGain
                0x0800a000                MPU6050_setZFineGain
                0x0800a024                MPU6050_getXAccelOffset
                0x0800a060                MPU6050_setXAccelOffset
                0x0800a084                MPU6050_getYAccelOffset
                0x0800a0c0                MPU6050_setYAccelOffset
                0x0800a0e4                MPU6050_getZAccelOffset
                0x0800a120                MPU6050_setZAccelOffset
                0x0800a144                MPU6050_getXGyroOffset
                0x0800a180                MPU6050_setXGyroOffset
                0x0800a1a4                MPU6050_getYGyroOffset
                0x0800a1e0                MPU6050_setYGyroOffset
                0x0800a204                MPU6050_getZGyroOffset
                0x0800a240                MPU6050_setZGyroOffset
                0x0800a264                MPU6050_getIntPLLReadyEnabled
                0x0800a29c                MPU6050_setIntPLLReadyEnabled
                0x0800a2c0                MPU6050_getIntDMPEnabled
                0x0800a2f8                MPU6050_setIntDMPEnabled
                0x0800a31c                MPU6050_getDMPInt5Status
                0x0800a354                MPU6050_getDMPInt4Status
                0x0800a38c                MPU6050_getDMPInt3Status
                0x0800a3c4                MPU6050_getDMPInt2Status
                0x0800a3fc                MPU6050_getDMPInt1Status
                0x0800a434                MPU6050_getDMPInt0Status
                0x0800a46c                MPU6050_getIntPLLReadyStatus
                0x0800a4a4                MPU6050_getIntDMPStatus
                0x0800a4dc                MPU6050_getDMPEnabled
                0x0800a514                MPU6050_setDMPEnabled
                0x0800a538                MPU6050_resetDMP
                0x0800a554                MPU6050_setMemoryBank
                0x0800a5a4                MPU6050_setMemoryStartAddress
                0x0800a5c8                MPU6050_readMemoryByte
                0x0800a5ec                MPU6050_writeMemoryByte
                0x0800a610                MPU6050_readMemoryBlock
                0x0800a6d8                MPU6050_writeMemoryBlock
                0x0800a878                MPU6050_writeProgMemoryBlock
                0x0800a8b4                MPU6050_writeDMPConfigurationSet
                0x0800aa3c                MPU6050_writeProgDMPConfigurationSet
                0x0800aa60                MPU6050_getDMPConfig1
                0x0800aa84                MPU6050_setDMPConfig1
                0x0800aaa8                MPU6050_getDMPConfig2
                0x0800aacc                MPU6050_setDMPConfig2
 .text          0x0800aaf0      0x2a4 ..\obj\syscalls.o
                0x0800aaf0                _exit
                0x0800aafc                _close
                0x0800ab14                _execve
                0x0800ab38                _fork
                0x0800ab50                _fstat
                0x0800ab70                _getpid
                0x0800ab80                _isatty
                0x0800aba8                _kill
                0x0800abc8                _link
                0x0800abe8                _lseek
                0x0800ac04                _sbrk
                0x0800ac74                _read
                0x0800acbc                _stat
                0x0800acdc                _times
                0x0800acf4                _unlink
                0x0800ad14                _wait
                0x0800ad34                _write
 .text          0x0800ad94      0x1f4 ..\obj\stm32f1xx_hal_msp.o
                0x0800ad94                HAL_MspInit
                0x0800ade4                HAL_I2C_MspInit
                0x0800ae7c                HAL_I2C_MspDeInit
                0x0800aedc                HAL_UART_MspInit
                0x0800af4c                HAL_UART_MspDeInit
 .text          0x0800af88     0x17c8 ..\obj\stm32f1xx_hal_rcc.o
                0x0800af88                HAL_RCC_DeInit
                0x0800affc                HAL_RCC_OscConfig
                0x0800c024                HAL_RCC_ClockConfig
                0x0800c300                HAL_RCC_MCOConfig
                0x0800c37c                HAL_RCC_EnableCSS
                0x0800c3b0                HAL_RCC_DisableCSS
                0x0800c3e4                HAL_RCC_GetSysClockFreq
                0x0800c4e0                HAL_RCC_GetHCLKFreq
                0x0800c530                HAL_RCC_GetPCLK1Freq
                0x0800c574                HAL_RCC_GetPCLK2Freq
                0x0800c5b8                HAL_RCC_GetOscConfig
                0x0800c6c8                HAL_RCC_GetClockConfig
                0x0800c720                HAL_RCC_NMI_IRQHandler
                0x0800c744                HAL_RCC_CSSCallback
 .text.atan     0x0800c750      0x334 d:/software/gcc-arm-none-eabi-4_9-2015q2-20150609-win32/bin/../lib/gcc/arm-none-eabi/4.9.3/../../../../arm-none-eabi/lib/armv7-m\libm.a(lib_a-s_atan.o)
                0x0800c750                atan
 .text.fabs     0x0800ca84        0x8 d:/software/gcc-arm-none-eabi-4_9-2015q2-20150609-win32/bin/../lib/gcc/arm-none-eabi/4.9.3/../../../../arm-none-eabi/lib/armv7-m\libm.a(lib_a-s_fabs.o)
                0x0800ca84                fabs
 .text.pow      0x0800ca8c      0x2f0 d:/software/gcc-arm-none-eabi-4_9-2015q2-20150609-win32/bin/../lib/gcc/arm-none-eabi/4.9.3/../../../../arm-none-eabi/lib/armv7-m\libm.a(lib_a-w_pow.o)
                0x0800ca8c                pow
 .text.sqrt     0x0800cd7c       0xac d:/software/gcc-arm-none-eabi-4_9-2015q2-20150609-win32/bin/../lib/gcc/arm-none-eabi/4.9.3/../../../../arm-none-eabi/lib/armv7-m\libm.a(lib_a-w_sqrt.o)
                0x0800cd7c                sqrt
 .text.__ieee754_pow
                0x0800ce28      0xaa0 d:/software/gcc-arm-none-eabi-4_9-2015q2-20150609-win32/bin/../lib/gcc/arm-none-eabi/4.9.3/../../../../arm-none-eabi/lib/armv7-m\libm.a(lib_a-e_pow.o)
                0x0800ce28                __ieee754_pow
 .text.__ieee754_sqrt
                0x0800d8c8      0x18c d:/software/gcc-arm-none-eabi-4_9-2015q2-20150609-win32/bin/../lib/gcc/arm-none-eabi/4.9.3/../../../../arm-none-eabi/lib/armv7-m\libm.a(lib_a-e_sqrt.o)
                0x0800d8c8                __ieee754_sqrt
 .text.finite   0x0800da54        0xc d:/software/gcc-arm-none-eabi-4_9-2015q2-20150609-win32/bin/../lib/gcc/arm-none-eabi/4.9.3/../../../../arm-none-eabi/lib/armv7-m\libm.a(lib_a-s_finite.o)
                0x0800da54                finite
 .text.__fpclassifyd
                0x0800da60       0x58 d:/software/gcc-arm-none-eabi-4_9-2015q2-20150609-win32/bin/../lib/gcc/arm-none-eabi/4.9.3/../../../../arm-none-eabi/lib/armv7-m\libm.a(lib_a-s_fpclassify.o)
                0x0800da60                __fpclassifyd
 .text.matherr  0x0800dab8        0x4 d:/software/gcc-arm-none-eabi-4_9-2015q2-20150609-win32/bin/../lib/gcc/arm-none-eabi/4.9.3/../../../../arm-none-eabi/lib/armv7-m\libm.a(lib_a-s_matherr.o)
                0x0800dab8                matherr
 .text.nan      0x0800dabc        0xc d:/software/gcc-arm-none-eabi-4_9-2015q2-20150609-win32/bin/../lib/gcc/arm-none-eabi/4.9.3/../../../../arm-none-eabi/lib/armv7-m\libm.a(lib_a-s_nan.o)
                0x0800dabc                nan
 .text.rint     0x0800dac8      0x11c d:/software/gcc-arm-none-eabi-4_9-2015q2-20150609-win32/bin/../lib/gcc/arm-none-eabi/4.9.3/../../../../arm-none-eabi/lib/armv7-m\libm.a(lib_a-s_rint.o)
                0x0800dac8                rint
 *fill*         0x0800dbe4        0x4 
 .text.scalbn   0x0800dbe8       0xec d:/software/gcc-arm-none-eabi-4_9-2015q2-20150609-win32/bin/../lib/gcc/arm-none-eabi/4.9.3/../../../../arm-none-eabi/lib/armv7-m\libm.a(lib_a-s_scalbn.o)
                0x0800dbe8                scalbn
 .text.copysign
                0x0800dcd4       0x10 d:/software/gcc-arm-none-eabi-4_9-2015q2-20150609-win32/bin/../lib/gcc/arm-none-eabi/4.9.3/../../../../arm-none-eabi/lib/armv7-m\libm.a(lib_a-s_copysign.o)
                0x0800dcd4                copysign
 .text          0x0800dce4      0x370 d:/software/gcc-arm-none-eabi-4_9-2015q2-20150609-win32/bin/../lib/gcc/arm-none-eabi/4.9.3/armv7-m\libgcc.a(_arm_addsubdf3.o)
                0x0800dce4                __aeabi_drsub
                0x0800dcec                __aeabi_dsub
                0x0800dcec                __subdf3
                0x0800dcf0                __aeabi_dadd
                0x0800dcf0                __adddf3
                0x0800df68                __floatunsidf
                0x0800df68                __aeabi_ui2d
                0x0800df88                __floatsidf
                0x0800df88                __aeabi_i2d
                0x0800dfac                __aeabi_f2d
                0x0800dfac                __extendsfdf2
                0x0800dfe8                __floatundidf
                0x0800dfe8                __aeabi_ul2d
                0x0800dff8                __floatdidf
                0x0800dff8                __aeabi_l2d
 .text          0x0800e054      0x424 d:/software/gcc-arm-none-eabi-4_9-2015q2-20150609-win32/bin/../lib/gcc/arm-none-eabi/4.9.3/armv7-m\libgcc.a(_arm_muldivdf3.o)
                0x0800e054                __aeabi_dmul
                0x0800e054                __muldf3
                0x0800e2a8                __divdf3
                0x0800e2a8                __aeabi_ddiv
 .text          0x0800e478      0x110 d:/software/gcc-arm-none-eabi-4_9-2015q2-20150609-win32/bin/../lib/gcc/arm-none-eabi/4.9.3/armv7-m\libgcc.a(_arm_cmpdf2.o)
                0x0800e478                __gtdf2
                0x0800e478                __gedf2
                0x0800e480                __ltdf2
                0x0800e480                __ledf2
                0x0800e488                __nedf2
                0x0800e488                __eqdf2
                0x0800e488                __cmpdf2
                0x0800e504                __aeabi_cdrcmple
                0x0800e514                __aeabi_cdcmpeq
                0x0800e514                __aeabi_cdcmple
                0x0800e524                __aeabi_dcmpeq
                0x0800e538                __aeabi_dcmplt
                0x0800e54c                __aeabi_dcmple
                0x0800e560                __aeabi_dcmpge
                0x0800e574                __aeabi_dcmpgt
 .text          0x0800e588       0xa0 d:/software/gcc-arm-none-eabi-4_9-2015q2-20150609-win32/bin/../lib/gcc/arm-none-eabi/4.9.3/armv7-m\libgcc.a(_arm_truncdfsf2.o)
                0x0800e588                __truncdfsf2
                0x0800e588                __aeabi_d2f
 .text          0x0800e628      0x21c d:/software/gcc-arm-none-eabi-4_9-2015q2-20150609-win32/bin/../lib/gcc/arm-none-eabi/4.9.3/armv7-m\libgcc.a(_arm_addsubsf3.o)
                0x0800e628                __aeabi_frsub
                0x0800e630                __subsf3
                0x0800e630                __aeabi_fsub
                0x0800e634                __aeabi_fadd
                0x0800e634                __addsf3
                0x0800e794                __aeabi_ui2f
                0x0800e794                __floatunsisf
                0x0800e79c                __aeabi_i2f
                0x0800e79c                __floatsisf
                0x0800e7b8                __aeabi_ul2f
                0x0800e7b8                __floatundisf
                0x0800e7c8                __aeabi_l2f
                0x0800e7c8                __floatdisf
 .text          0x0800e844      0x2a0 d:/software/gcc-arm-none-eabi-4_9-2015q2-20150609-win32/bin/../lib/gcc/arm-none-eabi/4.9.3/armv7-m\libgcc.a(_arm_muldivsf3.o)
                0x0800e844                __mulsf3
                0x0800e844                __aeabi_fmul
                0x0800e9ac                __aeabi_fdiv
                0x0800e9ac                __divsf3
 .text          0x0800eae4       0x40 d:/software/gcc-arm-none-eabi-4_9-2015q2-20150609-win32/bin/../lib/gcc/arm-none-eabi/4.9.3/armv7-m\libgcc.a(_arm_fixunssfsi.o)
                0x0800eae4                __fixunssfsi
                0x0800eae4                __aeabi_f2uiz
 .text.__errno  0x0800eb24        0xc d:/software/gcc-arm-none-eabi-4_9-2015q2-20150609-win32/bin/../lib/gcc/arm-none-eabi/4.9.3/../../../../arm-none-eabi/lib/armv7-m\libg.a(lib_a-errno.o)
                0x0800eb24                __errno
 .text.__libc_init_array
                0x0800eb30       0x50 d:/software/gcc-arm-none-eabi-4_9-2015q2-20150609-win32/bin/../lib/gcc/arm-none-eabi/4.9.3/../../../../arm-none-eabi/lib/armv7-m\libg.a(lib_a-init.o)
                0x0800eb30                __libc_init_array
 .text.malloc   0x0800eb80       0x10 d:/software/gcc-arm-none-eabi-4_9-2015q2-20150609-win32/bin/../lib/gcc/arm-none-eabi/4.9.3/../../../../arm-none-eabi/lib/armv7-m\libg.a(lib_a-malloc.o)
                0x0800eb80                malloc
 .text.free     0x0800eb90       0x10 d:/software/gcc-arm-none-eabi-4_9-2015q2-20150609-win32/bin/../lib/gcc/arm-none-eabi/4.9.3/../../../../arm-none-eabi/lib/armv7-m\libg.a(lib_a-malloc.o)
                0x0800eb90                free
 .text._malloc_r
                0x0800eba0      0x50c d:/software/gcc-arm-none-eabi-4_9-2015q2-20150609-win32/bin/../lib/gcc/arm-none-eabi/4.9.3/../../../../arm-none-eabi/lib/armv7-m\libg.a(lib_a-mallocr.o)
                0x0800eba0                _malloc_r
 .text.memcmp   0x0800f0ac       0x64 d:/software/gcc-arm-none-eabi-4_9-2015q2-20150609-win32/bin/../lib/gcc/arm-none-eabi/4.9.3/../../../../arm-none-eabi/lib/armv7-m\libg.a(lib_a-memcmp.o)
                0x0800f0ac                memcmp
 .text          0x0800f110       0xec d:/software/gcc-arm-none-eabi-4_9-2015q2-20150609-win32/bin/../lib/gcc/arm-none-eabi/4.9.3/../../../../arm-none-eabi/lib/armv7-m\libg.a(lib_a-memcpy.o)
                0x0800f110                memcpy
 .text.__malloc_lock
                0x0800f1fc        0x4 d:/software/gcc-arm-none-eabi-4_9-2015q2-20150609-win32/bin/../lib/gcc/arm-none-eabi/4.9.3/../../../../arm-none-eabi/lib/armv7-m\libg.a(lib_a-mlock.o)
                0x0800f1fc                __malloc_lock
 .text.__malloc_unlock
                0x0800f200        0x4 d:/software/gcc-arm-none-eabi-4_9-2015q2-20150609-win32/bin/../lib/gcc/arm-none-eabi/4.9.3/../../../../arm-none-eabi/lib/armv7-m\libg.a(lib_a-mlock.o)
                0x0800f200                __malloc_unlock
 .text.realloc  0x0800f204       0x10 d:/software/gcc-arm-none-eabi-4_9-2015q2-20150609-win32/bin/../lib/gcc/arm-none-eabi/4.9.3/../../../../arm-none-eabi/lib/armv7-m\libg.a(lib_a-realloc.o)
                0x0800f204                realloc
 .text._realloc_r
                0x0800f214      0x3e0 d:/software/gcc-arm-none-eabi-4_9-2015q2-20150609-win32/bin/../lib/gcc/arm-none-eabi/4.9.3/../../../../arm-none-eabi/lib/armv7-m\libg.a(lib_a-reallocr.o)
                0x0800f214                _realloc_r
 .text._sbrk_r  0x0800f5f4       0x24 d:/software/gcc-arm-none-eabi-4_9-2015q2-20150609-win32/bin/../lib/gcc/arm-none-eabi/4.9.3/../../../../arm-none-eabi/lib/armv7-m\libg.a(lib_a-sbrkr.o)
                0x0800f5f4                _sbrk_r
 .text.strlen   0x0800f618       0x5c d:/software/gcc-arm-none-eabi-4_9-2015q2-20150609-win32/bin/../lib/gcc/arm-none-eabi/4.9.3/../../../../arm-none-eabi/lib/armv7-m\libg.a(lib_a-strlen.o)
                0x0800f618                strlen
 .text.strncpy  0x0800f674       0x68 d:/software/gcc-arm-none-eabi-4_9-2015q2-20150609-win32/bin/../lib/gcc/arm-none-eabi/4.9.3/../../../../arm-none-eabi/lib/armv7-m\libg.a(lib_a-strncpy.o)
                0x0800f674                strncpy
 .text.startup.register_fini
                0x0800f6dc       0x14 d:/software/gcc-arm-none-eabi-4_9-2015q2-20150609-win32/bin/../lib/gcc/arm-none-eabi/4.9.3/../../../../arm-none-eabi/lib/armv7-m\libg.a(lib_a-__call_atexit.o)
 .text.atexit   0x0800f6f0        0xc d:/software/gcc-arm-none-eabi-4_9-2015q2-20150609-win32/bin/../lib/gcc/arm-none-eabi/4.9.3/../../../../arm-none-eabi/lib/armv7-m\libg.a(lib_a-atexit.o)
                0x0800f6f0                atexit
 .text.__libc_fini_array
                0x0800f6fc       0x2c d:/software/gcc-arm-none-eabi-4_9-2015q2-20150609-win32/bin/../lib/gcc/arm-none-eabi/4.9.3/../../../../arm-none-eabi/lib/armv7-m\libg.a(lib_a-fini.o)
                0x0800f6fc                __libc_fini_array
 .text._malloc_trim_r
                0x0800f728       0x9c d:/software/gcc-arm-none-eabi-4_9-2015q2-20150609-win32/bin/../lib/gcc/arm-none-eabi/4.9.3/../../../../arm-none-eabi/lib/armv7-m\libg.a(lib_a-freer.o)
                0x0800f728                _malloc_trim_r
 .text._free_r  0x0800f7c4      0x1b0 d:/software/gcc-arm-none-eabi-4_9-2015q2-20150609-win32/bin/../lib/gcc/arm-none-eabi/4.9.3/../../../../arm-none-eabi/lib/armv7-m\libg.a(lib_a-freer.o)
                0x0800f7c4                _free_r
 .text.memmove  0x0800f974       0xc8 d:/software/gcc-arm-none-eabi-4_9-2015q2-20150609-win32/bin/../lib/gcc/arm-none-eabi/4.9.3/../../../../arm-none-eabi/lib/armv7-m\libg.a(lib_a-memmove.o)
                0x0800f974                memmove
 .text.__register_exitproc
                0x0800fa3c       0xa4 d:/software/gcc-arm-none-eabi-4_9-2015q2-20150609-win32/bin/../lib/gcc/arm-none-eabi/4.9.3/../../../../arm-none-eabi/lib/armv7-m\libg.a(lib_a-__atexit.o)
                0x0800fa3c                __register_exitproc
 *(.init)
 .init          0x0800fae0        0x4 d:/software/gcc-arm-none-eabi-4_9-2015q2-20150609-win32/bin/../lib/gcc/arm-none-eabi/4.9.3/armv7-m/crti.o
                0x0800fae0                _init
 .init          0x0800fae4        0x8 d:/software/gcc-arm-none-eabi-4_9-2015q2-20150609-win32/bin/../lib/gcc/arm-none-eabi/4.9.3/armv7-m/crtn.o
 *(.fini)
 .fini          0x0800faec        0x4 d:/software/gcc-arm-none-eabi-4_9-2015q2-20150609-win32/bin/../lib/gcc/arm-none-eabi/4.9.3/armv7-m/crti.o
                0x0800faec                _fini
 .fini          0x0800faf0        0x8 d:/software/gcc-arm-none-eabi-4_9-2015q2-20150609-win32/bin/../lib/gcc/arm-none-eabi/4.9.3/armv7-m/crtn.o
 *crtbegin.o(.ctors)
 *crtbegin?.o(.ctors)
 *(EXCLUDE_FILE(*crtend.o *crtend?.o) .ctors)
 *(SORT(.ctors.*))
 *(.ctors)
 *crtbegin.o(.dtors)
 *crtbegin?.o(.dtors)
 *(EXCLUDE_FILE(*crtend.o *crtend?.o) .dtors)
 *(SORT(.dtors.*))
 *(.dtors)
 *(.rodata*)
 .rodata        0x0800faf8       0x10 ..\obj\system_stm32f1xx.o
                0x0800faf8                AHBPrescTable
 .rodata        0x0800fb08       0x1a ..\obj\syscalls.o
 *fill*         0x0800fb22        0x2 
 .rodata        0x0800fb24       0x30 ..\obj\stm32f1xx_hal_rcc.o
                0x0800fb24                aAPBAHBPrescTable
 *fill*         0x0800fb54        0x4 
 .rodata.atanlo
                0x0800fb58       0x20 d:/software/gcc-arm-none-eabi-4_9-2015q2-20150609-win32/bin/../lib/gcc/arm-none-eabi/4.9.3/../../../../arm-none-eabi/lib/armv7-m\libm.a(lib_a-s_atan.o)
 .rodata.atanhi
                0x0800fb78       0x20 d:/software/gcc-arm-none-eabi-4_9-2015q2-20150609-win32/bin/../lib/gcc/arm-none-eabi/4.9.3/../../../../arm-none-eabi/lib/armv7-m\libm.a(lib_a-s_atan.o)
 .rodata.str1.4
                0x0800fb98        0x4 d:/software/gcc-arm-none-eabi-4_9-2015q2-20150609-win32/bin/../lib/gcc/arm-none-eabi/4.9.3/../../../../arm-none-eabi/lib/armv7-m\libm.a(lib_a-w_pow.o)
 .rodata.str1.4
                0x0800fb9c        0x5 d:/software/gcc-arm-none-eabi-4_9-2015q2-20150609-win32/bin/../lib/gcc/arm-none-eabi/4.9.3/../../../../arm-none-eabi/lib/armv7-m\libm.a(lib_a-w_sqrt.o)
 *fill*         0x0800fba1        0x7 
 .rodata.dp_h   0x0800fba8       0x10 d:/software/gcc-arm-none-eabi-4_9-2015q2-20150609-win32/bin/../lib/gcc/arm-none-eabi/4.9.3/../../../../arm-none-eabi/lib/armv7-m\libm.a(lib_a-e_pow.o)
 .rodata.dp_l   0x0800fbb8       0x10 d:/software/gcc-arm-none-eabi-4_9-2015q2-20150609-win32/bin/../lib/gcc/arm-none-eabi/4.9.3/../../../../arm-none-eabi/lib/armv7-m\libm.a(lib_a-e_pow.o)
 .rodata.bp     0x0800fbc8       0x10 d:/software/gcc-arm-none-eabi-4_9-2015q2-20150609-win32/bin/../lib/gcc/arm-none-eabi/4.9.3/../../../../arm-none-eabi/lib/armv7-m\libm.a(lib_a-e_pow.o)
 .rodata.str1.4
                0x00000000        0x5 d:/software/gcc-arm-none-eabi-4_9-2015q2-20150609-win32/bin/../lib/gcc/arm-none-eabi/4.9.3/../../../../arm-none-eabi/lib/armv7-m\libm.a(lib_a-e_pow.o)
                                  0x1 (size before relaxing)
 .rodata.TWO52  0x0800fbd8       0x10 d:/software/gcc-arm-none-eabi-4_9-2015q2-20150609-win32/bin/../lib/gcc/arm-none-eabi/4.9.3/../../../../arm-none-eabi/lib/armv7-m\libm.a(lib_a-s_rint.o)
 .rodata.str1.4
                0x0800fbe8        0x4 d:/software/gcc-arm-none-eabi-4_9-2015q2-20150609-win32/bin/../lib/gcc/arm-none-eabi/4.9.3/../../../../arm-none-eabi/lib/armv7-m\libg.a(lib_a-impure.o)
                                  0x2 (size before relaxing)
 .rodata._global_impure_ptr
                0x0800fbec        0x4 d:/software/gcc-arm-none-eabi-4_9-2015q2-20150609-win32/bin/../lib/gcc/arm-none-eabi/4.9.3/../../../../arm-none-eabi/lib/armv7-m\libg.a(lib_a-impure.o)
                0x0800fbec                _global_impure_ptr
 *(.eh_fram e*)

.eh_frame       0x0800fbf0        0x0
 .eh_frame      0x0800fbf0        0x0 d:/software/gcc-arm-none-eabi-4_9-2015q2-20150609-win32/bin/../lib/gcc/arm-none-eabi/4.9.3/armv7-m/crtbegin.o

.glue_7         0x0800fbf0        0x0
 .glue_7        0x00000000        0x0 linker stubs

.glue_7t        0x0800fbf0        0x0
 .glue_7t       0x00000000        0x0 linker stubs

.vfp11_veneer   0x0800fbf0        0x0
 .vfp11_veneer  0x00000000        0x0 linker stubs

.v4_bx          0x0800fbf0        0x0
 .v4_bx         0x00000000        0x0 linker stubs

.iplt           0x0800fbf0        0x0
 .iplt          0x00000000        0x0 d:/software/gcc-arm-none-eabi-4_9-2015q2-20150609-win32/bin/../lib/gcc/arm-none-eabi/4.9.3/armv7-m/crtbegin.o

.rel.dyn        0x0800fbf0        0x0
 .rel.iplt      0x00000000        0x0 d:/software/gcc-arm-none-eabi-4_9-2015q2-20150609-win32/bin/../lib/gcc/arm-none-eabi/4.9.3/armv7-m/crtbegin.o

.ARM.extab
 *(.ARM.extab* .gnu.linkonce.armextab.*)
                0x0800fbf0                __exidx_start = .

.ARM.exidx
 *(.ARM.exidx* .gnu.linkonce.armexidx.*)
                0x0800fbf0                __exidx_end = .
                0x0800fbf0                __etext = .
                0x0800fbf0                _sidata = __etext

.data           0x20000000      0x854 load address 0x0800fbf0
                0x20000000                __data_start__ = .
                0x20000000                _sdata = __data_start__
 *(vtable)
 *(.data*)
 .data          0x20000000        0x4 ..\obj\system_stm32f1xx.o
                0x20000000                SystemCoreClock
 .data          0x20000004        0x2 ..\obj\I2Cdev.o
                0x20000004                I2Cdev_readTimeout
 .data.__fdlib_version
                0x20000006        0x1 d:/software/gcc-arm-none-eabi-4_9-2015q2-20150609-win32/bin/../lib/gcc/arm-none-eabi/4.9.3/../../../../arm-none-eabi/lib/armv7-m\libm.a(lib_a-s_lib_ver.o)
                0x20000006                __fdlib_version
 *fill*         0x20000007        0x1 
 .data.impure_data
                0x20000008      0x428 d:/software/gcc-arm-none-eabi-4_9-2015q2-20150609-win32/bin/../lib/gcc/arm-none-eabi/4.9.3/../../../../arm-none-eabi/lib/armv7-m\libg.a(lib_a-impure.o)
 .data._impure_ptr
                0x20000430        0x4 d:/software/gcc-arm-none-eabi-4_9-2015q2-20150609-win32/bin/../lib/gcc/arm-none-eabi/4.9.3/../../../../arm-none-eabi/lib/armv7-m\libg.a(lib_a-impure.o)
                0x20000430                _impure_ptr
 .data.__malloc_av_
                0x20000434      0x408 d:/software/gcc-arm-none-eabi-4_9-2015q2-20150609-win32/bin/../lib/gcc/arm-none-eabi/4.9.3/../../../../arm-none-eabi/lib/armv7-m\libg.a(lib_a-mallocr.o)
                0x20000434                __malloc_av_
 .data.__malloc_trim_threshold
                0x2000083c        0x4 d:/software/gcc-arm-none-eabi-4_9-2015q2-20150609-win32/bin/../lib/gcc/arm-none-eabi/4.9.3/../../../../arm-none-eabi/lib/armv7-m\libg.a(lib_a-mallocr.o)
                0x2000083c                __malloc_trim_threshold
 .data.__malloc_sbrk_base
                0x20000840        0x4 d:/software/gcc-arm-none-eabi-4_9-2015q2-20150609-win32/bin/../lib/gcc/arm-none-eabi/4.9.3/../../../../arm-none-eabi/lib/armv7-m\libg.a(lib_a-mallocr.o)
                0x20000840                __malloc_sbrk_base
                0x20000844                . = ALIGN (0x4)
                0x20000844                PROVIDE (__preinit_array_start, .)
 *(.preinit_array)
                0x20000844                PROVIDE (__preinit_array_end, .)
                0x20000844                . = ALIGN (0x4)
                0x20000844                PROVIDE (__init_array_start, .)
 *(SORT(.init_array.*))
 .init_array.00000
                0x20000844        0x4 d:/software/gcc-arm-none-eabi-4_9-2015q2-20150609-win32/bin/../lib/gcc/arm-none-eabi/4.9.3/../../../../arm-none-eabi/lib/armv7-m\libg.a(lib_a-__call_atexit.o)
 *(.init_array)
 .init_array    0x20000848        0x4 d:/software/gcc-arm-none-eabi-4_9-2015q2-20150609-win32/bin/../lib/gcc/arm-none-eabi/4.9.3/armv7-m/crtbegin.o
                0x2000084c                PROVIDE (__init_array_end, .)
                0x2000084c                . = ALIGN (0x4)
                0x2000084c                PROVIDE (__fini_array_start, .)
 *(SORT(.fini_array.*))
 *(.fini_array)
 .fini_array    0x2000084c        0x4 d:/software/gcc-arm-none-eabi-4_9-2015q2-20150609-win32/bin/../lib/gcc/arm-none-eabi/4.9.3/armv7-m/crtbegin.o
                0x20000850                PROVIDE (__fini_array_end, .)
 *(.jcr*)
 .jcr           0x20000850        0x0 d:/software/gcc-arm-none-eabi-4_9-2015q2-20150609-win32/bin/../lib/gcc/arm-none-eabi/4.9.3/armv7-m/crtbegin.o
 .jcr           0x20000850        0x4 d:/software/gcc-arm-none-eabi-4_9-2015q2-20150609-win32/bin/../lib/gcc/arm-none-eabi/4.9.3/armv7-m/crtend.o
                0x20000854                . = ALIGN (0x4)
                0x20000854                __data_end__ = .
                0x20000854                _edata = __data_end__

.igot.plt       0x20000854        0x0 load address 0x08010444
 .igot.plt      0x00000000        0x0 d:/software/gcc-arm-none-eabi-4_9-2015q2-20150609-win32/bin/../lib/gcc/arm-none-eabi/4.9.3/armv7-m/crtbegin.o

.bss            0x20000854      0x15c load address 0x08010444
                0x20000854                . = ALIGN (0x4)
                0x20000854                __bss_start__ = .
                0x20000854                _sbss = __bss_start__
 *(.bss*)
 .bss           0x20000854       0x1c d:/software/gcc-arm-none-eabi-4_9-2015q2-20150609-win32/bin/../lib/gcc/arm-none-eabi/4.9.3/armv7-m/crtbegin.o
 .bss           0x20000870        0x4 ..\obj\stm32f1xx_hal.o
 .bss           0x20000874       0x12 ..\obj\MPU6050.o
 *fill*         0x20000886        0x2 
 .bss           0x20000888        0x4 ..\obj\syscalls.o
 .bss.__malloc_max_total_mem
                0x2000088c        0x4 d:/software/gcc-arm-none-eabi-4_9-2015q2-20150609-win32/bin/../lib/gcc/arm-none-eabi/4.9.3/../../../../arm-none-eabi/lib/armv7-m\libg.a(lib_a-mallocr.o)
                0x2000088c                __malloc_max_total_mem
 .bss.__malloc_max_sbrked_mem
                0x20000890        0x4 d:/software/gcc-arm-none-eabi-4_9-2015q2-20150609-win32/bin/../lib/gcc/arm-none-eabi/4.9.3/../../../../arm-none-eabi/lib/armv7-m\libg.a(lib_a-mallocr.o)
                0x20000890                __malloc_max_sbrked_mem
 .bss.__malloc_top_pad
                0x20000894        0x4 d:/software/gcc-arm-none-eabi-4_9-2015q2-20150609-win32/bin/../lib/gcc/arm-none-eabi/4.9.3/../../../../arm-none-eabi/lib/armv7-m\libg.a(lib_a-mallocr.o)
                0x20000894                __malloc_top_pad
 .bss.__malloc_current_mallinfo
                0x20000898       0x28 d:/software/gcc-arm-none-eabi-4_9-2015q2-20150609-win32/bin/../lib/gcc/arm-none-eabi/4.9.3/../../../../arm-none-eabi/lib/armv7-m\libg.a(lib_a-mallocr.o)
                0x20000898                __malloc_current_mallinfo
 *(COMMON)
 COMMON         0x200008c0        0x4 ..\obj\I2Cdev.o
                0x200008c0                I2Cdev_hi2c
 COMMON         0x200008c4       0xe5 ..\obj\main.o
                0x200008c4                GYRO_YRATE
                0x200008c5                GYRO_XOUT_OFFSET
                0x200008c8                hi2c1
                0x20000904                hi2c2
                0x20000940                ACCEL_YOUT
                0x20000944                ACCEL_YANGLE
                0x20000948                ACCEL_ZOUT
                0x20000949                ACCEL_XOUT
                0x2000094a                GYRO_XRATE
                0x2000094c                huart1
                0x2000098c                uart_packet
                0x200009a0                GYRO_YOUT_OFFSET
                0x200009a1                GYRO_ZRATE
                0x200009a4                ACCEL_XANGLE
                0x200009a8                GYRO_ZOUT_OFFSET
 *fill*         0x200009a9        0x3 
 COMMON         0x200009ac        0x4 d:/software/gcc-arm-none-eabi-4_9-2015q2-20150609-win32/bin/../lib/gcc/arm-none-eabi/4.9.3/../../../../arm-none-eabi/lib/armv7-m\libg.a(lib_a-reent.o)
                0x200009ac                errno
                0x200009b0                . = ALIGN (0x4)
                0x200009b0                __bss_end__ = .
                0x200009b0                _ebss = __bss_end__

.heap           0x200009b0        0x0
                0x200009b0                __end__ = .
                0x200009b0                _end = __end__
                0x200009b0                end = __end__
 *(.heap*)
                0x200009b0                __HeapLimit = .

.co_stack       0x200009b0        0x0
                0x200009b0                . = ALIGN (0x8)
 *(.co_stack .co_stack.*)
                0x20002000                __StackTop = (ORIGIN (ram) + 0x2000)
                0x20002000                __StackLimit = (__StackTop - SIZEOF (.co_stack))
                0x20002000                PROVIDE (__stack, __StackTop)
                0x00000001                ASSERT ((__StackLimit >= __HeapLimit), region ram  overflowed with stack)
LOAD ..\obj\stm32f1xx_hal_dma.o
LOAD ..\obj\stm32f1xx_hal_i2c.o
LOAD ..\obj\system_stm32f1xx.o
LOAD ..\obj\stm32f1xx_hal_flash_ex.o
LOAD ..\obj\stm32f1xx_hal_cortex.o
LOAD ..\obj\stm32f1xx_hal_gpio.o
LOAD ..\obj\stm32f1xx_hal_rcc_ex.o
LOAD ..\obj\stm32f1xx_hal.o
LOAD ..\obj\stm32f1xx_hal_gpio_ex.o
LOAD ..\obj\stm32f1xx_it.o
LOAD ..\obj\startup_stm32f100xb.o
LOAD ..\obj\I2Cdev.o
LOAD ..\obj\main.o
LOAD ..\obj\stm32f1xx_hal_uart.o
LOAD ..\obj\MPU6050.o
LOAD ..\obj\syscalls.o
LOAD ..\obj\stm32f1xx_hal_msp.o
LOAD ..\obj\stm32f1xx_hal_flash.o
LOAD ..\obj\stm32f1xx_hal_pwr.o
LOAD ..\obj\stm32f1xx_hal_rcc.o
LOAD d:/software/gcc-arm-none-eabi-4_9-2015q2-20150609-win32/bin/../lib/gcc/arm-none-eabi/4.9.3/../../../../arm-none-eabi/lib/armv7-m\libm.a
START GROUP
LOAD d:/software/gcc-arm-none-eabi-4_9-2015q2-20150609-win32/bin/../lib/gcc/arm-none-eabi/4.9.3/armv7-m\libgcc.a
LOAD d:/software/gcc-arm-none-eabi-4_9-2015q2-20150609-win32/bin/../lib/gcc/arm-none-eabi/4.9.3/../../../../arm-none-eabi/lib/armv7-m\libg.a
LOAD d:/software/gcc-arm-none-eabi-4_9-2015q2-20150609-win32/bin/../lib/gcc/arm-none-eabi/4.9.3/../../../../arm-none-eabi/lib/armv7-m\libc.a
END GROUP
LOAD d:/software/gcc-arm-none-eabi-4_9-2015q2-20150609-win32/bin/../lib/gcc/arm-none-eabi/4.9.3/armv7-m/crtend.o
LOAD d:/software/gcc-arm-none-eabi-4_9-2015q2-20150609-win32/bin/../lib/gcc/arm-none-eabi/4.9.3/armv7-m/crtn.o
OUTPUT(coocox.elf elf32-littlearm)

.ARM.attributes
                0x00000000       0x29
 .ARM.attributes
                0x00000000       0x1d d:/software/gcc-arm-none-eabi-4_9-2015q2-20150609-win32/bin/../lib/gcc/arm-none-eabi/4.9.3/armv7-m/crti.o
 .ARM.attributes
                0x0000001d       0x2d d:/software/gcc-arm-none-eabi-4_9-2015q2-20150609-win32/bin/../lib/gcc/arm-none-eabi/4.9.3/armv7-m/crtbegin.o
 .ARM.attributes
                0x0000004a       0x33 ..\obj\stm32f1xx_hal_dma.o
 .ARM.attributes
                0x0000007d       0x33 ..\obj\stm32f1xx_hal_i2c.o
 .ARM.attributes
                0x000000b0       0x33 ..\obj\system_stm32f1xx.o
 .ARM.attributes
                0x000000e3       0x33 ..\obj\stm32f1xx_hal_cortex.o
 .ARM.attributes
                0x00000116       0x33 ..\obj\stm32f1xx_hal_gpio.o
 .ARM.attributes
                0x00000149       0x33 ..\obj\stm32f1xx_hal.o
 .ARM.attributes
                0x0000017c       0x33 ..\obj\stm32f1xx_it.o
 .ARM.attributes
                0x000001af       0x21 ..\obj\startup_stm32f100xb.o
 .ARM.attributes
                0x000001d0       0x33 ..\obj\I2Cdev.o
 .ARM.attributes
                0x00000203       0x33 ..\obj\main.o
 .ARM.attributes
                0x00000236       0x33 ..\obj\stm32f1xx_hal_uart.o
 .ARM.attributes
                0x00000269       0x33 ..\obj\MPU6050.o
 .ARM.attributes
                0x0000029c       0x33 ..\obj\syscalls.o
 .ARM.attributes
                0x000002cf       0x33 ..\obj\stm32f1xx_hal_msp.o
 .ARM.attributes
                0x00000302       0x33 ..\obj\stm32f1xx_hal_rcc.o
 .ARM.attributes
                0x00000335       0x2d d:/software/gcc-arm-none-eabi-4_9-2015q2-20150609-win32/bin/../lib/gcc/arm-none-eabi/4.9.3/../../../../arm-none-eabi/lib/armv7-m\libm.a(lib_a-s_atan.o)
 .ARM.attributes
                0x00000362       0x2d d:/software/gcc-arm-none-eabi-4_9-2015q2-20150609-win32/bin/../lib/gcc/arm-none-eabi/4.9.3/../../../../arm-none-eabi/lib/armv7-m\libm.a(lib_a-s_fabs.o)
 .ARM.attributes
                0x0000038f       0x2d d:/software/gcc-arm-none-eabi-4_9-2015q2-20150609-win32/bin/../lib/gcc/arm-none-eabi/4.9.3/../../../../arm-none-eabi/lib/armv7-m\libm.a(lib_a-w_pow.o)
 .ARM.attributes
                0x000003bc       0x2d d:/software/gcc-arm-none-eabi-4_9-2015q2-20150609-win32/bin/../lib/gcc/arm-none-eabi/4.9.3/../../../../arm-none-eabi/lib/armv7-m\libm.a(lib_a-w_sqrt.o)
 .ARM.attributes
                0x000003e9       0x2d d:/software/gcc-arm-none-eabi-4_9-2015q2-20150609-win32/bin/../lib/gcc/arm-none-eabi/4.9.3/../../../../arm-none-eabi/lib/armv7-m\libm.a(lib_a-e_pow.o)
 .ARM.attributes
                0x00000416       0x2d d:/software/gcc-arm-none-eabi-4_9-2015q2-20150609-win32/bin/../lib/gcc/arm-none-eabi/4.9.3/../../../../arm-none-eabi/lib/armv7-m\libm.a(lib_a-e_sqrt.o)
 .ARM.attributes
                0x00000443       0x2d d:/software/gcc-arm-none-eabi-4_9-2015q2-20150609-win32/bin/../lib/gcc/arm-none-eabi/4.9.3/../../../../arm-none-eabi/lib/armv7-m\libm.a(lib_a-s_finite.o)
 .ARM.attributes
                0x00000470       0x2d d:/software/gcc-arm-none-eabi-4_9-2015q2-20150609-win32/bin/../lib/gcc/arm-none-eabi/4.9.3/../../../../arm-none-eabi/lib/armv7-m\libm.a(lib_a-s_fpclassify.o)
 .ARM.attributes
                0x0000049d       0x2d d:/software/gcc-arm-none-eabi-4_9-2015q2-20150609-win32/bin/../lib/gcc/arm-none-eabi/4.9.3/../../../../arm-none-eabi/lib/armv7-m\libm.a(lib_a-s_lib_ver.o)
 .ARM.attributes
                0x000004ca       0x2d d:/software/gcc-arm-none-eabi-4_9-2015q2-20150609-win32/bin/../lib/gcc/arm-none-eabi/4.9.3/../../../../arm-none-eabi/lib/armv7-m\libm.a(lib_a-s_matherr.o)
 .ARM.attributes
                0x000004f7       0x2d d:/software/gcc-arm-none-eabi-4_9-2015q2-20150609-win32/bin/../lib/gcc/arm-none-eabi/4.9.3/../../../../arm-none-eabi/lib/armv7-m\libm.a(lib_a-s_nan.o)
 .ARM.attributes
                0x00000524       0x2d d:/software/gcc-arm-none-eabi-4_9-2015q2-20150609-win32/bin/../lib/gcc/arm-none-eabi/4.9.3/../../../../arm-none-eabi/lib/armv7-m\libm.a(lib_a-s_rint.o)
 .ARM.attributes
                0x00000551       0x2d d:/software/gcc-arm-none-eabi-4_9-2015q2-20150609-win32/bin/../lib/gcc/arm-none-eabi/4.9.3/../../../../arm-none-eabi/lib/armv7-m\libm.a(lib_a-s_scalbn.o)
 .ARM.attributes
                0x0000057e       0x2d d:/software/gcc-arm-none-eabi-4_9-2015q2-20150609-win32/bin/../lib/gcc/arm-none-eabi/4.9.3/../../../../arm-none-eabi/lib/armv7-m\libm.a(lib_a-s_copysign.o)
 .ARM.attributes
                0x000005ab       0x1d d:/software/gcc-arm-none-eabi-4_9-2015q2-20150609-win32/bin/../lib/gcc/arm-none-eabi/4.9.3/armv7-m\libgcc.a(_arm_addsubdf3.o)
 .ARM.attributes
                0x000005c8       0x1d d:/software/gcc-arm-none-eabi-4_9-2015q2-20150609-win32/bin/../lib/gcc/arm-none-eabi/4.9.3/armv7-m\libgcc.a(_arm_muldivdf3.o)
 .ARM.attributes
                0x000005e5       0x1d d:/software/gcc-arm-none-eabi-4_9-2015q2-20150609-win32/bin/../lib/gcc/arm-none-eabi/4.9.3/armv7-m\libgcc.a(_arm_cmpdf2.o)
 .ARM.attributes
                0x00000602       0x1d d:/software/gcc-arm-none-eabi-4_9-2015q2-20150609-win32/bin/../lib/gcc/arm-none-eabi/4.9.3/armv7-m\libgcc.a(_arm_truncdfsf2.o)
 .ARM.attributes
                0x0000061f       0x1d d:/software/gcc-arm-none-eabi-4_9-2015q2-20150609-win32/bin/../lib/gcc/arm-none-eabi/4.9.3/armv7-m\libgcc.a(_arm_addsubsf3.o)
 .ARM.attributes
                0x0000063c       0x1d d:/software/gcc-arm-none-eabi-4_9-2015q2-20150609-win32/bin/../lib/gcc/arm-none-eabi/4.9.3/armv7-m\libgcc.a(_arm_muldivsf3.o)
 .ARM.attributes
                0x00000659       0x1d d:/software/gcc-arm-none-eabi-4_9-2015q2-20150609-win32/bin/../lib/gcc/arm-none-eabi/4.9.3/armv7-m\libgcc.a(_arm_fixunssfsi.o)
 .ARM.attributes
                0x00000676       0x2d d:/software/gcc-arm-none-eabi-4_9-2015q2-20150609-win32/bin/../lib/gcc/arm-none-eabi/4.9.3/../../../../arm-none-eabi/lib/armv7-m\libg.a(lib_a-errno.o)
 .ARM.attributes
                0x000006a3       0x2d d:/software/gcc-arm-none-eabi-4_9-2015q2-20150609-win32/bin/../lib/gcc/arm-none-eabi/4.9.3/../../../../arm-none-eabi/lib/armv7-m\libg.a(lib_a-impure.o)
 .ARM.attributes
                0x000006d0       0x2d d:/software/gcc-arm-none-eabi-4_9-2015q2-20150609-win32/bin/../lib/gcc/arm-none-eabi/4.9.3/../../../../arm-none-eabi/lib/armv7-m\libg.a(lib_a-init.o)
 .ARM.attributes
                0x000006fd       0x2d d:/software/gcc-arm-none-eabi-4_9-2015q2-20150609-win32/bin/../lib/gcc/arm-none-eabi/4.9.3/../../../../arm-none-eabi/lib/armv7-m\libg.a(lib_a-malloc.o)
 .ARM.attributes
                0x0000072a       0x2d d:/software/gcc-arm-none-eabi-4_9-2015q2-20150609-win32/bin/../lib/gcc/arm-none-eabi/4.9.3/../../../../arm-none-eabi/lib/armv7-m\libg.a(lib_a-mallocr.o)
 .ARM.attributes
                0x00000757       0x2d d:/software/gcc-arm-none-eabi-4_9-2015q2-20150609-win32/bin/../lib/gcc/arm-none-eabi/4.9.3/../../../../arm-none-eabi/lib/armv7-m\libg.a(lib_a-memcmp.o)
 .ARM.attributes
                0x00000784       0x1b d:/software/gcc-arm-none-eabi-4_9-2015q2-20150609-win32/bin/../lib/gcc/arm-none-eabi/4.9.3/../../../../arm-none-eabi/lib/armv7-m\libg.a(lib_a-memcpy.o)
 .ARM.attributes
                0x0000079f       0x2d d:/software/gcc-arm-none-eabi-4_9-2015q2-20150609-win32/bin/../lib/gcc/arm-none-eabi/4.9.3/../../../../arm-none-eabi/lib/armv7-m\libg.a(lib_a-mlock.o)
 .ARM.attributes
                0x000007cc       0x2d d:/software/gcc-arm-none-eabi-4_9-2015q2-20150609-win32/bin/../lib/gcc/arm-none-eabi/4.9.3/../../../../arm-none-eabi/lib/armv7-m\libg.a(lib_a-realloc.o)
 .ARM.attributes
                0x000007f9       0x2d d:/software/gcc-arm-none-eabi-4_9-2015q2-20150609-win32/bin/../lib/gcc/arm-none-eabi/4.9.3/../../../../arm-none-eabi/lib/armv7-m\libg.a(lib_a-reallocr.o)
 .ARM.attributes
                0x00000826       0x2d d:/software/gcc-arm-none-eabi-4_9-2015q2-20150609-win32/bin/../lib/gcc/arm-none-eabi/4.9.3/../../../../arm-none-eabi/lib/armv7-m\libg.a(lib_a-sbrkr.o)
 .ARM.attributes
                0x00000853       0x2d d:/software/gcc-arm-none-eabi-4_9-2015q2-20150609-win32/bin/../lib/gcc/arm-none-eabi/4.9.3/../../../../arm-none-eabi/lib/armv7-m\libg.a(lib_a-strlen.o)
 .ARM.attributes
                0x00000880       0x2d d:/software/gcc-arm-none-eabi-4_9-2015q2-20150609-win32/bin/../lib/gcc/arm-none-eabi/4.9.3/../../../../arm-none-eabi/lib/armv7-m\libg.a(lib_a-strncpy.o)
 .ARM.attributes
                0x000008ad       0x2d d:/software/gcc-arm-none-eabi-4_9-2015q2-20150609-win32/bin/../lib/gcc/arm-none-eabi/4.9.3/../../../../arm-none-eabi/lib/armv7-m\libg.a(lib_a-__call_atexit.o)
 .ARM.attributes
                0x000008da       0x2d d:/software/gcc-arm-none-eabi-4_9-2015q2-20150609-win32/bin/../lib/gcc/arm-none-eabi/4.9.3/../../../../arm-none-eabi/lib/armv7-m\libg.a(lib_a-atexit.o)
 .ARM.attributes
                0x00000907       0x2d d:/software/gcc-arm-none-eabi-4_9-2015q2-20150609-win32/bin/../lib/gcc/arm-none-eabi/4.9.3/../../../../arm-none-eabi/lib/armv7-m\libg.a(lib_a-fini.o)
 .ARM.attributes
                0x00000934       0x2d d:/software/gcc-arm-none-eabi-4_9-2015q2-20150609-win32/bin/../lib/gcc/arm-none-eabi/4.9.3/../../../../arm-none-eabi/lib/armv7-m\libg.a(lib_a-freer.o)
 .ARM.attributes
                0x00000961       0x2d d:/software/gcc-arm-none-eabi-4_9-2015q2-20150609-win32/bin/../lib/gcc/arm-none-eabi/4.9.3/../../../../arm-none-eabi/lib/armv7-m\libg.a(lib_a-memmove.o)
 .ARM.attributes
                0x0000098e       0x2d d:/software/gcc-arm-none-eabi-4_9-2015q2-20150609-win32/bin/../lib/gcc/arm-none-eabi/4.9.3/../../../../arm-none-eabi/lib/armv7-m\libg.a(lib_a-reent.o)
 .ARM.attributes
                0x000009bb       0x2d d:/software/gcc-arm-none-eabi-4_9-2015q2-20150609-win32/bin/../lib/gcc/arm-none-eabi/4.9.3/../../../../arm-none-eabi/lib/armv7-m\libg.a(lib_a-__atexit.o)
 .ARM.attributes
                0x000009e8       0x2d d:/software/gcc-arm-none-eabi-4_9-2015q2-20150609-win32/bin/../lib/gcc/arm-none-eabi/4.9.3/armv7-m/crtend.o
 .ARM.attributes
                0x00000a15       0x1d d:/software/gcc-arm-none-eabi-4_9-2015q2-20150609-win32/bin/../lib/gcc/arm-none-eabi/4.9.3/armv7-m/crtn.o

.comment        0x00000000       0x70
 .comment       0x00000000       0x70 ..\obj\stm32f1xx_hal_dma.o
                                 0x71 (size before relaxing)
 .comment       0x00000000       0x71 ..\obj\stm32f1xx_hal_i2c.o
 .comment       0x00000000       0x71 ..\obj\system_stm32f1xx.o
 .comment       0x00000000       0x71 ..\obj\stm32f1xx_hal_cortex.o
 .comment       0x00000000       0x71 ..\obj\stm32f1xx_hal_gpio.o
 .comment       0x00000000       0x71 ..\obj\stm32f1xx_hal.o
 .comment       0x00000000       0x71 ..\obj\stm32f1xx_it.o
 .comment       0x00000000       0x71 ..\obj\I2Cdev.o
 .comment       0x00000000       0x71 ..\obj\main.o
 .comment       0x00000000       0x71 ..\obj\stm32f1xx_hal_uart.o
 .comment       0x00000000       0x71 ..\obj\MPU6050.o
 .comment       0x00000000       0x71 ..\obj\syscalls.o
 .comment       0x00000000       0x71 ..\obj\stm32f1xx_hal_msp.o
 .comment       0x00000000       0x71 ..\obj\stm32f1xx_hal_rcc.o

.debug_info     0x00000000     0xb580
 .debug_info    0x00000000      0x56d ..\obj\stm32f1xx_hal_dma.o
 .debug_info    0x0000056d     0x18b4 ..\obj\stm32f1xx_hal_i2c.o
 .debug_info    0x00001e21      0x3ad ..\obj\system_stm32f1xx.o
 .debug_info    0x000021ce      0xa88 ..\obj\stm32f1xx_hal_cortex.o
 .debug_info    0x00002c56      0x5fc ..\obj\stm32f1xx_hal_gpio.o
 .debug_info    0x00003252      0x554 ..\obj\stm32f1xx_hal.o
 .debug_info    0x000037a6       0xb2 ..\obj\stm32f1xx_it.o
 .debug_info    0x00003858      0x111 ..\obj\startup_stm32f100xb.o
 .debug_info    0x00003969      0xbda ..\obj\I2Cdev.o
 .debug_info    0x00004543     0x125d ..\obj\main.o
 .debug_info    0x000057a0      0xe2c ..\obj\stm32f1xx_hal_uart.o
 .debug_info    0x000065cc     0x2696 ..\obj\MPU6050.o
 .debug_info    0x00008c62      0xa25 ..\obj\syscalls.o
 .debug_info    0x00009687      0xa8f ..\obj\stm32f1xx_hal_msp.o
 .debug_info    0x0000a116     0x146a ..\obj\stm32f1xx_hal_rcc.o

.debug_abbrev   0x00000000     0x19cd
 .debug_abbrev  0x00000000      0x1b3 ..\obj\stm32f1xx_hal_dma.o
 .debug_abbrev  0x000001b3      0x208 ..\obj\stm32f1xx_hal_i2c.o
 .debug_abbrev  0x000003bb      0x101 ..\obj\system_stm32f1xx.o
 .debug_abbrev  0x000004bc      0x265 ..\obj\stm32f1xx_hal_cortex.o
 .debug_abbrev  0x00000721      0x1aa ..\obj\stm32f1xx_hal_gpio.o
 .debug_abbrev  0x000008cb      0x1ed ..\obj\stm32f1xx_hal.o
 .debug_abbrev  0x00000ab8       0x67 ..\obj\stm32f1xx_it.o
 .debug_abbrev  0x00000b1f       0x12 ..\obj\startup_stm32f100xb.o
 .debug_abbrev  0x00000b31      0x194 ..\obj\I2Cdev.o
 .debug_abbrev  0x00000cc5      0x296 ..\obj\main.o
 .debug_abbrev  0x00000f5b      0x215 ..\obj\stm32f1xx_hal_uart.o
 .debug_abbrev  0x00001170      0x232 ..\obj\MPU6050.o
 .debug_abbrev  0x000013a2      0x231 ..\obj\syscalls.o
 .debug_abbrev  0x000015d3      0x155 ..\obj\stm32f1xx_hal_msp.o
 .debug_abbrev  0x00001728      0x2a5 ..\obj\stm32f1xx_hal_rcc.o

.debug_aranges  0x00000000      0x1e8
 .debug_aranges
                0x00000000       0x20 ..\obj\stm32f1xx_hal_dma.o
 .debug_aranges
                0x00000020       0x20 ..\obj\stm32f1xx_hal_i2c.o
 .debug_aranges
                0x00000040       0x20 ..\obj\system_stm32f1xx.o
 .debug_aranges
                0x00000060       0x20 ..\obj\stm32f1xx_hal_cortex.o
 .debug_aranges
                0x00000080       0x20 ..\obj\stm32f1xx_hal_gpio.o
 .debug_aranges
                0x000000a0       0x20 ..\obj\stm32f1xx_hal.o
 .debug_aranges
                0x000000c0       0x20 ..\obj\stm32f1xx_it.o
 .debug_aranges
                0x000000e0       0x28 ..\obj\startup_stm32f100xb.o
 .debug_aranges
                0x00000108       0x20 ..\obj\I2Cdev.o
 .debug_aranges
                0x00000128       0x20 ..\obj\main.o
 .debug_aranges
                0x00000148       0x20 ..\obj\stm32f1xx_hal_uart.o
 .debug_aranges
                0x00000168       0x20 ..\obj\MPU6050.o
 .debug_aranges
                0x00000188       0x20 ..\obj\syscalls.o
 .debug_aranges
                0x000001a8       0x20 ..\obj\stm32f1xx_hal_msp.o
 .debug_aranges
                0x000001c8       0x20 ..\obj\stm32f1xx_hal_rcc.o

.debug_line     0x00000000     0x527d
 .debug_line    0x00000000      0x847 ..\obj\stm32f1xx_hal_dma.o
 .debug_line    0x00000847      0xd2b ..\obj\stm32f1xx_hal_i2c.o
 .debug_line    0x00001572      0x296 ..\obj\system_stm32f1xx.o
 .debug_line    0x00001808      0x37b ..\obj\stm32f1xx_hal_cortex.o
 .debug_line    0x00001b83      0x47b ..\obj\stm32f1xx_hal_gpio.o
 .debug_line    0x00001ffe      0x359 ..\obj\stm32f1xx_hal.o
 .debug_line    0x00002357      0x1ba ..\obj\stm32f1xx_it.o
 .debug_line    0x00002511       0xed ..\obj\startup_stm32f100xb.o
 .debug_line    0x000025fe      0x3e8 ..\obj\I2Cdev.o
 .debug_line    0x000029e6      0x587 ..\obj\main.o
 .debug_line    0x00002f6d      0x777 ..\obj\stm32f1xx_hal_uart.o
 .debug_line    0x000036e4      0x8b3 ..\obj\MPU6050.o
 .debug_line    0x00003f97      0x388 ..\obj\syscalls.o
 .debug_line    0x0000431f      0x345 ..\obj\stm32f1xx_hal_msp.o
 .debug_line    0x00004664      0xc19 ..\obj\stm32f1xx_hal_rcc.o

.debug_str      0x00000000     0x474b
 .debug_str     0x00000000      0x4a4 ..\obj\stm32f1xx_hal_dma.o
                                0x532 (size before relaxing)
 .debug_str     0x000004a4      0x7e4 ..\obj\stm32f1xx_hal_i2c.o
                                0xbcf (size before relaxing)
 .debug_str     0x00000c88      0x17e ..\obj\system_stm32f1xx.o
                                0x328 (size before relaxing)
 .debug_str     0x00000e06      0x5c9 ..\obj\stm32f1xx_hal_cortex.o
                                0x8c5 (size before relaxing)
 .debug_str     0x000013cf      0x1fa ..\obj\stm32f1xx_hal_gpio.o
                                0x458 (size before relaxing)
 .debug_str     0x000015c9      0x20e ..\obj\stm32f1xx_hal.o
                                0x6f5 (size before relaxing)
 .debug_str     0x000017d7       0x67 ..\obj\stm32f1xx_it.o
                                0x1dd (size before relaxing)
 .debug_str     0x0000183e      0x1ce ..\obj\I2Cdev.o
                                0x73e (size before relaxing)
 .debug_str     0x00001a0c      0x750 ..\obj\main.o
                               0x1071 (size before relaxing)
 .debug_str     0x0000215c      0x3cd ..\obj\stm32f1xx_hal_uart.o
                                0x975 (size before relaxing)
 .debug_str     0x00002529     0x1d68 ..\obj\MPU6050.o
                               0x2304 (size before relaxing)
 .debug_str     0x00004291      0x21b ..\obj\syscalls.o
                                0x757 (size before relaxing)
 .debug_str     0x000044ac       0x6c ..\obj\stm32f1xx_hal_msp.o
                                0xab8 (size before relaxing)
 .debug_str     0x00004518      0x233 ..\obj\stm32f1xx_hal_rcc.o
                                0x5fb (size before relaxing)

.debug_frame    0x00000000     0x4e28
 .debug_frame   0x00000000      0x194 ..\obj\stm32f1xx_hal_dma.o
 .debug_frame   0x00000194      0x8dc ..\obj\stm32f1xx_hal_i2c.o
 .debug_frame   0x00000a70       0x58 ..\obj\system_stm32f1xx.o
 .debug_frame   0x00000ac8      0x428 ..\obj\stm32f1xx_hal_cortex.o
 .debug_frame   0x00000ef0      0x14c ..\obj\stm32f1xx_hal_gpio.o
 .debug_frame   0x0000103c      0x278 ..\obj\stm32f1xx_hal.o
 .debug_frame   0x000012b4       0x2c ..\obj\stm32f1xx_it.o
 .debug_frame   0x000012e0      0x278 ..\obj\I2Cdev.o
 .debug_frame   0x00001558      0x308 ..\obj\main.o
 .debug_frame   0x00001860      0x5e8 ..\obj\stm32f1xx_hal_uart.o
 .debug_frame   0x00001e48     0x23ec ..\obj\MPU6050.o
 .debug_frame   0x00004234      0x278 ..\obj\syscalls.o
 .debug_frame   0x000044ac       0xc4 ..\obj\stm32f1xx_hal_msp.o
 .debug_frame   0x00004570      0x220 ..\obj\stm32f1xx_hal_rcc.o
 .debug_frame   0x00004790       0x38 d:/software/gcc-arm-none-eabi-4_9-2015q2-20150609-win32/bin/../lib/gcc/arm-none-eabi/4.9.3/../../../../arm-none-eabi/lib/armv7-m\libm.a(lib_a-s_atan.o)
 .debug_frame   0x000047c8       0x20 d:/software/gcc-arm-none-eabi-4_9-2015q2-20150609-win32/bin/../lib/gcc/arm-none-eabi/4.9.3/../../../../arm-none-eabi/lib/armv7-m\libm.a(lib_a-s_fabs.o)
 .debug_frame   0x000047e8       0x44 d:/software/gcc-arm-none-eabi-4_9-2015q2-20150609-win32/bin/../lib/gcc/arm-none-eabi/4.9.3/../../../../arm-none-eabi/lib/armv7-m\libm.a(lib_a-w_pow.o)
 .debug_frame   0x0000482c       0x44 d:/software/gcc-arm-none-eabi-4_9-2015q2-20150609-win32/bin/../lib/gcc/arm-none-eabi/4.9.3/../../../../arm-none-eabi/lib/armv7-m\libm.a(lib_a-w_sqrt.o)
 .debug_frame   0x00004870       0x64 d:/software/gcc-arm-none-eabi-4_9-2015q2-20150609-win32/bin/../lib/gcc/arm-none-eabi/4.9.3/../../../../arm-none-eabi/lib/armv7-m\libm.a(lib_a-e_pow.o)
 .debug_frame   0x000048d4       0x30 d:/software/gcc-arm-none-eabi-4_9-2015q2-20150609-win32/bin/../lib/gcc/arm-none-eabi/4.9.3/../../../../arm-none-eabi/lib/armv7-m\libm.a(lib_a-e_sqrt.o)
 .debug_frame   0x00004904       0x20 d:/software/gcc-arm-none-eabi-4_9-2015q2-20150609-win32/bin/../lib/gcc/arm-none-eabi/4.9.3/../../../../arm-none-eabi/lib/armv7-m\libm.a(lib_a-s_finite.o)
 .debug_frame   0x00004924       0x34 d:/software/gcc-arm-none-eabi-4_9-2015q2-20150609-win32/bin/../lib/gcc/arm-none-eabi/4.9.3/../../../../arm-none-eabi/lib/armv7-m\libm.a(lib_a-s_fpclassify.o)
 .debug_frame   0x00004958       0x20 d:/software/gcc-arm-none-eabi-4_9-2015q2-20150609-win32/bin/../lib/gcc/arm-none-eabi/4.9.3/../../../../arm-none-eabi/lib/armv7-m\libm.a(lib_a-s_matherr.o)
 .debug_frame   0x00004978       0x20 d:/software/gcc-arm-none-eabi-4_9-2015q2-20150609-win32/bin/../lib/gcc/arm-none-eabi/4.9.3/../../../../arm-none-eabi/lib/armv7-m\libm.a(lib_a-s_nan.o)
 .debug_frame   0x00004998       0x3c d:/software/gcc-arm-none-eabi-4_9-2015q2-20150609-win32/bin/../lib/gcc/arm-none-eabi/4.9.3/../../../../arm-none-eabi/lib/armv7-m\libm.a(lib_a-s_rint.o)
 .debug_frame   0x000049d4       0x30 d:/software/gcc-arm-none-eabi-4_9-2015q2-20150609-win32/bin/../lib/gcc/arm-none-eabi/4.9.3/../../../../arm-none-eabi/lib/armv7-m\libm.a(lib_a-s_scalbn.o)
 .debug_frame   0x00004a04       0x20 d:/software/gcc-arm-none-eabi-4_9-2015q2-20150609-win32/bin/../lib/gcc/arm-none-eabi/4.9.3/../../../../arm-none-eabi/lib/armv7-m\libm.a(lib_a-s_copysign.o)
 .debug_frame   0x00004a24       0x20 d:/software/gcc-arm-none-eabi-4_9-2015q2-20150609-win32/bin/../lib/gcc/arm-none-eabi/4.9.3/../../../../arm-none-eabi/lib/armv7-m\libg.a(lib_a-errno.o)
 .debug_frame   0x00004a44       0x2c d:/software/gcc-arm-none-eabi-4_9-2015q2-20150609-win32/bin/../lib/gcc/arm-none-eabi/4.9.3/../../../../arm-none-eabi/lib/armv7-m\libg.a(lib_a-init.o)
 .debug_frame   0x00004a70       0x30 d:/software/gcc-arm-none-eabi-4_9-2015q2-20150609-win32/bin/../lib/gcc/arm-none-eabi/4.9.3/../../../../arm-none-eabi/lib/armv7-m\libg.a(lib_a-malloc.o)
 .debug_frame   0x00004aa0       0x54 d:/software/gcc-arm-none-eabi-4_9-2015q2-20150609-win32/bin/../lib/gcc/arm-none-eabi/4.9.3/../../../../arm-none-eabi/lib/armv7-m\libg.a(lib_a-mallocr.o)
 .debug_frame   0x00004af4       0x38 d:/software/gcc-arm-none-eabi-4_9-2015q2-20150609-win32/bin/../lib/gcc/arm-none-eabi/4.9.3/../../../../arm-none-eabi/lib/armv7-m\libg.a(lib_a-memcmp.o)
 .debug_frame   0x00004b2c       0x30 d:/software/gcc-arm-none-eabi-4_9-2015q2-20150609-win32/bin/../lib/gcc/arm-none-eabi/4.9.3/../../../../arm-none-eabi/lib/armv7-m\libg.a(lib_a-mlock.o)
 .debug_frame   0x00004b5c       0x20 d:/software/gcc-arm-none-eabi-4_9-2015q2-20150609-win32/bin/../lib/gcc/arm-none-eabi/4.9.3/../../../../arm-none-eabi/lib/armv7-m\libg.a(lib_a-realloc.o)
 .debug_frame   0x00004b7c       0x58 d:/software/gcc-arm-none-eabi-4_9-2015q2-20150609-win32/bin/../lib/gcc/arm-none-eabi/4.9.3/../../../../arm-none-eabi/lib/armv7-m\libg.a(lib_a-reallocr.o)
 .debug_frame   0x00004bd4       0x2c d:/software/gcc-arm-none-eabi-4_9-2015q2-20150609-win32/bin/../lib/gcc/arm-none-eabi/4.9.3/../../../../arm-none-eabi/lib/armv7-m\libg.a(lib_a-sbrkr.o)
 .debug_frame   0x00004c00       0x20 d:/software/gcc-arm-none-eabi-4_9-2015q2-20150609-win32/bin/../lib/gcc/arm-none-eabi/4.9.3/../../../../arm-none-eabi/lib/armv7-m\libg.a(lib_a-strlen.o)
 .debug_frame   0x00004c20       0x34 d:/software/gcc-arm-none-eabi-4_9-2015q2-20150609-win32/bin/../lib/gcc/arm-none-eabi/4.9.3/../../../../arm-none-eabi/lib/armv7-m\libg.a(lib_a-strncpy.o)
 .debug_frame   0x00004c54       0x50 d:/software/gcc-arm-none-eabi-4_9-2015q2-20150609-win32/bin/../lib/gcc/arm-none-eabi/4.9.3/../../../../arm-none-eabi/lib/armv7-m\libg.a(lib_a-__call_atexit.o)
 .debug_frame   0x00004ca4       0x20 d:/software/gcc-arm-none-eabi-4_9-2015q2-20150609-win32/bin/../lib/gcc/arm-none-eabi/4.9.3/../../../../arm-none-eabi/lib/armv7-m\libg.a(lib_a-atexit.o)
 .debug_frame   0x00004cc4       0x34 d:/software/gcc-arm-none-eabi-4_9-2015q2-20150609-win32/bin/../lib/gcc/arm-none-eabi/4.9.3/../../../../arm-none-eabi/lib/armv7-m\libg.a(lib_a-fini.o)
 .debug_frame   0x00004cf8       0x74 d:/software/gcc-arm-none-eabi-4_9-2015q2-20150609-win32/bin/../lib/gcc/arm-none-eabi/4.9.3/../../../../arm-none-eabi/lib/armv7-m\libg.a(lib_a-freer.o)
 .debug_frame   0x00004d6c       0x30 d:/software/gcc-arm-none-eabi-4_9-2015q2-20150609-win32/bin/../lib/gcc/arm-none-eabi/4.9.3/../../../../arm-none-eabi/lib/armv7-m\libg.a(lib_a-memmove.o)
 .debug_frame   0x00004d9c       0x58 d:/software/gcc-arm-none-eabi-4_9-2015q2-20150609-win32/bin/../lib/gcc/arm-none-eabi/4.9.3/../../../../arm-none-eabi/lib/armv7-m\libg.a(lib_a-reent.o)
 .debug_frame   0x00004df4       0x34 d:/software/gcc-arm-none-eabi-4_9-2015q2-20150609-win32/bin/../lib/gcc/arm-none-eabi/4.9.3/../../../../arm-none-eabi/lib/armv7-m\libg.a(lib_a-__atexit.o)

.debug_ranges   0x00000000       0x20
 .debug_ranges  0x00000000       0x20 ..\obj\startup_stm32f100xb.o
