
Discarded input sections

 .data          0x00000000        0x0 ..\obj\stm32f10x_it.o
 .bss           0x00000000        0x0 ..\obj\stm32f10x_it.o
 .bss           0x00000000        0x0 ..\obj\system_stm32f10x.o
 .text          0x00000000      0x5f8 ..\obj\MPU6050.o
 .data          0x00000000        0x0 ..\obj\MPU6050.o
 .bss           0x00000000        0x0 ..\obj\MPU6050.o
 .debug_info    0x00000000      0x7db ..\obj\MPU6050.o
 .debug_abbrev  0x00000000      0x1da ..\obj\MPU6050.o
 .debug_aranges
                0x00000000       0x20 ..\obj\MPU6050.o
 .debug_line    0x00000000      0x3d0 ..\obj\MPU6050.o
 .debug_str     0x00000000      0x611 ..\obj\MPU6050.o
 .comment       0x00000000       0x71 ..\obj\MPU6050.o
 .debug_frame   0x00000000      0x294 ..\obj\MPU6050.o
 .ARM.attributes
                0x00000000       0x33 ..\obj\MPU6050.o
 .text          0x00000000      0x280 ..\obj\core_cm3.o
 .data          0x00000000        0x0 ..\obj\core_cm3.o
 .bss           0x00000000        0x0 ..\obj\core_cm3.o
 .debug_info    0x00000000      0x527 ..\obj\core_cm3.o
 .debug_abbrev  0x00000000       0xac ..\obj\core_cm3.o
 .debug_aranges
                0x00000000       0x20 ..\obj\core_cm3.o
 .debug_line    0x00000000      0x1f3 ..\obj\core_cm3.o
 .debug_str     0x00000000      0x2ff ..\obj\core_cm3.o
 .comment       0x00000000       0x71 ..\obj\core_cm3.o
 .debug_frame   0x00000000      0x320 ..\obj\core_cm3.o
 .ARM.attributes
                0x00000000       0x33 ..\obj\core_cm3.o
 .text          0x00000000       0x14 ..\obj\startup_stm32f10x_md_vl.o
 .data          0x00000000        0x0 ..\obj\startup_stm32f10x_md_vl.o
 .bss           0x00000000        0x0 ..\obj\startup_stm32f10x_md_vl.o
 .data          0x00000000        0x0 ..\obj\main.o
 .bss           0x00000000        0x0 ..\obj\main.o

Memory Configuration

Name             Origin             Length             Attributes
rom              0x08000000         0x00020000         xr
ram              0x20000000         0x00002000         xrw
*default*        0x00000000         0xffffffff

Linker script and memory map

                0x20002000                _eram = 0x20002000

.text           0x08000000      0x724
 *(.isr_vector)
 .isr_vector    0x08000000      0x1d0 ..\obj\startup_stm32f10x_md_vl.o
                0x08000000                g_pfnVectors
 *(.text*)
 .text          0x080001d0       0x5c ..\obj\stm32f10x_it.o
                0x080001d0                NMI_Handler
                0x080001dc                HardFault_Handler
                0x080001e4                MemManage_Handler
                0x080001ec                BusFault_Handler
                0x080001f4                UsageFault_Handler
                0x080001fc                SVC_Handler
                0x08000208                DebugMon_Handler
                0x08000214                PendSV_Handler
                0x08000220                SysTick_Handler
 .text          0x0800022c      0x220 ..\obj\system_stm32f10x.o
                0x0800022c                SystemInit
                0x08000298                SystemCoreClockUpdate
 .text.Reset_Handler
                0x0800044c       0x44 ..\obj\startup_stm32f10x_md_vl.o
                0x0800044c                Reset_Handler
 .text.Default_Handler
                0x08000490        0x2 ..\obj\startup_stm32f10x_md_vl.o
                0x08000490                EXTI2_IRQHandler
                0x08000490                TIM1_CC_IRQHandler
                0x08000490                PVD_IRQHandler
                0x08000490                EXTI3_IRQHandler
                0x08000490                EXTI0_IRQHandler
                0x08000490                I2C2_EV_IRQHandler
                0x08000490                TIM1_UP_TIM16_IRQHandler
                0x08000490                SPI1_IRQHandler
                0x08000490                TAMPER_IRQHandler
                0x08000490                TIM6_DAC_IRQHandler
                0x08000490                DMA1_Channel4_IRQHandler
                0x08000490                ADC1_IRQHandler
                0x08000490                USART3_IRQHandler
                0x08000490                RTC_IRQHandler
                0x08000490                DMA1_Channel7_IRQHandler
                0x08000490                TIM4_IRQHandler
                0x08000490                I2C1_EV_IRQHandler
                0x08000490                DMA1_Channel6_IRQHandler
                0x08000490                TIM3_IRQHandler
                0x08000490                RCC_IRQHandler
                0x08000490                DMA1_Channel1_IRQHandler
                0x08000490                Default_Handler
                0x08000490                CEC_IRQHandler
                0x08000490                EXTI15_10_IRQHandler
                0x08000490                TIM7_IRQHandler
                0x08000490                EXTI9_5_IRQHandler
                0x08000490                SPI2_IRQHandler
                0x08000490                DMA1_Channel5_IRQHandler
                0x08000490                EXTI4_IRQHandler
                0x08000490                TIM1_TRG_COM_TIM17_IRQHandler
                0x08000490                DMA1_Channel3_IRQHandler
                0x08000490                WWDG_IRQHandler
                0x08000490                TIM2_IRQHandler
                0x08000490                EXTI1_IRQHandler
                0x08000490                RTCAlarm_IRQHandler
                0x08000490                USART2_IRQHandler
                0x08000490                I2C2_ER_IRQHandler
                0x08000490                DMA1_Channel2_IRQHandler
                0x08000490                FLASH_IRQHandler
                0x08000490                USART1_IRQHandler
                0x08000490                I2C1_ER_IRQHandler
                0x08000490                TIM1_BRK_TIM15_IRQHandler
 *fill*         0x08000492        0x2 
 .text          0x08000494      0x27c ..\obj\main.o
                0x08000494                delay
                0x080004bc                init_led
                0x080004f4                blue_led_on
                0x08000510                blue_led_off
                0x0800052c                init_button
                0x08000570                init_uart
                0x08000658                usart_sent_byte
                0x08000698                usart_send_str
                0x080006c0                button_led
                0x08000700                main
 *(.init)
 *(.fini)
 *crtbegin.o(.ctors)
 *crtbegin?.o(.ctors)
 *(EXCLUDE_FILE(*crtend.o *crtend?.o) .ctors)
 *(SORT(.ctors.*))
 *(.ctors)
 *crtbegin.o(.dtors)
 *crtbegin?.o(.dtors)
 *(EXCLUDE_FILE(*crtend.o *crtend?.o) .dtors)
 *(SORT(.dtors.*))
 *(.dtors)
 *(.rodata*)
 .rodata        0x08000710       0x14 ..\obj\main.o
                0x08000720                example_string
 *(.eh_fram e*)

.glue_7         0x08000724        0x0
 .glue_7        0x00000000        0x0 linker stubs

.glue_7t        0x08000724        0x0
 .glue_7t       0x00000000        0x0 linker stubs

.vfp11_veneer   0x08000724        0x0
 .vfp11_veneer  0x00000000        0x0 linker stubs

.v4_bx          0x08000724        0x0
 .v4_bx         0x00000000        0x0 linker stubs

.iplt           0x08000724        0x0
 .iplt          0x00000000        0x0 ..\obj\stm32f10x_it.o

.rel.dyn        0x08000724        0x0
 .rel.iplt      0x00000000        0x0 ..\obj\stm32f10x_it.o

.ARM.extab
 *(.ARM.extab* .gnu.linkonce.armextab.*)
                0x08000724                __exidx_start = .

.ARM.exidx
 *(.ARM.exidx* .gnu.linkonce.armexidx.*)
                0x08000724                __exidx_end = .
                0x08000724                __etext = .
                0x08000724                _sidata = __etext

.data           0x20000000       0x14 load address 0x08000724
                0x20000000                __data_start__ = .
                0x20000000                _sdata = __data_start__
 *(vtable)
 *(.data*)
 .data          0x20000000       0x14 ..\obj\system_stm32f10x.o
                0x20000000                SystemCoreClock
                0x20000004                AHBPrescTable
                0x20000014                . = ALIGN (0x4)
                0x20000014                PROVIDE (__preinit_array_start, .)
 *(.preinit_array)
                0x20000014                PROVIDE (__preinit_array_end, .)
                0x20000014                . = ALIGN (0x4)
                0x20000014                PROVIDE (__init_array_start, .)
 *(SORT(.init_array.*))
 *(.init_array)
                0x20000014                PROVIDE (__init_array_end, .)
                0x20000014                . = ALIGN (0x4)
                0x20000014                PROVIDE (__fini_array_start, .)
 *(SORT(.fini_array.*))
 *(.fini_array)
                0x20000014                PROVIDE (__fini_array_end, .)
 *(.jcr*)
                0x20000014                . = ALIGN (0x4)
                0x20000014                __data_end__ = .
                0x20000014                _edata = __data_end__

.igot.plt       0x20000014        0x0 load address 0x08000738
 .igot.plt      0x00000000        0x0 ..\obj\stm32f10x_it.o

.bss            0x20000014        0x0
                0x20000014                . = ALIGN (0x4)
                0x20000014                __bss_start__ = .
                0x20000014                _sbss = __bss_start__
 *(.bss*)
 *(COMMON)
                0x20000014                . = ALIGN (0x4)
                0x20000014                __bss_end__ = .
                0x20000014                _ebss = __bss_end__

.heap           0x20000014        0x0
                0x20000014                __end__ = .
                0x20000014                _end = __end__
                0x20000014                end = __end__
 *(.heap*)
                0x20000014                __HeapLimit = .

.co_stack       0x20000014        0x4 load address 0x08000738
                0x20000018                . = ALIGN (0x8)
 *fill*         0x20000014        0x4 
 *(.co_stack .co_stack.*)
                0x20002000                __StackTop = (ORIGIN (ram) + 0x2000)
                0x20001ffc                __StackLimit = (__StackTop - SIZEOF (.co_stack))
                0x20002000                PROVIDE (__stack, __StackTop)
                0x00000001                ASSERT ((__StackLimit >= __HeapLimit), region ram  overflowed with stack)
LOAD ..\obj\stm32f10x_it.o
LOAD ..\obj\system_stm32f10x.o
LOAD ..\obj\MPU6050.o
LOAD ..\obj\core_cm3.o
LOAD ..\obj\startup_stm32f10x_md_vl.o
LOAD ..\obj\main.o
START GROUP
LOAD d:/software/gcc-arm-none-eabi-4_9-2015q2-20150609-win32/bin/../lib/gcc/arm-none-eabi/4.9.3/armv7-m\libgcc.a
LOAD d:/software/gcc-arm-none-eabi-4_9-2015q2-20150609-win32/bin/../lib/gcc/arm-none-eabi/4.9.3/../../../../arm-none-eabi/lib/armv7-m\libg.a
LOAD d:/software/gcc-arm-none-eabi-4_9-2015q2-20150609-win32/bin/../lib/gcc/arm-none-eabi/4.9.3/../../../../arm-none-eabi/lib/armv7-m\libc.a
END GROUP
OUTPUT(stm32_cmake.elf elf32-littlearm)

.debug_info     0x00000000      0xa11
 .debug_info    0x00000000      0x119 ..\obj\stm32f10x_it.o
 .debug_info    0x00000119      0x3d5 ..\obj\system_stm32f10x.o
 .debug_info    0x000004ee      0x122 ..\obj\startup_stm32f10x_md_vl.o
 .debug_info    0x00000610      0x401 ..\obj\main.o

.debug_abbrev   0x00000000      0x348
 .debug_abbrev  0x00000000       0x58 ..\obj\stm32f10x_it.o
 .debug_abbrev  0x00000058      0x177 ..\obj\system_stm32f10x.o
 .debug_abbrev  0x000001cf       0x12 ..\obj\startup_stm32f10x_md_vl.o
 .debug_abbrev  0x000001e1      0x167 ..\obj\main.o

.debug_aranges  0x00000000       0x88
 .debug_aranges
                0x00000000       0x20 ..\obj\stm32f10x_it.o
 .debug_aranges
                0x00000020       0x20 ..\obj\system_stm32f10x.o
 .debug_aranges
                0x00000040       0x28 ..\obj\startup_stm32f10x_md_vl.o
 .debug_aranges
                0x00000068       0x20 ..\obj\main.o

.debug_line     0x00000000      0x72c
 .debug_line    0x00000000      0x11d ..\obj\stm32f10x_it.o
 .debug_line    0x0000011d      0x26f ..\obj\system_stm32f10x.o
 .debug_line    0x0000038c       0xfa ..\obj\startup_stm32f10x_md_vl.o
 .debug_line    0x00000486      0x2a6 ..\obj\main.o

.debug_str      0x00000000      0x4d6
 .debug_str     0x00000000      0x1be ..\obj\stm32f10x_it.o
                                0x1f2 (size before relaxing)
 .debug_str     0x000001be      0x1dd ..\obj\system_stm32f10x.o
                                0x306 (size before relaxing)
 .debug_str     0x0000039b      0x13b ..\obj\main.o
                                0x2e8 (size before relaxing)

.comment        0x00000000       0x70
 .comment       0x00000000       0x70 ..\obj\stm32f10x_it.o
                                 0x71 (size before relaxing)
 .comment       0x00000000       0x71 ..\obj\system_stm32f10x.o
 .comment       0x00000000       0x71 ..\obj\main.o

.ARM.attributes
                0x00000000       0x31
 .ARM.attributes
                0x00000000       0x33 ..\obj\stm32f10x_it.o
 .ARM.attributes
                0x00000033       0x33 ..\obj\system_stm32f10x.o
 .ARM.attributes
                0x00000066       0x21 ..\obj\startup_stm32f10x_md_vl.o
 .ARM.attributes
                0x00000087       0x33 ..\obj\main.o

.debug_frame    0x00000000      0x308
 .debug_frame   0x00000000      0x110 ..\obj\stm32f10x_it.o
 .debug_frame   0x00000110       0x98 ..\obj\system_stm32f10x.o
 .debug_frame   0x000001a8      0x160 ..\obj\main.o

.debug_ranges   0x00000000       0x20
 .debug_ranges  0x00000000       0x20 ..\obj\startup_stm32f10x_md_vl.o
