
Discarded input sections

 .text          0x00000000      0x908 ..\obj\stm32f10x_usart.o
 .data          0x00000000        0x0 ..\obj\stm32f10x_usart.o
 .bss           0x00000000        0x0 ..\obj\stm32f10x_usart.o
 .debug_info    0x00000000      0x9d2 ..\obj\stm32f10x_usart.o
 .debug_abbrev  0x00000000      0x162 ..\obj\stm32f10x_usart.o
 .debug_aranges
                0x00000000       0x20 ..\obj\stm32f10x_usart.o
 .debug_line    0x00000000      0x3ef ..\obj\stm32f10x_usart.o
 .debug_str     0x00000000      0x6a4 ..\obj\stm32f10x_usart.o
 .comment       0x00000000       0x71 ..\obj\stm32f10x_usart.o
 .debug_frame   0x00000000      0x490 ..\obj\stm32f10x_usart.o
 .ARM.attributes
                0x00000000       0x33 ..\obj\stm32f10x_usart.o
 .bss           0x00000000        0x0 ..\obj\system_stm32f10x.o
 .text          0x00000000       0x14 ..\obj\startup_stm32f10x_md_vl.o
 .data          0x00000000        0x0 ..\obj\startup_stm32f10x_md_vl.o
 .bss           0x00000000        0x0 ..\obj\startup_stm32f10x_md_vl.o
 .data          0x00000000        0x0 ..\obj\stm32f10x_gpio.o
 .bss           0x00000000        0x0 ..\obj\stm32f10x_gpio.o
 .bss           0x00000000        0x0 ..\obj\stm32f10x_rcc.o
 .data          0x00000000        0x0 ..\obj\stm32f10x_it.o
 .bss           0x00000000        0x0 ..\obj\stm32f10x_it.o
 .data          0x00000000        0x0 ..\obj\stm32f10x_i2c.o
 .bss           0x00000000        0x0 ..\obj\stm32f10x_i2c.o
 .data          0x00000000        0x0 ..\obj\MPU6050.o
 .bss           0x00000000        0x0 ..\obj\MPU6050.o
 .data          0x00000000        0x0 ..\obj\main.o
 .bss           0x00000000        0x0 ..\obj\main.o
 .text          0x00000000      0x280 ..\obj\core_cm3.o
 .data          0x00000000        0x0 ..\obj\core_cm3.o
 .bss           0x00000000        0x0 ..\obj\core_cm3.o
 .debug_info    0x00000000      0x527 ..\obj\core_cm3.o
 .debug_abbrev  0x00000000       0xac ..\obj\core_cm3.o
 .debug_aranges
                0x00000000       0x20 ..\obj\core_cm3.o
 .debug_line    0x00000000      0x1f3 ..\obj\core_cm3.o
 .debug_str     0x00000000      0x2ff ..\obj\core_cm3.o
 .comment       0x00000000       0x71 ..\obj\core_cm3.o
 .debug_frame   0x00000000      0x320 ..\obj\core_cm3.o
 .ARM.attributes
                0x00000000       0x33 ..\obj\core_cm3.o

Memory Configuration

Name             Origin             Length             Attributes
rom              0x08000000         0x00020000         xr
ram              0x20000000         0x00002000         xrw
*default*        0x00000000         0xffffffff

Linker script and memory map

                0x20002000                _eram = 0x20002000

.text           0x08000000     0x2578
 *(.isr_vector)
 .isr_vector    0x08000000      0x1d0 ..\obj\startup_stm32f10x_md_vl.o
                0x08000000                g_pfnVectors
 *(.text*)
 .text          0x080001d0      0x220 ..\obj\system_stm32f10x.o
                0x080001d0                SystemInit
                0x0800023c                SystemCoreClockUpdate
 .text.Reset_Handler
                0x080003f0       0x44 ..\obj\startup_stm32f10x_md_vl.o
                0x080003f0                Reset_Handler
 .text.Default_Handler
                0x08000434        0x2 ..\obj\startup_stm32f10x_md_vl.o
                0x08000434                EXTI2_IRQHandler
                0x08000434                TIM1_CC_IRQHandler
                0x08000434                PVD_IRQHandler
                0x08000434                EXTI3_IRQHandler
                0x08000434                EXTI0_IRQHandler
                0x08000434                I2C2_EV_IRQHandler
                0x08000434                TIM1_UP_TIM16_IRQHandler
                0x08000434                SPI1_IRQHandler
                0x08000434                TAMPER_IRQHandler
                0x08000434                TIM6_DAC_IRQHandler
                0x08000434                DMA1_Channel4_IRQHandler
                0x08000434                ADC1_IRQHandler
                0x08000434                USART3_IRQHandler
                0x08000434                RTC_IRQHandler
                0x08000434                DMA1_Channel7_IRQHandler
                0x08000434                TIM4_IRQHandler
                0x08000434                I2C1_EV_IRQHandler
                0x08000434                DMA1_Channel6_IRQHandler
                0x08000434                TIM3_IRQHandler
                0x08000434                RCC_IRQHandler
                0x08000434                DMA1_Channel1_IRQHandler
                0x08000434                Default_Handler
                0x08000434                CEC_IRQHandler
                0x08000434                EXTI15_10_IRQHandler
                0x08000434                TIM7_IRQHandler
                0x08000434                EXTI9_5_IRQHandler
                0x08000434                SPI2_IRQHandler
                0x08000434                DMA1_Channel5_IRQHandler
                0x08000434                EXTI4_IRQHandler
                0x08000434                TIM1_TRG_COM_TIM17_IRQHandler
                0x08000434                DMA1_Channel3_IRQHandler
                0x08000434                WWDG_IRQHandler
                0x08000434                TIM2_IRQHandler
                0x08000434                EXTI1_IRQHandler
                0x08000434                RTCAlarm_IRQHandler
                0x08000434                USART2_IRQHandler
                0x08000434                I2C2_ER_IRQHandler
                0x08000434                DMA1_Channel2_IRQHandler
                0x08000434                FLASH_IRQHandler
                0x08000434                USART1_IRQHandler
                0x08000434                I2C1_ER_IRQHandler
                0x08000434                TIM1_BRK_TIM15_IRQHandler
 *fill*         0x08000436        0x2 
 .text          0x08000438      0x5f8 ..\obj\stm32f10x_gpio.o
                0x08000438                GPIO_DeInit
                0x0800051c                GPIO_AFIODeInit
                0x08000534                GPIO_Init
                0x080006b4                GPIO_StructInit
                0x080006dc                GPIO_ReadInputDataBit
                0x08000710                GPIO_ReadInputData
                0x0800072c                GPIO_ReadOutputDataBit
                0x08000760                GPIO_ReadOutputData
                0x0800077c                GPIO_SetBits
                0x08000798                GPIO_ResetBits
                0x080007b4                GPIO_WriteBit
                0x080007e4                GPIO_Write
                0x08000800                GPIO_PinLockConfig
                0x08000844                GPIO_EventOutputConfig
                0x08000890                GPIO_EventOutputCmd
                0x080008b0                GPIO_PinRemapConfig
                0x08000990                GPIO_EXTILineConfig
                0x08000a14                GPIO_ETH_MediaInterfaceConfig
 .text          0x08000a30      0x81c ..\obj\stm32f10x_rcc.o
                0x08000a30                RCC_DeInit
                0x08000a94                RCC_HSEConfig
                0x08000af0                RCC_WaitForHSEStartUp
                0x08000b40                RCC_AdjustHSICalibrationValue
                0x08000b7c                RCC_HSICmd
                0x08000b9c                RCC_PLLConfig
                0x08000bd8                RCC_PLLCmd
                0x08000bf8                RCC_PREDIV1Config
                0x08000c38                RCC_SYSCLKConfig
                0x08000c70                RCC_GetSYSCLKSource
                0x08000c90                RCC_HCLKConfig
                0x08000cc8                RCC_PCLK1Config
                0x08000d00                RCC_PCLK2Config
                0x08000d38                RCC_ITConfig
                0x08000d84                RCC_USBCLKConfig
                0x08000da0                RCC_ADCCLKConfig
                0x08000dd8                RCC_LSEConfig
                0x08000e18                RCC_LSICmd
                0x08000e38                RCC_RTCCLKConfig
                0x08000e5c                RCC_RTCCLKCmd
                0x08000e7c                RCC_GetClocksFreq
                0x08000fd8                RCC_AHBPeriphClockCmd
                0x08001014                RCC_APB2PeriphClockCmd
                0x08001050                RCC_APB1PeriphClockCmd
                0x0800108c                RCC_APB2PeriphResetCmd
                0x080010c8                RCC_APB1PeriphResetCmd
                0x08001104                RCC_BackupResetCmd
                0x08001124                RCC_ClockSecuritySystemCmd
                0x08001144                RCC_MCOConfig
                0x08001164                RCC_GetFlagStatus
                0x080011d8                RCC_ClearFlag
                0x080011f4                RCC_GetITStatus
                0x0800122c                RCC_ClearITPendingBit
 .text          0x0800124c       0x5c ..\obj\stm32f10x_it.o
                0x0800124c                NMI_Handler
                0x08001258                HardFault_Handler
                0x08001260                MemManage_Handler
                0x08001268                BusFault_Handler
                0x08001270                UsageFault_Handler
                0x08001278                SVC_Handler
                0x08001284                DebugMon_Handler
                0x08001290                PendSV_Handler
                0x0800129c                SysTick_Handler
 .text          0x080012a8      0x958 ..\obj\stm32f10x_i2c.o
                0x080012a8                I2C_DeInit
                0x080012ec                I2C_Init
                0x08001470                I2C_StructInit
                0x080014ac                I2C_Cmd
                0x080014ec                I2C_DMACmd
                0x0800152c                I2C_DMALastTransferCmd
                0x0800156c                I2C_GenerateSTART
                0x080015ac                I2C_GenerateSTOP
                0x080015ec                I2C_AcknowledgeConfig
                0x0800162c                I2C_OwnAddress2Config
                0x0800166c                I2C_DualAddressCmd
                0x080016ac                I2C_GeneralCallCmd
                0x080016ec                I2C_ITConfig
                0x08001734                I2C_SendData
                0x08001754                I2C_ReceiveData
                0x08001770                I2C_Send7bitAddress
                0x080017ac                I2C_ReadRegister
                0x080017dc                I2C_SoftwareResetCmd
                0x08001820                I2C_NACKPositionConfig
                0x08001860                I2C_SMBusAlertConfig
                0x080018a0                I2C_TransmitPEC
                0x080018e0                I2C_PECPositionConfig
                0x08001920                I2C_CalculatePEC
                0x08001960                I2C_GetPEC
                0x08001980                I2C_ARPCmd
                0x080019c0                I2C_StretchClockCmd
                0x08001a00                I2C_FastModeDutyCycleConfig
                0x08001a40                I2C_CheckEvent
                0x08001aa0                I2C_GetLastEvent
                0x08001ae4                I2C_GetFlagStatus
                0x08001b4c                I2C_ClearFlag
                0x08001b78                I2C_GetITStatus
                0x08001bd4                I2C_ClearITPendingBit
 .text          0x08001c00      0x5f4 ..\obj\MPU6050.o
                0x08001c00                MPU6050_Initialize
                0x08001c20                MPU6050_TestConnection
                0x08001c38                MPU6050_GetDeviceID
                0x08001c58                MPU6050_SetClockSource
                0x08001c78                MPU6050_SetFullScaleGyroRange
                0x08001c98                MPU6050_GetFullScaleGyroRange
                0x08001cb8                MPU6050_GetFullScaleAccelRange
                0x08001cd8                MPU6050_SetFullScaleAccelRange
                0x08001cf8                MPU6050_GetSleepModeStatus
                0x08001d20                MPU6050_SetSleepModeStatus
                0x08001d3c                MPU6050_GetRawAccelGyro
                0x08001dec                MPU6050_WriteBits
                0x08001e8c                MPU6050_WriteBit
                0x08001f0c                MPU6050_ReadBits
                0x08001f80                MPU6050_ReadBit
                0x08001fc8                MPU6050_I2C_Init
                0x0800203c                MPU6050_I2C_ByteWrite
                0x080020d4                MPU6050_I2C_BufferRead
 .text          0x080021f4      0x304 ..\obj\main.o
                0x080021f4                _exit
                0x080021fc                delay
                0x08002224                init_led
                0x0800225c                blue_led_on
                0x08002278                blue_led_off
                0x08002294                init_button
                0x080022d8                init_uart
                0x080023c0                usart_sent_byte
                0x08002400                usart_send_str
                0x08002428                button_led
                0x08002468                main
 *(.init)
 *(.fini)
 *crtbegin.o(.ctors)
 *crtbegin?.o(.ctors)
 *(EXCLUDE_FILE(*crtend.o *crtend?.o) .ctors)
 *(SORT(.ctors.*))
 *(.ctors)
 *crtbegin.o(.dtors)
 *crtbegin?.o(.dtors)
 *(EXCLUDE_FILE(*crtend.o *crtend?.o) .dtors)
 *(SORT(.dtors.*))
 *(.dtors)
 *(.rodata*)
 .rodata        0x080024f8       0x80 ..\obj\main.o
                0x08002508                example_string
                0x0800251c                msg_conenction_success
                0x0800253c                msg_conenction_fail
                0x08002558                msg_MPU6050_I2C_Init
                0x08002574                msg_MPU6050_Initialize
 *(.eh_fram e*)

.glue_7         0x08002578        0x0
 .glue_7        0x00000000        0x0 linker stubs

.glue_7t        0x08002578        0x0
 .glue_7t       0x00000000        0x0 linker stubs

.vfp11_veneer   0x08002578        0x0
 .vfp11_veneer  0x00000000        0x0 linker stubs

.v4_bx          0x08002578        0x0
 .v4_bx         0x00000000        0x0 linker stubs

.iplt           0x08002578        0x0
 .iplt          0x00000000        0x0 ..\obj\stm32f10x_usart.o

.rel.dyn        0x08002578        0x0
 .rel.iplt      0x00000000        0x0 ..\obj\stm32f10x_usart.o

.ARM.extab
 *(.ARM.extab* .gnu.linkonce.armextab.*)
                0x08002578                __exidx_start = .

.ARM.exidx
 *(.ARM.exidx* .gnu.linkonce.armexidx.*)
                0x08002578                __exidx_end = .
                0x08002578                __etext = .
                0x08002578                _sidata = __etext

.data           0x20000000       0x28 load address 0x08002578
                0x20000000                __data_start__ = .
                0x20000000                _sdata = __data_start__
 *(vtable)
 *(.data*)
 .data          0x20000000       0x14 ..\obj\system_stm32f10x.o
                0x20000000                SystemCoreClock
                0x20000004                AHBPrescTable
 .data          0x20000014       0x14 ..\obj\stm32f10x_rcc.o
                0x20000028                . = ALIGN (0x4)
                0x20000028                PROVIDE (__preinit_array_start, .)
 *(.preinit_array)
                0x20000028                PROVIDE (__preinit_array_end, .)
                0x20000028                . = ALIGN (0x4)
                0x20000028                PROVIDE (__init_array_start, .)
 *(SORT(.init_array.*))
 *(.init_array)
                0x20000028                PROVIDE (__init_array_end, .)
                0x20000028                . = ALIGN (0x4)
                0x20000028                PROVIDE (__fini_array_start, .)
 *(SORT(.fini_array.*))
 *(.fini_array)
                0x20000028                PROVIDE (__fini_array_end, .)
 *(.jcr*)
                0x20000028                . = ALIGN (0x4)
                0x20000028                __data_end__ = .
                0x20000028                _edata = __data_end__

.igot.plt       0x20000028        0x0 load address 0x080025a0
 .igot.plt      0x00000000        0x0 ..\obj\stm32f10x_usart.o

.bss            0x20000028        0x0
                0x20000028                . = ALIGN (0x4)
                0x20000028                __bss_start__ = .
                0x20000028                _sbss = __bss_start__
 *(.bss*)
 *(COMMON)
                0x20000028                . = ALIGN (0x4)
                0x20000028                __bss_end__ = .
                0x20000028                _ebss = __bss_end__

.heap           0x20000028        0x0
                0x20000028                __end__ = .
                0x20000028                _end = __end__
                0x20000028                end = __end__
 *(.heap*)
                0x20000028                __HeapLimit = .

.co_stack       0x20000028        0x0
                0x20000028                . = ALIGN (0x8)
 *(.co_stack .co_stack.*)
                0x20002000                __StackTop = (ORIGIN (ram) + 0x2000)
                0x20002000                __StackLimit = (__StackTop - SIZEOF (.co_stack))
                0x20002000                PROVIDE (__stack, __StackTop)
                0x00000001                ASSERT ((__StackLimit >= __HeapLimit), region ram  overflowed with stack)
LOAD ..\obj\stm32f10x_usart.o
LOAD ..\obj\system_stm32f10x.o
LOAD ..\obj\startup_stm32f10x_md_vl.o
LOAD ..\obj\stm32f10x_gpio.o
LOAD ..\obj\stm32f10x_rcc.o
LOAD ..\obj\stm32f10x_it.o
LOAD ..\obj\stm32f10x_i2c.o
LOAD ..\obj\MPU6050.o
LOAD ..\obj\main.o
LOAD ..\obj\core_cm3.o
START GROUP
LOAD d:/software/gcc-arm-none-eabi-4_9-2015q2-20150609-win32/bin/../lib/gcc/arm-none-eabi/4.9.3/armv7-m\libgcc.a
LOAD d:/software/gcc-arm-none-eabi-4_9-2015q2-20150609-win32/bin/../lib/gcc/arm-none-eabi/4.9.3/../../../../arm-none-eabi/lib/armv7-m\libg.a
LOAD d:/software/gcc-arm-none-eabi-4_9-2015q2-20150609-win32/bin/../lib/gcc/arm-none-eabi/4.9.3/../../../../arm-none-eabi/lib/armv7-m\libc.a
END GROUP
OUTPUT(stm32_cmake.elf elf32-littlearm)

.debug_info     0x00000000     0x2d73
 .debug_info    0x00000000      0x3d5 ..\obj\system_stm32f10x.o
 .debug_info    0x000003d5      0x122 ..\obj\startup_stm32f10x_md_vl.o
 .debug_info    0x000004f7      0x6d1 ..\obj\stm32f10x_gpio.o
 .debug_info    0x00000bc8      0x8e4 ..\obj\stm32f10x_rcc.o
 .debug_info    0x000014ac      0x119 ..\obj\stm32f10x_it.o
 .debug_info    0x000015c5      0xaea ..\obj\stm32f10x_i2c.o
 .debug_info    0x000020af      0x7ff ..\obj\MPU6050.o
 .debug_info    0x000028ae      0x4c5 ..\obj\main.o

.debug_abbrev   0x00000000      0xa50
 .debug_abbrev  0x00000000      0x177 ..\obj\system_stm32f10x.o
 .debug_abbrev  0x00000177       0x12 ..\obj\startup_stm32f10x_md_vl.o
 .debug_abbrev  0x00000189      0x1c8 ..\obj\stm32f10x_gpio.o
 .debug_abbrev  0x00000351      0x1ba ..\obj\stm32f10x_rcc.o
 .debug_abbrev  0x0000050b       0x58 ..\obj\stm32f10x_it.o
 .debug_abbrev  0x00000563      0x164 ..\obj\stm32f10x_i2c.o
 .debug_abbrev  0x000006c7      0x1ee ..\obj\MPU6050.o
 .debug_abbrev  0x000008b5      0x19b ..\obj\main.o

.debug_aranges  0x00000000      0x108
 .debug_aranges
                0x00000000       0x20 ..\obj\system_stm32f10x.o
 .debug_aranges
                0x00000020       0x28 ..\obj\startup_stm32f10x_md_vl.o
 .debug_aranges
                0x00000048       0x20 ..\obj\stm32f10x_gpio.o
 .debug_aranges
                0x00000068       0x20 ..\obj\stm32f10x_rcc.o
 .debug_aranges
                0x00000088       0x20 ..\obj\stm32f10x_it.o
 .debug_aranges
                0x000000a8       0x20 ..\obj\stm32f10x_i2c.o
 .debug_aranges
                0x000000c8       0x20 ..\obj\MPU6050.o
 .debug_aranges
                0x000000e8       0x20 ..\obj\main.o

.debug_line     0x00000000     0x16a2
 .debug_line    0x00000000      0x26f ..\obj\system_stm32f10x.o
 .debug_line    0x0000026f       0xfa ..\obj\startup_stm32f10x_md_vl.o
 .debug_line    0x00000369      0x398 ..\obj\stm32f10x_gpio.o
 .debug_line    0x00000701      0x3fe ..\obj\stm32f10x_rcc.o
 .debug_line    0x00000aff      0x11d ..\obj\stm32f10x_it.o
 .debug_line    0x00000c1c      0x3f3 ..\obj\stm32f10x_i2c.o
 .debug_line    0x0000100f      0x3cf ..\obj\MPU6050.o
 .debug_line    0x000013de      0x2c4 ..\obj\main.o

.debug_str      0x00000000     0x13a3
 .debug_str     0x00000000      0x2a4 ..\obj\system_stm32f10x.o
                                0x306 (size before relaxing)
 .debug_str     0x000002a4      0x3da ..\obj\stm32f10x_gpio.o
                                0x52d (size before relaxing)
 .debug_str     0x0000067e      0x442 ..\obj\stm32f10x_rcc.o
                                0x681 (size before relaxing)
 .debug_str     0x00000ac0       0xe3 ..\obj\stm32f10x_it.o
                                0x1f2 (size before relaxing)
 .debug_str     0x00000ba3      0x43a ..\obj\stm32f10x_i2c.o
                                0x67a (size before relaxing)
 .debug_str     0x00000fdd      0x257 ..\obj\MPU6050.o
                                0x611 (size before relaxing)
 .debug_str     0x00001234      0x16f ..\obj\main.o
                                0x375 (size before relaxing)

.comment        0x00000000       0x70
 .comment       0x00000000       0x70 ..\obj\system_stm32f10x.o
                                 0x71 (size before relaxing)
 .comment       0x00000000       0x71 ..\obj\stm32f10x_gpio.o
 .comment       0x00000000       0x71 ..\obj\stm32f10x_rcc.o
 .comment       0x00000000       0x71 ..\obj\stm32f10x_it.o
 .comment       0x00000000       0x71 ..\obj\stm32f10x_i2c.o
 .comment       0x00000000       0x71 ..\obj\MPU6050.o
 .comment       0x00000000       0x71 ..\obj\main.o

.ARM.attributes
                0x00000000       0x31
 .ARM.attributes
                0x00000000       0x33 ..\obj\system_stm32f10x.o
 .ARM.attributes
                0x00000033       0x21 ..\obj\startup_stm32f10x_md_vl.o
 .ARM.attributes
                0x00000054       0x33 ..\obj\stm32f10x_gpio.o
 .ARM.attributes
                0x00000087       0x33 ..\obj\stm32f10x_rcc.o
 .ARM.attributes
                0x000000ba       0x33 ..\obj\stm32f10x_it.o
 .ARM.attributes
                0x000000ed       0x33 ..\obj\stm32f10x_i2c.o
 .ARM.attributes
                0x00000120       0x33 ..\obj\MPU6050.o
 .ARM.attributes
                0x00000153       0x33 ..\obj\main.o

.debug_frame    0x00000000     0x12d4
 .debug_frame   0x00000000       0x98 ..\obj\system_stm32f10x.o
 .debug_frame   0x00000098      0x2d0 ..\obj\stm32f10x_gpio.o
 .debug_frame   0x00000368      0x51c ..\obj\stm32f10x_rcc.o
 .debug_frame   0x00000884      0x110 ..\obj\stm32f10x_it.o
 .debug_frame   0x00000994      0x530 ..\obj\stm32f10x_i2c.o
 .debug_frame   0x00000ec4      0x294 ..\obj\MPU6050.o
 .debug_frame   0x00001158      0x17c ..\obj\main.o

.debug_ranges   0x00000000       0x20
 .debug_ranges  0x00000000       0x20 ..\obj\startup_stm32f10x_md_vl.o
