Archive member included because of file (symbol)

d:/software/gcc-arm-none-eabi-4_9-2015q2-20150609-win32/bin/../lib/gcc/arm-none-eabi/4.9.3/../../../../arm-none-eabi/lib/armv7-m\libg.a(lib_a-errno.o)
                              ..\obj\syscalls.o (__errno)
d:/software/gcc-arm-none-eabi-4_9-2015q2-20150609-win32/bin/../lib/gcc/arm-none-eabi/4.9.3/../../../../arm-none-eabi/lib/armv7-m\libg.a(lib_a-exit.o)
                              d:/software/gcc-arm-none-eabi-4_9-2015q2-20150609-win32/bin/../lib/gcc/arm-none-eabi/4.9.3/../../../../arm-none-eabi/lib/armv7-m/crt0.o (exit)
d:/software/gcc-arm-none-eabi-4_9-2015q2-20150609-win32/bin/../lib/gcc/arm-none-eabi/4.9.3/../../../../arm-none-eabi/lib/armv7-m\libg.a(lib_a-impure.o)
                              d:/software/gcc-arm-none-eabi-4_9-2015q2-20150609-win32/bin/../lib/gcc/arm-none-eabi/4.9.3/../../../../arm-none-eabi/lib/armv7-m\libg.a(lib_a-exit.o) (_global_impure_ptr)
d:/software/gcc-arm-none-eabi-4_9-2015q2-20150609-win32/bin/../lib/gcc/arm-none-eabi/4.9.3/../../../../arm-none-eabi/lib/armv7-m\libg.a(lib_a-init.o)
                              d:/software/gcc-arm-none-eabi-4_9-2015q2-20150609-win32/bin/../lib/gcc/arm-none-eabi/4.9.3/../../../../arm-none-eabi/lib/armv7-m/crt0.o (__libc_init_array)
d:/software/gcc-arm-none-eabi-4_9-2015q2-20150609-win32/bin/../lib/gcc/arm-none-eabi/4.9.3/../../../../arm-none-eabi/lib/armv7-m\libg.a(lib_a-memset.o)
                              d:/software/gcc-arm-none-eabi-4_9-2015q2-20150609-win32/bin/../lib/gcc/arm-none-eabi/4.9.3/../../../../arm-none-eabi/lib/armv7-m/crt0.o (memset)
d:/software/gcc-arm-none-eabi-4_9-2015q2-20150609-win32/bin/../lib/gcc/arm-none-eabi/4.9.3/../../../../arm-none-eabi/lib/armv7-m\libg.a(lib_a-__call_atexit.o)
                              d:/software/gcc-arm-none-eabi-4_9-2015q2-20150609-win32/bin/../lib/gcc/arm-none-eabi/4.9.3/../../../../arm-none-eabi/lib/armv7-m\libg.a(lib_a-exit.o) (__call_exitprocs)
d:/software/gcc-arm-none-eabi-4_9-2015q2-20150609-win32/bin/../lib/gcc/arm-none-eabi/4.9.3/../../../../arm-none-eabi/lib/armv7-m\libg.a(lib_a-atexit.o)
                              d:/software/gcc-arm-none-eabi-4_9-2015q2-20150609-win32/bin/../lib/gcc/arm-none-eabi/4.9.3/../../../../arm-none-eabi/lib/armv7-m\libg.a(lib_a-__call_atexit.o) (atexit)
d:/software/gcc-arm-none-eabi-4_9-2015q2-20150609-win32/bin/../lib/gcc/arm-none-eabi/4.9.3/../../../../arm-none-eabi/lib/armv7-m\libg.a(lib_a-fini.o)
                              d:/software/gcc-arm-none-eabi-4_9-2015q2-20150609-win32/bin/../lib/gcc/arm-none-eabi/4.9.3/../../../../arm-none-eabi/lib/armv7-m\libg.a(lib_a-__call_atexit.o) (__libc_fini_array)
d:/software/gcc-arm-none-eabi-4_9-2015q2-20150609-win32/bin/../lib/gcc/arm-none-eabi/4.9.3/../../../../arm-none-eabi/lib/armv7-m\libg.a(lib_a-__atexit.o)
                              d:/software/gcc-arm-none-eabi-4_9-2015q2-20150609-win32/bin/../lib/gcc/arm-none-eabi/4.9.3/../../../../arm-none-eabi/lib/armv7-m\libg.a(lib_a-atexit.o) (__register_exitproc)

Allocating common symbols
Common symbol       size              file

hspi2               0x58              ..\obj\main.o
htim4               0x3c              ..\obj\main.o
hcrc                0x8               ..\obj\main.o
pFlash              0x20              ..\obj\stm32f1xx_hal_flash.o
htim3               0x3c              ..\obj\main.o
huart1              0x40              ..\obj\main.o
rx_data_frame       0x3               ..\obj\infrared.o
hspi1               0x58              ..\obj\main.o
hdma_spi1_rx        0x38              ..\obj\main.o
hdma_spi1_tx        0x38              ..\obj\main.o

Discarded input sections

 .text          0x00000000        0x0 d:/software/gcc-arm-none-eabi-4_9-2015q2-20150609-win32/bin/../lib/gcc/arm-none-eabi/4.9.3/armv7-m/crti.o
 .data          0x00000000        0x0 d:/software/gcc-arm-none-eabi-4_9-2015q2-20150609-win32/bin/../lib/gcc/arm-none-eabi/4.9.3/armv7-m/crti.o
 .bss           0x00000000        0x0 d:/software/gcc-arm-none-eabi-4_9-2015q2-20150609-win32/bin/../lib/gcc/arm-none-eabi/4.9.3/armv7-m/crti.o
 .data          0x00000000        0x4 d:/software/gcc-arm-none-eabi-4_9-2015q2-20150609-win32/bin/../lib/gcc/arm-none-eabi/4.9.3/armv7-m/crtbegin.o
 .text          0x00000000       0x74 d:/software/gcc-arm-none-eabi-4_9-2015q2-20150609-win32/bin/../lib/gcc/arm-none-eabi/4.9.3/../../../../arm-none-eabi/lib/armv7-m/crt0.o
 .data          0x00000000        0x0 d:/software/gcc-arm-none-eabi-4_9-2015q2-20150609-win32/bin/../lib/gcc/arm-none-eabi/4.9.3/../../../../arm-none-eabi/lib/armv7-m/crt0.o
 .bss           0x00000000        0x0 d:/software/gcc-arm-none-eabi-4_9-2015q2-20150609-win32/bin/../lib/gcc/arm-none-eabi/4.9.3/../../../../arm-none-eabi/lib/armv7-m/crt0.o
 .ARM.extab     0x00000000        0x0 d:/software/gcc-arm-none-eabi-4_9-2015q2-20150609-win32/bin/../lib/gcc/arm-none-eabi/4.9.3/../../../../arm-none-eabi/lib/armv7-m/crt0.o
 .ARM.exidx     0x00000000        0x8 d:/software/gcc-arm-none-eabi-4_9-2015q2-20150609-win32/bin/../lib/gcc/arm-none-eabi/4.9.3/../../../../arm-none-eabi/lib/armv7-m/crt0.o
 .ARM.attributes
                0x00000000       0x1b d:/software/gcc-arm-none-eabi-4_9-2015q2-20150609-win32/bin/../lib/gcc/arm-none-eabi/4.9.3/../../../../arm-none-eabi/lib/armv7-m/crt0.o
 .data          0x00000000        0x0 ..\obj\stm32f1xx_hal_dma.o
 .bss           0x00000000        0x0 ..\obj\stm32f1xx_hal_dma.o
 .text          0x00000000      0x7b4 ..\obj\stm32f1xx_hal_flash_ex.o
 .data          0x00000000        0x0 ..\obj\stm32f1xx_hal_flash_ex.o
 .bss           0x00000000        0x0 ..\obj\stm32f1xx_hal_flash_ex.o
 .debug_info    0x00000000      0x79a ..\obj\stm32f1xx_hal_flash_ex.o
 .debug_abbrev  0x00000000      0x236 ..\obj\stm32f1xx_hal_flash_ex.o
 .debug_aranges
                0x00000000       0x20 ..\obj\stm32f1xx_hal_flash_ex.o
 .debug_line    0x00000000      0x475 ..\obj\stm32f1xx_hal_flash_ex.o
 .debug_str     0x00000000      0x670 ..\obj\stm32f1xx_hal_flash_ex.o
 .comment       0x00000000       0x71 ..\obj\stm32f1xx_hal_flash_ex.o
 .debug_frame   0x00000000      0x238 ..\obj\stm32f1xx_hal_flash_ex.o
 .ARM.attributes
                0x00000000       0x33 ..\obj\stm32f1xx_hal_flash_ex.o
 .bss           0x00000000        0x0 ..\obj\system_stm32f1xx.o
 .data          0x00000000        0x0 ..\obj\stm32f1xx_hal_cortex.o
 .bss           0x00000000        0x0 ..\obj\stm32f1xx_hal_cortex.o
 .data          0x00000000        0x0 ..\obj\stm32f1xx_hal_gpio.o
 .bss           0x00000000        0x0 ..\obj\stm32f1xx_hal_gpio.o
 .data          0x00000000        0x0 ..\obj\stm32f1xx_hal_spi.o
 .bss           0x00000000        0x0 ..\obj\stm32f1xx_hal_spi.o
 .data          0x00000000        0x0 ..\obj\stm32f1xx_hal_tim_ex.o
 .bss           0x00000000        0x0 ..\obj\stm32f1xx_hal_tim_ex.o
 .text          0x00000000      0x404 ..\obj\stm32f1xx_hal_rcc_ex.o
 .data          0x00000000        0x0 ..\obj\stm32f1xx_hal_rcc_ex.o
 .bss           0x00000000        0x0 ..\obj\stm32f1xx_hal_rcc_ex.o
 .rodata        0x00000000       0x12 ..\obj\stm32f1xx_hal_rcc_ex.o
 .debug_info    0x00000000      0x529 ..\obj\stm32f1xx_hal_rcc_ex.o
 .debug_abbrev  0x00000000      0x1e9 ..\obj\stm32f1xx_hal_rcc_ex.o
 .debug_aranges
                0x00000000       0x20 ..\obj\stm32f1xx_hal_rcc_ex.o
 .debug_line    0x00000000      0x422 ..\obj\stm32f1xx_hal_rcc_ex.o
 .debug_str     0x00000000      0x40a ..\obj\stm32f1xx_hal_rcc_ex.o
 .comment       0x00000000       0x71 ..\obj\stm32f1xx_hal_rcc_ex.o
 .debug_frame   0x00000000       0x84 ..\obj\stm32f1xx_hal_rcc_ex.o
 .ARM.attributes
                0x00000000       0x33 ..\obj\stm32f1xx_hal_rcc_ex.o
 .data          0x00000000        0x0 ..\obj\stm32f1xx_hal_spi_ex.o
 .data          0x00000000        0x0 ..\obj\stm32f1xx_hal.o
 .text          0x00000000       0x64 ..\obj\stm32f1xx_hal_gpio_ex.o
 .data          0x00000000        0x0 ..\obj\stm32f1xx_hal_gpio_ex.o
 .bss           0x00000000        0x0 ..\obj\stm32f1xx_hal_gpio_ex.o
 .debug_info    0x00000000      0x17c ..\obj\stm32f1xx_hal_gpio_ex.o
 .debug_abbrev  0x00000000       0xcb ..\obj\stm32f1xx_hal_gpio_ex.o
 .debug_aranges
                0x00000000       0x20 ..\obj\stm32f1xx_hal_gpio_ex.o
 .debug_line    0x00000000      0x262 ..\obj\stm32f1xx_hal_gpio_ex.o
 .debug_str     0x00000000      0x2b4 ..\obj\stm32f1xx_hal_gpio_ex.o
 .comment       0x00000000       0x71 ..\obj\stm32f1xx_hal_gpio_ex.o
 .debug_frame   0x00000000       0x78 ..\obj\stm32f1xx_hal_gpio_ex.o
 .ARM.attributes
                0x00000000       0x33 ..\obj\stm32f1xx_hal_gpio_ex.o
 .data          0x00000000        0x0 ..\obj\stm32f1xx_it.o
 .bss           0x00000000        0x0 ..\obj\stm32f1xx_it.o
 .text          0x00000000       0x14 ..\obj\startup_stm32f103xb.o
 .data          0x00000000        0x0 ..\obj\startup_stm32f103xb.o
 .bss           0x00000000        0x0 ..\obj\startup_stm32f103xb.o
 .data          0x00000000        0x0 ..\obj\infrared.o
 .bss           0x00000000        0x0 ..\obj\main.o
 .data          0x00000000        0x0 ..\obj\stm32f1xx_hal_uart.o
 .bss           0x00000000        0x0 ..\obj\stm32f1xx_hal_uart.o
 .text          0x00000000      0x268 ..\obj\syscalls.o
 .data          0x00000000        0x0 ..\obj\syscalls.o
 .bss           0x00000000        0x4 ..\obj\syscalls.o
 .rodata        0x00000000       0x1a ..\obj\syscalls.o
 .debug_info    0x00000000      0x654 ..\obj\syscalls.o
 .debug_abbrev  0x00000000      0x1ae ..\obj\syscalls.o
 .debug_aranges
                0x00000000       0x20 ..\obj\syscalls.o
 .debug_line    0x00000000      0x25d ..\obj\syscalls.o
 .debug_str     0x00000000      0x3ea ..\obj\syscalls.o
 .comment       0x00000000       0x71 ..\obj\syscalls.o
 .debug_frame   0x00000000      0x278 ..\obj\syscalls.o
 .ARM.attributes
                0x00000000       0x33 ..\obj\syscalls.o
 .data          0x00000000        0x0 ..\obj\stm32f1xx_hal_msp.o
 .bss           0x00000000        0x0 ..\obj\stm32f1xx_hal_msp.o
 .text          0x00000000      0x554 ..\obj\stm32f1xx_hal_flash.o
 .data          0x00000000        0x0 ..\obj\stm32f1xx_hal_flash.o
 .bss           0x00000000        0x0 ..\obj\stm32f1xx_hal_flash.o
 .debug_info    0x00000000      0x4d1 ..\obj\stm32f1xx_hal_flash.o
 .debug_abbrev  0x00000000      0x1dd ..\obj\stm32f1xx_hal_flash.o
 .debug_aranges
                0x00000000       0x20 ..\obj\stm32f1xx_hal_flash.o
 .debug_line    0x00000000      0x428 ..\obj\stm32f1xx_hal_flash.o
 .debug_str     0x00000000      0x555 ..\obj\stm32f1xx_hal_flash.o
 .comment       0x00000000       0x71 ..\obj\stm32f1xx_hal_flash.o
 .debug_frame   0x00000000      0x200 ..\obj\stm32f1xx_hal_flash.o
 .ARM.attributes
                0x00000000       0x33 ..\obj\stm32f1xx_hal_flash.o
 COMMON         0x00000000       0x20 ..\obj\stm32f1xx_hal_flash.o
 .data          0x00000000        0x0 ..\obj\stm32f1xx_hal_tim.o
 .bss           0x00000000        0x0 ..\obj\stm32f1xx_hal_tim.o
 .text          0x00000000      0x3a0 ..\obj\stm32f1xx_hal_pwr.o
 .data          0x00000000        0x0 ..\obj\stm32f1xx_hal_pwr.o
 .bss           0x00000000        0x0 ..\obj\stm32f1xx_hal_pwr.o
 .debug_info    0x00000000      0x776 ..\obj\stm32f1xx_hal_pwr.o
 .debug_abbrev  0x00000000      0x223 ..\obj\stm32f1xx_hal_pwr.o
 .debug_aranges
                0x00000000       0x20 ..\obj\stm32f1xx_hal_pwr.o
 .debug_line    0x00000000      0x3d6 ..\obj\stm32f1xx_hal_pwr.o
 .debug_str     0x00000000      0x50a ..\obj\stm32f1xx_hal_pwr.o
 .comment       0x00000000       0x71 ..\obj\stm32f1xx_hal_pwr.o
 .debug_frame   0x00000000      0x290 ..\obj\stm32f1xx_hal_pwr.o
 .ARM.attributes
                0x00000000       0x33 ..\obj\stm32f1xx_hal_pwr.o
 .data          0x00000000        0x0 ..\obj\stm32f1xx_hal_crc.o
 .bss           0x00000000        0x0 ..\obj\stm32f1xx_hal_crc.o
 .data          0x00000000        0x0 ..\obj\stm32f1xx_hal_rcc.o
 .bss           0x00000000        0x0 ..\obj\stm32f1xx_hal_rcc.o
 .text          0x00000000        0x0 d:/software/gcc-arm-none-eabi-4_9-2015q2-20150609-win32/bin/../lib/gcc/arm-none-eabi/4.9.3/../../../../arm-none-eabi/lib/armv7-m\libg.a(lib_a-errno.o)
 .data          0x00000000        0x0 d:/software/gcc-arm-none-eabi-4_9-2015q2-20150609-win32/bin/../lib/gcc/arm-none-eabi/4.9.3/../../../../arm-none-eabi/lib/armv7-m\libg.a(lib_a-errno.o)
 .bss           0x00000000        0x0 d:/software/gcc-arm-none-eabi-4_9-2015q2-20150609-win32/bin/../lib/gcc/arm-none-eabi/4.9.3/../../../../arm-none-eabi/lib/armv7-m\libg.a(lib_a-errno.o)
 .text.__errno  0x00000000        0xc d:/software/gcc-arm-none-eabi-4_9-2015q2-20150609-win32/bin/../lib/gcc/arm-none-eabi/4.9.3/../../../../arm-none-eabi/lib/armv7-m\libg.a(lib_a-errno.o)
 .debug_frame   0x00000000       0x20 d:/software/gcc-arm-none-eabi-4_9-2015q2-20150609-win32/bin/../lib/gcc/arm-none-eabi/4.9.3/../../../../arm-none-eabi/lib/armv7-m\libg.a(lib_a-errno.o)
 .ARM.attributes
                0x00000000       0x2d d:/software/gcc-arm-none-eabi-4_9-2015q2-20150609-win32/bin/../lib/gcc/arm-none-eabi/4.9.3/../../../../arm-none-eabi/lib/armv7-m\libg.a(lib_a-errno.o)
 .text          0x00000000        0x0 d:/software/gcc-arm-none-eabi-4_9-2015q2-20150609-win32/bin/../lib/gcc/arm-none-eabi/4.9.3/../../../../arm-none-eabi/lib/armv7-m\libg.a(lib_a-exit.o)
 .data          0x00000000        0x0 d:/software/gcc-arm-none-eabi-4_9-2015q2-20150609-win32/bin/../lib/gcc/arm-none-eabi/4.9.3/../../../../arm-none-eabi/lib/armv7-m\libg.a(lib_a-exit.o)
 .bss           0x00000000        0x0 d:/software/gcc-arm-none-eabi-4_9-2015q2-20150609-win32/bin/../lib/gcc/arm-none-eabi/4.9.3/../../../../arm-none-eabi/lib/armv7-m\libg.a(lib_a-exit.o)
 .text.exit     0x00000000       0x20 d:/software/gcc-arm-none-eabi-4_9-2015q2-20150609-win32/bin/../lib/gcc/arm-none-eabi/4.9.3/../../../../arm-none-eabi/lib/armv7-m\libg.a(lib_a-exit.o)
 .debug_frame   0x00000000       0x28 d:/software/gcc-arm-none-eabi-4_9-2015q2-20150609-win32/bin/../lib/gcc/arm-none-eabi/4.9.3/../../../../arm-none-eabi/lib/armv7-m\libg.a(lib_a-exit.o)
 .ARM.attributes
                0x00000000       0x2d d:/software/gcc-arm-none-eabi-4_9-2015q2-20150609-win32/bin/../lib/gcc/arm-none-eabi/4.9.3/../../../../arm-none-eabi/lib/armv7-m\libg.a(lib_a-exit.o)
 .text          0x00000000        0x0 d:/software/gcc-arm-none-eabi-4_9-2015q2-20150609-win32/bin/../lib/gcc/arm-none-eabi/4.9.3/../../../../arm-none-eabi/lib/armv7-m\libg.a(lib_a-impure.o)
 .data          0x00000000        0x0 d:/software/gcc-arm-none-eabi-4_9-2015q2-20150609-win32/bin/../lib/gcc/arm-none-eabi/4.9.3/../../../../arm-none-eabi/lib/armv7-m\libg.a(lib_a-impure.o)
 .bss           0x00000000        0x0 d:/software/gcc-arm-none-eabi-4_9-2015q2-20150609-win32/bin/../lib/gcc/arm-none-eabi/4.9.3/../../../../arm-none-eabi/lib/armv7-m\libg.a(lib_a-impure.o)
 .data._impure_ptr
                0x00000000        0x4 d:/software/gcc-arm-none-eabi-4_9-2015q2-20150609-win32/bin/../lib/gcc/arm-none-eabi/4.9.3/../../../../arm-none-eabi/lib/armv7-m\libg.a(lib_a-impure.o)
 .text          0x00000000        0x0 d:/software/gcc-arm-none-eabi-4_9-2015q2-20150609-win32/bin/../lib/gcc/arm-none-eabi/4.9.3/../../../../arm-none-eabi/lib/armv7-m\libg.a(lib_a-init.o)
 .data          0x00000000        0x0 d:/software/gcc-arm-none-eabi-4_9-2015q2-20150609-win32/bin/../lib/gcc/arm-none-eabi/4.9.3/../../../../arm-none-eabi/lib/armv7-m\libg.a(lib_a-init.o)
 .bss           0x00000000        0x0 d:/software/gcc-arm-none-eabi-4_9-2015q2-20150609-win32/bin/../lib/gcc/arm-none-eabi/4.9.3/../../../../arm-none-eabi/lib/armv7-m\libg.a(lib_a-init.o)
 .text          0x00000000        0x0 d:/software/gcc-arm-none-eabi-4_9-2015q2-20150609-win32/bin/../lib/gcc/arm-none-eabi/4.9.3/../../../../arm-none-eabi/lib/armv7-m\libg.a(lib_a-memset.o)
 .data          0x00000000        0x0 d:/software/gcc-arm-none-eabi-4_9-2015q2-20150609-win32/bin/../lib/gcc/arm-none-eabi/4.9.3/../../../../arm-none-eabi/lib/armv7-m\libg.a(lib_a-memset.o)
 .bss           0x00000000        0x0 d:/software/gcc-arm-none-eabi-4_9-2015q2-20150609-win32/bin/../lib/gcc/arm-none-eabi/4.9.3/../../../../arm-none-eabi/lib/armv7-m\libg.a(lib_a-memset.o)
 .text.memset   0x00000000       0x9c d:/software/gcc-arm-none-eabi-4_9-2015q2-20150609-win32/bin/../lib/gcc/arm-none-eabi/4.9.3/../../../../arm-none-eabi/lib/armv7-m\libg.a(lib_a-memset.o)
 .debug_frame   0x00000000       0x34 d:/software/gcc-arm-none-eabi-4_9-2015q2-20150609-win32/bin/../lib/gcc/arm-none-eabi/4.9.3/../../../../arm-none-eabi/lib/armv7-m\libg.a(lib_a-memset.o)
 .ARM.attributes
                0x00000000       0x2d d:/software/gcc-arm-none-eabi-4_9-2015q2-20150609-win32/bin/../lib/gcc/arm-none-eabi/4.9.3/../../../../arm-none-eabi/lib/armv7-m\libg.a(lib_a-memset.o)
 .text          0x00000000        0x0 d:/software/gcc-arm-none-eabi-4_9-2015q2-20150609-win32/bin/../lib/gcc/arm-none-eabi/4.9.3/../../../../arm-none-eabi/lib/armv7-m\libg.a(lib_a-__call_atexit.o)
 .data          0x00000000        0x0 d:/software/gcc-arm-none-eabi-4_9-2015q2-20150609-win32/bin/../lib/gcc/arm-none-eabi/4.9.3/../../../../arm-none-eabi/lib/armv7-m\libg.a(lib_a-__call_atexit.o)
 .bss           0x00000000        0x0 d:/software/gcc-arm-none-eabi-4_9-2015q2-20150609-win32/bin/../lib/gcc/arm-none-eabi/4.9.3/../../../../arm-none-eabi/lib/armv7-m\libg.a(lib_a-__call_atexit.o)
 .text.__call_exitprocs
                0x00000000       0xd4 d:/software/gcc-arm-none-eabi-4_9-2015q2-20150609-win32/bin/../lib/gcc/arm-none-eabi/4.9.3/../../../../arm-none-eabi/lib/armv7-m\libg.a(lib_a-__call_atexit.o)
 .text          0x00000000        0x0 d:/software/gcc-arm-none-eabi-4_9-2015q2-20150609-win32/bin/../lib/gcc/arm-none-eabi/4.9.3/../../../../arm-none-eabi/lib/armv7-m\libg.a(lib_a-atexit.o)
 .data          0x00000000        0x0 d:/software/gcc-arm-none-eabi-4_9-2015q2-20150609-win32/bin/../lib/gcc/arm-none-eabi/4.9.3/../../../../arm-none-eabi/lib/armv7-m\libg.a(lib_a-atexit.o)
 .bss           0x00000000        0x0 d:/software/gcc-arm-none-eabi-4_9-2015q2-20150609-win32/bin/../lib/gcc/arm-none-eabi/4.9.3/../../../../arm-none-eabi/lib/armv7-m\libg.a(lib_a-atexit.o)
 .text          0x00000000        0x0 d:/software/gcc-arm-none-eabi-4_9-2015q2-20150609-win32/bin/../lib/gcc/arm-none-eabi/4.9.3/../../../../arm-none-eabi/lib/armv7-m\libg.a(lib_a-fini.o)
 .data          0x00000000        0x0 d:/software/gcc-arm-none-eabi-4_9-2015q2-20150609-win32/bin/../lib/gcc/arm-none-eabi/4.9.3/../../../../arm-none-eabi/lib/armv7-m\libg.a(lib_a-fini.o)
 .bss           0x00000000        0x0 d:/software/gcc-arm-none-eabi-4_9-2015q2-20150609-win32/bin/../lib/gcc/arm-none-eabi/4.9.3/../../../../arm-none-eabi/lib/armv7-m\libg.a(lib_a-fini.o)
 .text          0x00000000        0x0 d:/software/gcc-arm-none-eabi-4_9-2015q2-20150609-win32/bin/../lib/gcc/arm-none-eabi/4.9.3/../../../../arm-none-eabi/lib/armv7-m\libg.a(lib_a-__atexit.o)
 .data          0x00000000        0x0 d:/software/gcc-arm-none-eabi-4_9-2015q2-20150609-win32/bin/../lib/gcc/arm-none-eabi/4.9.3/../../../../arm-none-eabi/lib/armv7-m\libg.a(lib_a-__atexit.o)
 .bss           0x00000000        0x0 d:/software/gcc-arm-none-eabi-4_9-2015q2-20150609-win32/bin/../lib/gcc/arm-none-eabi/4.9.3/../../../../arm-none-eabi/lib/armv7-m\libg.a(lib_a-__atexit.o)
 .text          0x00000000        0x0 d:/software/gcc-arm-none-eabi-4_9-2015q2-20150609-win32/bin/../lib/gcc/arm-none-eabi/4.9.3/armv7-m/crtend.o
 .data          0x00000000        0x0 d:/software/gcc-arm-none-eabi-4_9-2015q2-20150609-win32/bin/../lib/gcc/arm-none-eabi/4.9.3/armv7-m/crtend.o
 .bss           0x00000000        0x0 d:/software/gcc-arm-none-eabi-4_9-2015q2-20150609-win32/bin/../lib/gcc/arm-none-eabi/4.9.3/armv7-m/crtend.o
 .eh_frame      0x00000000        0x4 d:/software/gcc-arm-none-eabi-4_9-2015q2-20150609-win32/bin/../lib/gcc/arm-none-eabi/4.9.3/armv7-m/crtend.o
 .text          0x00000000        0x0 d:/software/gcc-arm-none-eabi-4_9-2015q2-20150609-win32/bin/../lib/gcc/arm-none-eabi/4.9.3/armv7-m/crtn.o
 .data          0x00000000        0x0 d:/software/gcc-arm-none-eabi-4_9-2015q2-20150609-win32/bin/../lib/gcc/arm-none-eabi/4.9.3/armv7-m/crtn.o
 .bss           0x00000000        0x0 d:/software/gcc-arm-none-eabi-4_9-2015q2-20150609-win32/bin/../lib/gcc/arm-none-eabi/4.9.3/armv7-m/crtn.o

Memory Configuration

Name             Origin             Length             Attributes
rom              0x08000000         0x00010000         xr
ram              0x20000000         0x00005000         xrw
*default*        0x00000000         0xffffffff

Linker script and memory map

LOAD d:/software/gcc-arm-none-eabi-4_9-2015q2-20150609-win32/bin/../lib/gcc/arm-none-eabi/4.9.3/armv7-m/crti.o
LOAD d:/software/gcc-arm-none-eabi-4_9-2015q2-20150609-win32/bin/../lib/gcc/arm-none-eabi/4.9.3/armv7-m/crtbegin.o
LOAD d:/software/gcc-arm-none-eabi-4_9-2015q2-20150609-win32/bin/../lib/gcc/arm-none-eabi/4.9.3/../../../../arm-none-eabi/lib/armv7-m/crt0.o
                0x20005000                _eram = 0x20005000

.text           0x08000000     0xd38c
 *(.isr_vector)
 .isr_vector    0x08000000      0x10c ..\obj\startup_stm32f103xb.o
                0x08000000                g_pfnVectors
 *(.text*)
 .text          0x0800010c       0x5c d:/software/gcc-arm-none-eabi-4_9-2015q2-20150609-win32/bin/../lib/gcc/arm-none-eabi/4.9.3/armv7-m/crtbegin.o
 .text          0x08000168      0xbdc ..\obj\stm32f1xx_hal_dma.o
                0x08000168                HAL_DMA_Init
                0x08000200                HAL_DMA_DeInit
                0x080003e0                HAL_DMA_Start
                0x08000444                HAL_DMA_Start_IT
                0x080004d8                HAL_DMA_Abort
                0x08000554                HAL_DMA_PollForTransfer
                0x080008e8                HAL_DMA_IRQHandler
                0x08000cc4                HAL_DMA_GetState
                0x08000ce0                HAL_DMA_GetError
 .text          0x08000d44      0x140 ..\obj\system_stm32f1xx.o
                0x08000d44                SystemInit
                0x08000dac                SystemCoreClockUpdate
 .text          0x08000e84      0x52c ..\obj\stm32f1xx_hal_cortex.o
                0x08001200                HAL_NVIC_SetPriorityGrouping
                0x08001214                HAL_NVIC_SetPriority
                0x0800124c                HAL_NVIC_EnableIRQ
                0x08001268                HAL_NVIC_DisableIRQ
                0x08001284                HAL_NVIC_SystemReset
                0x08001290                HAL_SYSTICK_Config
                0x080012a8                HAL_NVIC_GetPriorityGrouping
                0x080012b8                HAL_NVIC_GetPriority
                0x080012e8                HAL_NVIC_SetPendingIRQ
                0x08001304                HAL_NVIC_GetPendingIRQ
                0x08001324                HAL_NVIC_ClearPendingIRQ
                0x08001340                HAL_NVIC_GetActive
                0x08001360                HAL_SYSTICK_CLKSourceConfig
                0x08001398                HAL_SYSTICK_IRQHandler
                0x080013a4                HAL_SYSTICK_Callback
 .text          0x080013b0      0x558 ..\obj\stm32f1xx_hal_gpio.o
                0x080013b0                HAL_GPIO_Init
                0x0800166c                HAL_GPIO_DeInit
                0x080017f0                HAL_GPIO_ReadPin
                0x08001820                HAL_GPIO_WritePin
                0x08001850                HAL_GPIO_TogglePin
                0x08001874                HAL_GPIO_LockPin
                0x080018c4                HAL_GPIO_EXTI_IRQHandler
                0x080018f4                HAL_GPIO_EXTI_Callback
 .text          0x08001908     0x1f40 ..\obj\stm32f1xx_hal_spi.o
                0x080019c4                HAL_SPI_DeInit
                0x08001a3c                HAL_SPI_Transmit
                0x08001cbc                HAL_SPI_Receive
                0x08001fd8                HAL_SPI_TransmitReceive
                0x08002474                HAL_SPI_Transmit_IT
                0x0800259c                HAL_SPI_Receive_IT
                0x080026d4                HAL_SPI_TransmitReceive_IT
                0x080027fc                HAL_SPI_Transmit_DMA
                0x08002960                HAL_SPI_Receive_DMA
                0x08002af0                HAL_SPI_TransmitReceive_DMA
                0x08002cc8                HAL_SPI_DMAPause
                0x08002d1c                HAL_SPI_DMAResume
                0x08002d70                HAL_SPI_DMAStop
                0x08002dd0                HAL_SPI_IRQHandler
                0x08002f00                HAL_SPI_TxCpltCallback
                0x08002f14                HAL_SPI_RxCpltCallback
                0x08002f28                HAL_SPI_TxRxCpltCallback
                0x08002f3c                HAL_SPI_TxHalfCpltCallback
                0x08002f50                HAL_SPI_RxHalfCpltCallback
                0x08002f64                HAL_SPI_TxRxHalfCpltCallback
                0x08002f78                HAL_SPI_ErrorCallback
                0x08002f8c                HAL_SPI_GetState
                0x08002fa8                HAL_SPI_GetError
 .text          0x08003848     0x14b8 ..\obj\stm32f1xx_hal_tim_ex.o
                0x08003848                HAL_TIMEx_HallSensor_Init
                0x08003978                HAL_TIMEx_HallSensor_DeInit
                0x080039d8                HAL_TIMEx_HallSensor_MspInit
                0x080039ec                HAL_TIMEx_HallSensor_MspDeInit
                0x08003a00                HAL_TIMEx_HallSensor_Start
                0x08003a30                HAL_TIMEx_HallSensor_Stop
                0x08003a80                HAL_TIMEx_HallSensor_Start_IT
                0x08003ac0                HAL_TIMEx_HallSensor_Stop_IT
                0x08003b20                HAL_TIMEx_HallSensor_Start_DMA
                0x08003bcc                HAL_TIMEx_HallSensor_Stop_DMA
                0x08003c2c                HAL_TIMEx_OCN_Start
                0x08003c70                HAL_TIMEx_OCN_Stop
                0x08003cf4                HAL_TIMEx_OCN_Start_IT
                0x08003dd4                HAL_TIMEx_OCN_Stop_IT
                0x08003f0c                HAL_TIMEx_OCN_Start_DMA
                0x080040c4                HAL_TIMEx_OCN_Stop_DMA
                0x080041dc                HAL_TIMEx_PWMN_Start
                0x08004220                HAL_TIMEx_PWMN_Stop
                0x080042a4                HAL_TIMEx_PWMN_Start_IT
                0x08004384                HAL_TIMEx_PWMN_Stop_IT
                0x080044bc                HAL_TIMEx_PWMN_Start_DMA
                0x08004674                HAL_TIMEx_PWMN_Stop_DMA
                0x0800478c                HAL_TIMEx_OnePulseN_Start
                0x080047c0                HAL_TIMEx_OnePulseN_Stop
                0x08004844                HAL_TIMEx_OnePulseN_Start_IT
                0x08004898                HAL_TIMEx_OnePulseN_Stop_IT
                0x0800493c                HAL_TIMEx_ConfigCommutationEvent
                0x080049dc                HAL_TIMEx_ConfigCommutationEvent_IT
                0x08004a8c                HAL_TIMEx_ConfigCommutationEvent_DMA
                0x08004b54                HAL_TIMEx_ConfigBreakDeadTime
                0x08004bc8                HAL_TIMEx_MasterConfigSynchronization
                0x08004c54                HAL_TIMEx_CommutationCallback
                0x08004c68                HAL_TIMEx_BreakCallback
                0x08004c7c                TIMEx_DMACommutationCplt
                0x08004ca0                HAL_TIMEx_HallSensor_GetState
 .text          0x08004d00       0xe4 ..\obj\stm32f1xx_hal_spi_ex.o
                0x08004d00                HAL_SPI_Init
                0x08004dcc                SPI_ISCRCErrorValid
 .text          0x08004de4      0x250 ..\obj\stm32f1xx_hal.o
                0x08004de4                HAL_Init
                0x08004e10                HAL_DeInit
                0x08004e4c                HAL_MspDeInit
                0x08004e58                HAL_InitTick
                0x08004e90                HAL_IncTick
                0x08004eac                HAL_GetTick
                0x08004ec4                HAL_Delay
                0x08004ef0                HAL_SuspendTick
                0x08004f0c                HAL_ResumeTick
                0x08004f28                HAL_GetHalVersion
                0x08004f3c                HAL_GetREVID
                0x08004f70                HAL_GetDEVID
                0x08004f8c                HAL_DBGMCU_EnableDBGSleepMode
                0x08004fa8                HAL_DBGMCU_DisableDBGSleepMode
                0x08004fc4                HAL_DBGMCU_EnableDBGStopMode
                0x08004fe0                HAL_DBGMCU_DisableDBGStopMode
                0x08004ffc                HAL_DBGMCU_EnableDBGStandbyMode
                0x08005018                HAL_DBGMCU_DisableDBGStandbyMode
 .text          0x08005034       0x68 ..\obj\stm32f1xx_it.o
                0x08005034                SysTick_Handler
                0x08005044                DMA1_Channel2_IRQHandler
                0x08005054                DMA1_Channel3_IRQHandler
                0x08005064                TIM3_IRQHandler
                0x08005078                TIM4_IRQHandler
                0x0800508c                SPI1_IRQHandler
 .text.Reset_Handler
                0x0800509c       0x48 ..\obj\startup_stm32f103xb.o
                0x0800509c                Reset_Handler
 .text.Default_Handler
                0x080050e4        0x2 ..\obj\startup_stm32f103xb.o
                0x080050e4                RTC_Alarm_IRQHandler
                0x080050e4                EXTI2_IRQHandler
                0x080050e4                DebugMon_Handler
                0x080050e4                TIM1_CC_IRQHandler
                0x080050e4                HardFault_Handler
                0x080050e4                PVD_IRQHandler
                0x080050e4                PendSV_Handler
                0x080050e4                NMI_Handler
                0x080050e4                EXTI3_IRQHandler
                0x080050e4                EXTI0_IRQHandler
                0x080050e4                I2C2_EV_IRQHandler
                0x080050e4                UsageFault_Handler
                0x080050e4                ADC1_2_IRQHandler
                0x080050e4                TAMPER_IRQHandler
                0x080050e4                DMA1_Channel4_IRQHandler
                0x080050e4                USART3_IRQHandler
                0x080050e4                RTC_IRQHandler
                0x080050e4                DMA1_Channel7_IRQHandler
                0x080050e4                CAN1_RX1_IRQHandler
                0x080050e4                I2C1_EV_IRQHandler
                0x080050e4                DMA1_Channel6_IRQHandler
                0x080050e4                RCC_IRQHandler
                0x080050e4                TIM1_TRG_COM_IRQHandler
                0x080050e4                DMA1_Channel1_IRQHandler
                0x080050e4                Default_Handler
                0x080050e4                EXTI15_10_IRQHandler
                0x080050e4                EXTI9_5_IRQHandler
                0x080050e4                SPI2_IRQHandler
                0x080050e4                MemManage_Handler
                0x080050e4                SVC_Handler
                0x080050e4                DMA1_Channel5_IRQHandler
                0x080050e4                EXTI4_IRQHandler
                0x080050e4                USB_LP_CAN1_RX0_IRQHandler
                0x080050e4                USB_HP_CAN1_TX_IRQHandler
                0x080050e4                TIM1_UP_IRQHandler
                0x080050e4                WWDG_IRQHandler
                0x080050e4                TIM2_IRQHandler
                0x080050e4                TIM1_BRK_IRQHandler
                0x080050e4                EXTI1_IRQHandler
                0x080050e4                USART2_IRQHandler
                0x080050e4                I2C2_ER_IRQHandler
                0x080050e4                CAN1_SCE_IRQHandler
                0x080050e4                FLASH_IRQHandler
                0x080050e4                BusFault_Handler
                0x080050e4                USART1_IRQHandler
                0x080050e4                I2C1_ER_IRQHandler
                0x080050e4                USBWakeUp_IRQHandler
 *fill*         0x080050e6        0x2 
 .text          0x080050e8      0x890 ..\obj\infrared.o
                0x08005130                irreceiver_timer_up_handler
                0x08005160                irreceiver_timer_ic_handler
                0x080058e4                debug_init_gpio
 .text          0x08005978      0x504 ..\obj\main.o
                0x08005978                main
                0x080059c8                SystemClock_Config
                0x08005d74                HAL_TIM_IC_PWM_Start_IT
                0x08005dd4                HAL_TIM_IC_PWM_Stop_IT
                0x08005e54                send_data_uart
 .text          0x08005e7c     0x154c ..\obj\stm32f1xx_hal_uart.o
                0x08005e7c                HAL_UART_Init
                0x08005f10                HAL_HalfDuplex_Init
                0x08005fb4                HAL_LIN_Init
                0x0800606c                HAL_MultiProcessor_Init
                0x0800612c                HAL_UART_DeInit
                0x080061bc                HAL_UART_Transmit
                0x0800630c                HAL_UART_Receive
                0x0800647c                HAL_UART_Transmit_IT
                0x0800653c                HAL_UART_Receive_IT
                0x0800660c                HAL_UART_Transmit_DMA
                0x08006708                HAL_UART_Receive_DMA
                0x080067f0                HAL_UART_DMAPause
                0x0800688c                HAL_UART_DMAResume
                0x0800694c                HAL_UART_DMAStop
                0x0800699c                HAL_UART_IRQHandler
                0x08006b7c                HAL_UART_TxCpltCallback
                0x08006b90                HAL_UART_TxHalfCpltCallback
                0x08006ba4                HAL_UART_RxCpltCallback
                0x08006bb8                HAL_UART_RxHalfCpltCallback
                0x08006bcc                HAL_UART_ErrorCallback
                0x08006be0                HAL_LIN_SendBreak
                0x08006c34                HAL_MultiProcessor_EnterMuteMode
                0x08006c88                HAL_MultiProcessor_ExitMuteMode
                0x08006cdc                HAL_HalfDuplex_EnableTransmitter
                0x08006d34                HAL_HalfDuplex_EnableReceiver
                0x08006d8c                HAL_UART_GetState
                0x08006da8                HAL_UART_GetError
 .text          0x080073c8      0x4d8 ..\obj\stm32f1xx_hal_msp.o
                0x080073c8                HAL_MspInit
                0x08007418                HAL_CRC_MspInit
                0x08007454                HAL_CRC_MspDeInit
                0x08007484                HAL_SPI_MspInit
                0x080075f4                HAL_SPI_MspDeInit
                0x08007670                HAL_TIM_Base_MspInit
                0x080076f0                HAL_TIM_Base_MspDeInit
                0x08007750                HAL_TIM_IC_MspInit
                0x080077b4                HAL_TIM_IC_MspDeInit
                0x080077f4                HAL_UART_MspInit
                0x08007864                HAL_UART_MspDeInit
 .text          0x080078a0     0x3ce4 ..\obj\stm32f1xx_hal_tim.o
                0x080078a0                HAL_TIM_Base_Init
                0x080078f8                HAL_TIM_Base_DeInit
                0x08007980                HAL_TIM_Base_Start
                0x080079b8                HAL_TIM_Base_Stop
                0x08007a10                HAL_TIM_Base_Start_IT
                0x08007a48                HAL_TIM_Base_Stop_IT
                0x08007aa0                HAL_TIM_Base_Start_DMA
                0x08007b40                HAL_TIM_Base_Stop_DMA
                0x08007ba0                HAL_TIM_OC_Init
                0x08007bf8                HAL_TIM_OC_DeInit
                0x08007c58                HAL_TIM_OC_MspInit
                0x08007c6c                HAL_TIM_OC_MspDeInit
                0x08007c80                HAL_TIM_OC_Start
                0x08007cd0                HAL_TIM_OC_Stop
                0x08007d60                HAL_TIM_OC_Start_IT
                0x08007e3c                HAL_TIM_OC_Stop_IT
                0x08007f58                HAL_TIM_OC_Start_DMA
                0x0800811c                HAL_TIM_OC_Stop_DMA
                0x08008240                HAL_TIM_PWM_Init
                0x08008298                HAL_TIM_PWM_DeInit
                0x080082f8                HAL_TIM_PWM_MspInit
                0x0800830c                HAL_TIM_PWM_MspDeInit
                0x08008320                HAL_TIM_PWM_Start
                0x08008370                HAL_TIM_PWM_Stop
                0x08008408                HAL_TIM_PWM_Start_IT
                0x080084e4                HAL_TIM_PWM_Stop_IT
                0x08008600                HAL_TIM_PWM_Start_DMA
                0x080087c4                HAL_TIM_PWM_Stop_DMA
                0x080088e8                HAL_TIM_IC_Init
                0x08008940                HAL_TIM_IC_DeInit
                0x080089c8                HAL_TIM_IC_Start
                0x080089fc                HAL_TIM_IC_Stop
                0x08008a50                HAL_TIM_IC_Start_IT
                0x08008b10                HAL_TIM_IC_Stop_IT
                0x08008bf0                HAL_TIM_IC_Start_DMA
                0x08008d90                HAL_TIM_IC_Stop_DMA
                0x08008e78                HAL_TIM_OnePulse_Init
                0x08008ef0                HAL_TIM_OnePulse_DeInit
                0x08008f50                HAL_TIM_OnePulse_MspInit
                0x08008f64                HAL_TIM_OnePulse_MspDeInit
                0x08008f78                HAL_TIM_OnePulse_Start
                0x08008fc8                HAL_TIM_OnePulse_Stop
                0x08009068                HAL_TIM_OnePulse_Start_IT
                0x080090d8                HAL_TIM_OnePulse_Stop_IT
                0x08009198                HAL_TIM_Encoder_Init
                0x080092c4                HAL_TIM_Encoder_DeInit
                0x08009324                HAL_TIM_Encoder_MspInit
                0x08009338                HAL_TIM_Encoder_MspDeInit
                0x0800934c                HAL_TIM_Encoder_Start
                0x080093bc                HAL_TIM_Encoder_Stop
                0x0800944c                HAL_TIM_Encoder_Start_IT
                0x080094fc                HAL_TIM_Encoder_Stop_IT
                0x080095d0                HAL_TIM_Encoder_Start_DMA
                0x08009788                HAL_TIM_Encoder_Stop_DMA
                0x0800985c                HAL_TIM_IRQHandler
                0x08009a6c                HAL_TIM_OC_ConfigChannel
                0x08009b2c                HAL_TIM_IC_ConfigChannel
                0x08009c64                HAL_TIM_PWM_ConfigChannel
                0x08009df0                HAL_TIM_OnePulse_ConfigChannel
                0x08009f70                HAL_TIM_DMABurst_WriteStart
                0x0800a17c                HAL_TIM_DMABurst_WriteStop
                0x0800a22c                HAL_TIM_DMABurst_ReadStart
                0x0800a42c                HAL_TIM_DMABurst_ReadStop
                0x0800a4dc                HAL_TIM_GenerateEvent
                0x0800a52c                HAL_TIM_ConfigOCrefClear
                0x0800a6b4                HAL_TIM_ConfigClockSource
                0x0800a878                HAL_TIM_ConfigTI1Input
                0x0800a8b4                HAL_TIM_SlaveConfigSynchronization
                0x0800a920                HAL_TIM_SlaveConfigSynchronization_IT
                0x0800a98c                HAL_TIM_ReadCapturedValue
                0x0800aa30                HAL_TIM_PeriodElapsedCallback
                0x0800aa44                HAL_TIM_OC_DelayElapsedCallback
                0x0800aa58                HAL_TIM_IC_CaptureCallback
                0x0800aa6c                HAL_TIM_PWM_PulseFinishedCallback
                0x0800aa80                HAL_TIM_TriggerCallback
                0x0800aa94                HAL_TIM_ErrorCallback
                0x0800aaa8                HAL_TIM_Base_GetState
                0x0800aac4                HAL_TIM_OC_GetState
                0x0800aae0                HAL_TIM_PWM_GetState
                0x0800aafc                HAL_TIM_IC_GetState
                0x0800ab18                HAL_TIM_OnePulse_GetState
                0x0800ab34                HAL_TIM_Encoder_GetState
                0x0800ab50                TIM_DMAError
                0x0800ab74                TIM_DMADelayPulseCplt
                0x0800abe4                TIM_DMACaptureCplt
                0x0800ac9c                TIM_Base_SetConfig
                0x0800ae30                TIM_OC2_SetConfig
                0x0800b1b4                TIM_TI1_SetConfig
                0x0800b540                TIM_CCxChannelCmd
 .text          0x0800b584      0x1a8 ..\obj\stm32f1xx_hal_crc.o
                0x0800b584                HAL_CRC_Init
                0x0800b5bc                HAL_CRC_DeInit
                0x0800b628                HAL_CRC_Accumulate
                0x0800b694                HAL_CRC_Calculate
                0x0800b710                HAL_CRC_GetState
 .text          0x0800b72c     0x1ac8 ..\obj\stm32f1xx_hal_rcc.o
                0x0800b72c                HAL_RCC_DeInit
                0x0800b79c                HAL_RCC_OscConfig
                0x0800c7c4                HAL_RCC_ClockConfig
                0x0800cda4                HAL_RCC_MCOConfig
                0x0800ce20                HAL_RCC_EnableCSS
                0x0800ce54                HAL_RCC_DisableCSS
                0x0800ce88                HAL_RCC_GetSysClockFreq
                0x0800cf7c                HAL_RCC_GetHCLKFreq
                0x0800cfcc                HAL_RCC_GetPCLK1Freq
                0x0800d010                HAL_RCC_GetPCLK2Freq
                0x0800d054                HAL_RCC_GetOscConfig
                0x0800d164                HAL_RCC_GetClockConfig
                0x0800d1c4                HAL_RCC_NMI_IRQHandler
                0x0800d1e8                HAL_RCC_CSSCallback
 .text.__libc_init_array
                0x0800d1f4       0x50 d:/software/gcc-arm-none-eabi-4_9-2015q2-20150609-win32/bin/../lib/gcc/arm-none-eabi/4.9.3/../../../../arm-none-eabi/lib/armv7-m\libg.a(lib_a-init.o)
                0x0800d1f4                __libc_init_array
 .text.startup.register_fini
                0x0800d244       0x14 d:/software/gcc-arm-none-eabi-4_9-2015q2-20150609-win32/bin/../lib/gcc/arm-none-eabi/4.9.3/../../../../arm-none-eabi/lib/armv7-m\libg.a(lib_a-__call_atexit.o)
 .text.atexit   0x0800d258        0xc d:/software/gcc-arm-none-eabi-4_9-2015q2-20150609-win32/bin/../lib/gcc/arm-none-eabi/4.9.3/../../../../arm-none-eabi/lib/armv7-m\libg.a(lib_a-atexit.o)
                0x0800d258                atexit
 .text.__libc_fini_array
                0x0800d264       0x2c d:/software/gcc-arm-none-eabi-4_9-2015q2-20150609-win32/bin/../lib/gcc/arm-none-eabi/4.9.3/../../../../arm-none-eabi/lib/armv7-m\libg.a(lib_a-fini.o)
                0x0800d264                __libc_fini_array
 .text.__register_exitproc
                0x0800d290       0xa4 d:/software/gcc-arm-none-eabi-4_9-2015q2-20150609-win32/bin/../lib/gcc/arm-none-eabi/4.9.3/../../../../arm-none-eabi/lib/armv7-m\libg.a(lib_a-__atexit.o)
                0x0800d290                __register_exitproc
 *(.init)
 .init          0x0800d334        0x4 d:/software/gcc-arm-none-eabi-4_9-2015q2-20150609-win32/bin/../lib/gcc/arm-none-eabi/4.9.3/armv7-m/crti.o
                0x0800d334                _init
 .init          0x0800d338        0x8 d:/software/gcc-arm-none-eabi-4_9-2015q2-20150609-win32/bin/../lib/gcc/arm-none-eabi/4.9.3/armv7-m/crtn.o
 *(.fini)
 .fini          0x0800d340        0x4 d:/software/gcc-arm-none-eabi-4_9-2015q2-20150609-win32/bin/../lib/gcc/arm-none-eabi/4.9.3/armv7-m/crti.o
                0x0800d340                _fini
 .fini          0x0800d344        0x8 d:/software/gcc-arm-none-eabi-4_9-2015q2-20150609-win32/bin/../lib/gcc/arm-none-eabi/4.9.3/armv7-m/crtn.o
 *crtbegin.o(.ctors)
 *crtbegin?.o(.ctors)
 *(EXCLUDE_FILE(*crtend.o *crtend?.o) .ctors)
 *(SORT(.ctors.*))
 *(.ctors)
 *crtbegin.o(.dtors)
 *crtbegin?.o(.dtors)
 *(EXCLUDE_FILE(*crtend.o *crtend?.o) .dtors)
 *(SORT(.dtors.*))
 *(.dtors)
 *(.rodata*)
 .rodata        0x0800d34c       0x10 ..\obj\system_stm32f1xx.o
                0x0800d34c                AHBPrescTable
 .rodata        0x0800d35c        0x3 ..\obj\main.o
                0x0800d35c                GPIO_PIN_IR_IN
                0x0800d35e                _is_direct_logic
 *fill*         0x0800d35f        0x1 
 .rodata        0x0800d360       0x22 ..\obj\stm32f1xx_hal_rcc.o
                0x0800d360                aAPBAHBPrescTable
 *fill*         0x0800d382        0x2 
 .rodata.str1.4
                0x0800d384        0x4 d:/software/gcc-arm-none-eabi-4_9-2015q2-20150609-win32/bin/../lib/gcc/arm-none-eabi/4.9.3/../../../../arm-none-eabi/lib/armv7-m\libg.a(lib_a-impure.o)
                                  0x2 (size before relaxing)
 .rodata._global_impure_ptr
                0x0800d388        0x4 d:/software/gcc-arm-none-eabi-4_9-2015q2-20150609-win32/bin/../lib/gcc/arm-none-eabi/4.9.3/../../../../arm-none-eabi/lib/armv7-m\libg.a(lib_a-impure.o)
                0x0800d388                _global_impure_ptr
 *(.eh_fram e*)

.eh_frame       0x0800d38c        0x0
 .eh_frame      0x0800d38c        0x0 d:/software/gcc-arm-none-eabi-4_9-2015q2-20150609-win32/bin/../lib/gcc/arm-none-eabi/4.9.3/armv7-m/crtbegin.o

.glue_7         0x0800d38c        0x0
 .glue_7        0x00000000        0x0 linker stubs

.glue_7t        0x0800d38c        0x0
 .glue_7t       0x00000000        0x0 linker stubs

.vfp11_veneer   0x0800d38c        0x0
 .vfp11_veneer  0x00000000        0x0 linker stubs

.v4_bx          0x0800d38c        0x0
 .v4_bx         0x00000000        0x0 linker stubs

.iplt           0x0800d38c        0x0
 .iplt          0x00000000        0x0 d:/software/gcc-arm-none-eabi-4_9-2015q2-20150609-win32/bin/../lib/gcc/arm-none-eabi/4.9.3/armv7-m/crtbegin.o

.rel.dyn        0x0800d38c        0x0
 .rel.iplt      0x00000000        0x0 d:/software/gcc-arm-none-eabi-4_9-2015q2-20150609-win32/bin/../lib/gcc/arm-none-eabi/4.9.3/armv7-m/crtbegin.o

.ARM.extab
 *(.ARM.extab* .gnu.linkonce.armextab.*)
                0x0800d38c                __exidx_start = .

.ARM.exidx
 *(.ARM.exidx* .gnu.linkonce.armexidx.*)
                0x0800d38c                __exidx_end = .
                0x0800d38c                __etext = .
                0x0800d38c                _sidata = __etext

.data           0x20000000      0x450 load address 0x0800d38c
                0x20000000                __data_start__ = .
                0x20000000                _sdata = __data_start__
 *(vtable)
 *(.data*)
 .data          0x20000000        0x4 ..\obj\system_stm32f1xx.o
                0x20000000                SystemCoreClock
 .data          0x20000004       0x14 ..\obj\main.o
                0x20000004                ic_tim_p
                0x20000008                up_tim_p
                0x2000000c                GPIO_PORT_IR_IN
                0x20000010                ptim_input_capture
                0x20000014                ptim_data_read
 .data.impure_data
                0x20000018      0x428 d:/software/gcc-arm-none-eabi-4_9-2015q2-20150609-win32/bin/../lib/gcc/arm-none-eabi/4.9.3/../../../../arm-none-eabi/lib/armv7-m\libg.a(lib_a-impure.o)
                0x20000440                . = ALIGN (0x4)
                0x20000440                PROVIDE (__preinit_array_start, .)
 *(.preinit_array)
                0x20000440                PROVIDE (__preinit_array_end, .)
                0x20000440                . = ALIGN (0x4)
                0x20000440                PROVIDE (__init_array_start, .)
 *(SORT(.init_array.*))
 .init_array.00000
                0x20000440        0x4 d:/software/gcc-arm-none-eabi-4_9-2015q2-20150609-win32/bin/../lib/gcc/arm-none-eabi/4.9.3/../../../../arm-none-eabi/lib/armv7-m\libg.a(lib_a-__call_atexit.o)
 *(.init_array)
 .init_array    0x20000444        0x4 d:/software/gcc-arm-none-eabi-4_9-2015q2-20150609-win32/bin/../lib/gcc/arm-none-eabi/4.9.3/armv7-m/crtbegin.o
                0x20000448                PROVIDE (__init_array_end, .)
                0x20000448                . = ALIGN (0x4)
                0x20000448                PROVIDE (__fini_array_start, .)
 *(SORT(.fini_array.*))
 *(.fini_array)
 .fini_array    0x20000448        0x4 d:/software/gcc-arm-none-eabi-4_9-2015q2-20150609-win32/bin/../lib/gcc/arm-none-eabi/4.9.3/armv7-m/crtbegin.o
                0x2000044c                PROVIDE (__fini_array_end, .)
 *(.jcr*)
 .jcr           0x2000044c        0x0 d:/software/gcc-arm-none-eabi-4_9-2015q2-20150609-win32/bin/../lib/gcc/arm-none-eabi/4.9.3/armv7-m/crtbegin.o
 .jcr           0x2000044c        0x4 d:/software/gcc-arm-none-eabi-4_9-2015q2-20150609-win32/bin/../lib/gcc/arm-none-eabi/4.9.3/armv7-m/crtend.o
                0x20000450                . = ALIGN (0x4)
                0x20000450                __data_end__ = .
                0x20000450                _edata = __data_end__

.igot.plt       0x20000450        0x0 load address 0x0800d7dc
 .igot.plt      0x00000000        0x0 d:/software/gcc-arm-none-eabi-4_9-2015q2-20150609-win32/bin/../lib/gcc/arm-none-eabi/4.9.3/armv7-m/crtbegin.o

.bss            0x20000450     0x11e4 load address 0x0800d7dc
                0x20000450                . = ALIGN (0x4)
                0x20000450                __bss_start__ = .
                0x20000450                _sbss = __bss_start__
 *(.bss*)
 .bss           0x20000450       0x1c d:/software/gcc-arm-none-eabi-4_9-2015q2-20150609-win32/bin/../lib/gcc/arm-none-eabi/4.9.3/armv7-m/crtbegin.o
 .bss           0x2000046c        0x1 ..\obj\stm32f1xx_hal_spi_ex.o
                0x2000046c                uCRCErrorWorkaroundCheck
 *fill*         0x2000046d        0x3 
 .bss           0x20000470        0x4 ..\obj\stm32f1xx_hal.o
 .bss           0x20000474      0xfdc ..\obj\infrared.o
                0x20000474                data_frames
                0x20000492                arr_index
                0x20000493                data_frame_delta
                0x20000494                ReceiverState
                0x20000495                StartStopSequenceReceiveState
                0x20000496                DataFrameState
                0x20000497                LineLevelState
                0x20000498                rx_data
                0x2000049c                rx_total_bits
                0x200004a0                rx_current_bit_pos
                0x200004a1                rx_bit
                0x200004a2                _is_rising_edge
                0x200004a3                _is_falling_edge
                0x200004a4                _is_uptimer_update_event
                0x200004a6                _ccr1
                0x200004a8                _ccr2
                0x200004aa                _delay_counter
                0x200004ac                dbg
                0x2000144c                dbg_index
 *(COMMON)
 COMMON         0x20001450        0x3 ..\obj\infrared.o
                0x20001450                rx_data_frame
 *fill*         0x20001453        0x1 
 COMMON         0x20001454      0x1e0 ..\obj\main.o
                0x20001454                hspi2
                0x200014ac                htim4
                0x200014e8                hcrc
                0x200014f0                htim3
                0x2000152c                huart1
                0x2000156c                hspi1
                0x200015c4                hdma_spi1_rx
                0x200015fc                hdma_spi1_tx
                0x20001634                . = ALIGN (0x4)
                0x20001634                __bss_end__ = .
                0x20001634                _ebss = __bss_end__

.heap           0x20001634        0x0
                0x20001634                __end__ = .
                0x20001634                _end = __end__
                0x20001634                end = __end__
 *(.heap*)
                0x20001634                __HeapLimit = .

.co_stack       0x20001634        0x4 load address 0x0800e9c0
                0x20001638                . = ALIGN (0x8)
 *fill*         0x20001634        0x4 
 *(.co_stack .co_stack.*)
                0x20005000                __StackTop = (ORIGIN (ram) + 0x5000)
                0x20004ffc                __StackLimit = (__StackTop - SIZEOF (.co_stack))
                0x20005000                PROVIDE (__stack, __StackTop)
                0x00000001                ASSERT ((__StackLimit >= __HeapLimit), region ram  overflowed with stack)
LOAD ..\obj\stm32f1xx_hal_dma.o
LOAD ..\obj\stm32f1xx_hal_flash_ex.o
LOAD ..\obj\system_stm32f1xx.o
LOAD ..\obj\stm32f1xx_hal_cortex.o
LOAD ..\obj\stm32f1xx_hal_gpio.o
LOAD ..\obj\stm32f1xx_hal_spi.o
LOAD ..\obj\stm32f1xx_hal_tim_ex.o
LOAD ..\obj\stm32f1xx_hal_rcc_ex.o
LOAD ..\obj\stm32f1xx_hal_spi_ex.o
LOAD ..\obj\stm32f1xx_hal.o
LOAD ..\obj\stm32f1xx_hal_gpio_ex.o
LOAD ..\obj\stm32f1xx_it.o
LOAD ..\obj\startup_stm32f103xb.o
LOAD ..\obj\infrared.o
LOAD ..\obj\main.o
LOAD ..\obj\stm32f1xx_hal_uart.o
LOAD ..\obj\syscalls.o
LOAD ..\obj\stm32f1xx_hal_msp.o
LOAD ..\obj\stm32f1xx_hal_flash.o
LOAD ..\obj\stm32f1xx_hal_tim.o
LOAD ..\obj\stm32f1xx_hal_pwr.o
LOAD ..\obj\stm32f1xx_hal_crc.o
LOAD ..\obj\stm32f1xx_hal_rcc.o
START GROUP
LOAD d:/software/gcc-arm-none-eabi-4_9-2015q2-20150609-win32/bin/../lib/gcc/arm-none-eabi/4.9.3/armv7-m\libgcc.a
LOAD d:/software/gcc-arm-none-eabi-4_9-2015q2-20150609-win32/bin/../lib/gcc/arm-none-eabi/4.9.3/../../../../arm-none-eabi/lib/armv7-m\libg.a
LOAD d:/software/gcc-arm-none-eabi-4_9-2015q2-20150609-win32/bin/../lib/gcc/arm-none-eabi/4.9.3/../../../../arm-none-eabi/lib/armv7-m\libc.a
END GROUP
LOAD d:/software/gcc-arm-none-eabi-4_9-2015q2-20150609-win32/bin/../lib/gcc/arm-none-eabi/4.9.3/armv7-m/crtend.o
LOAD d:/software/gcc-arm-none-eabi-4_9-2015q2-20150609-win32/bin/../lib/gcc/arm-none-eabi/4.9.3/armv7-m/crtn.o
OUTPUT(motionsensor.elf elf32-littlearm)

.ARM.attributes
                0x00000000       0x29
 .ARM.attributes
                0x00000000       0x1d d:/software/gcc-arm-none-eabi-4_9-2015q2-20150609-win32/bin/../lib/gcc/arm-none-eabi/4.9.3/armv7-m/crti.o
 .ARM.attributes
                0x0000001d       0x2d d:/software/gcc-arm-none-eabi-4_9-2015q2-20150609-win32/bin/../lib/gcc/arm-none-eabi/4.9.3/armv7-m/crtbegin.o
 .ARM.attributes
                0x0000004a       0x33 ..\obj\stm32f1xx_hal_dma.o
 .ARM.attributes
                0x0000007d       0x33 ..\obj\system_stm32f1xx.o
 .ARM.attributes
                0x000000b0       0x33 ..\obj\stm32f1xx_hal_cortex.o
 .ARM.attributes
                0x000000e3       0x33 ..\obj\stm32f1xx_hal_gpio.o
 .ARM.attributes
                0x00000116       0x33 ..\obj\stm32f1xx_hal_spi.o
 .ARM.attributes
                0x00000149       0x33 ..\obj\stm32f1xx_hal_tim_ex.o
 .ARM.attributes
                0x0000017c       0x33 ..\obj\stm32f1xx_hal_spi_ex.o
 .ARM.attributes
                0x000001af       0x33 ..\obj\stm32f1xx_hal.o
 .ARM.attributes
                0x000001e2       0x33 ..\obj\stm32f1xx_it.o
 .ARM.attributes
                0x00000215       0x21 ..\obj\startup_stm32f103xb.o
 .ARM.attributes
                0x00000236       0x33 ..\obj\infrared.o
 .ARM.attributes
                0x00000269       0x33 ..\obj\main.o
 .ARM.attributes
                0x0000029c       0x33 ..\obj\stm32f1xx_hal_uart.o
 .ARM.attributes
                0x000002cf       0x33 ..\obj\stm32f1xx_hal_msp.o
 .ARM.attributes
                0x00000302       0x33 ..\obj\stm32f1xx_hal_tim.o
 .ARM.attributes
                0x00000335       0x33 ..\obj\stm32f1xx_hal_crc.o
 .ARM.attributes
                0x00000368       0x33 ..\obj\stm32f1xx_hal_rcc.o
 .ARM.attributes
                0x0000039b       0x2d d:/software/gcc-arm-none-eabi-4_9-2015q2-20150609-win32/bin/../lib/gcc/arm-none-eabi/4.9.3/../../../../arm-none-eabi/lib/armv7-m\libg.a(lib_a-impure.o)
 .ARM.attributes
                0x000003c8       0x2d d:/software/gcc-arm-none-eabi-4_9-2015q2-20150609-win32/bin/../lib/gcc/arm-none-eabi/4.9.3/../../../../arm-none-eabi/lib/armv7-m\libg.a(lib_a-init.o)
 .ARM.attributes
                0x000003f5       0x2d d:/software/gcc-arm-none-eabi-4_9-2015q2-20150609-win32/bin/../lib/gcc/arm-none-eabi/4.9.3/../../../../arm-none-eabi/lib/armv7-m\libg.a(lib_a-__call_atexit.o)
 .ARM.attributes
                0x00000422       0x2d d:/software/gcc-arm-none-eabi-4_9-2015q2-20150609-win32/bin/../lib/gcc/arm-none-eabi/4.9.3/../../../../arm-none-eabi/lib/armv7-m\libg.a(lib_a-atexit.o)
 .ARM.attributes
                0x0000044f       0x2d d:/software/gcc-arm-none-eabi-4_9-2015q2-20150609-win32/bin/../lib/gcc/arm-none-eabi/4.9.3/../../../../arm-none-eabi/lib/armv7-m\libg.a(lib_a-fini.o)
 .ARM.attributes
                0x0000047c       0x2d d:/software/gcc-arm-none-eabi-4_9-2015q2-20150609-win32/bin/../lib/gcc/arm-none-eabi/4.9.3/../../../../arm-none-eabi/lib/armv7-m\libg.a(lib_a-__atexit.o)
 .ARM.attributes
                0x000004a9       0x2d d:/software/gcc-arm-none-eabi-4_9-2015q2-20150609-win32/bin/../lib/gcc/arm-none-eabi/4.9.3/armv7-m/crtend.o
 .ARM.attributes
                0x000004d6       0x1d d:/software/gcc-arm-none-eabi-4_9-2015q2-20150609-win32/bin/../lib/gcc/arm-none-eabi/4.9.3/armv7-m/crtn.o

.comment        0x00000000       0x70
 .comment       0x00000000       0x70 ..\obj\stm32f1xx_hal_dma.o
                                 0x71 (size before relaxing)
 .comment       0x00000000       0x71 ..\obj\system_stm32f1xx.o
 .comment       0x00000000       0x71 ..\obj\stm32f1xx_hal_cortex.o
 .comment       0x00000000       0x71 ..\obj\stm32f1xx_hal_gpio.o
 .comment       0x00000000       0x71 ..\obj\stm32f1xx_hal_spi.o
 .comment       0x00000000       0x71 ..\obj\stm32f1xx_hal_tim_ex.o
 .comment       0x00000000       0x71 ..\obj\stm32f1xx_hal_spi_ex.o
 .comment       0x00000000       0x71 ..\obj\stm32f1xx_hal.o
 .comment       0x00000000       0x71 ..\obj\stm32f1xx_it.o
 .comment       0x00000000       0x71 ..\obj\infrared.o
 .comment       0x00000000       0x71 ..\obj\main.o
 .comment       0x00000000       0x71 ..\obj\stm32f1xx_hal_uart.o
 .comment       0x00000000       0x71 ..\obj\stm32f1xx_hal_msp.o
 .comment       0x00000000       0x71 ..\obj\stm32f1xx_hal_tim.o
 .comment       0x00000000       0x71 ..\obj\stm32f1xx_hal_crc.o
 .comment       0x00000000       0x71 ..\obj\stm32f1xx_hal_rcc.o

.debug_info     0x00000000     0xc041
 .debug_info    0x00000000      0x56d ..\obj\stm32f1xx_hal_dma.o
 .debug_info    0x0000056d      0x399 ..\obj\system_stm32f1xx.o
 .debug_info    0x00000906      0xa94 ..\obj\stm32f1xx_hal_cortex.o
 .debug_info    0x0000139a      0x5e2 ..\obj\stm32f1xx_hal_gpio.o
 .debug_info    0x0000197c      0xe47 ..\obj\stm32f1xx_hal_spi.o
 .debug_info    0x000027c3      0xe84 ..\obj\stm32f1xx_hal_tim_ex.o
 .debug_info    0x00003647      0x574 ..\obj\stm32f1xx_hal_spi_ex.o
 .debug_info    0x00003bbb      0x5ce ..\obj\stm32f1xx_hal.o
 .debug_info    0x00004189      0x7da ..\obj\stm32f1xx_it.o
 .debug_info    0x00004963      0x122 ..\obj\startup_stm32f103xb.o
 .debug_info    0x00004a85      0xafe ..\obj\infrared.o
 .debug_info    0x00005583     0x120f ..\obj\main.o
 .debug_info    0x00006792      0xe2c ..\obj\stm32f1xx_hal_uart.o
 .debug_info    0x000075be      0xf82 ..\obj\stm32f1xx_hal_msp.o
 .debug_info    0x00008540     0x20e7 ..\obj\stm32f1xx_hal_tim.o
 .debug_info    0x0000a627      0x37a ..\obj\stm32f1xx_hal_crc.o
 .debug_info    0x0000a9a1     0x16a0 ..\obj\stm32f1xx_hal_rcc.o

.debug_abbrev   0x00000000     0x1e1d
 .debug_abbrev  0x00000000      0x1b3 ..\obj\stm32f1xx_hal_dma.o
 .debug_abbrev  0x000001b3      0x120 ..\obj\system_stm32f1xx.o
 .debug_abbrev  0x000002d3      0x265 ..\obj\stm32f1xx_hal_cortex.o
 .debug_abbrev  0x00000538      0x1aa ..\obj\stm32f1xx_hal_gpio.o
 .debug_abbrev  0x000006e2      0x1fb ..\obj\stm32f1xx_hal_spi.o
 .debug_abbrev  0x000008dd      0x1fb ..\obj\stm32f1xx_hal_tim_ex.o
 .debug_abbrev  0x00000ad8      0x14f ..\obj\stm32f1xx_hal_spi_ex.o
 .debug_abbrev  0x00000c27      0x1ed ..\obj\stm32f1xx_hal.o
 .debug_abbrev  0x00000e14      0x13f ..\obj\stm32f1xx_it.o
 .debug_abbrev  0x00000f53       0x12 ..\obj\startup_stm32f103xb.o
 .debug_abbrev  0x00000f65      0x294 ..\obj\infrared.o
 .debug_abbrev  0x000011f9      0x235 ..\obj\main.o
 .debug_abbrev  0x0000142e      0x215 ..\obj\stm32f1xx_hal_uart.o
 .debug_abbrev  0x00001643      0x1c5 ..\obj\stm32f1xx_hal_msp.o
 .debug_abbrev  0x00001808      0x204 ..\obj\stm32f1xx_hal_tim.o
 .debug_abbrev  0x00001a0c      0x16c ..\obj\stm32f1xx_hal_crc.o
 .debug_abbrev  0x00001b78      0x2a5 ..\obj\stm32f1xx_hal_rcc.o

.debug_aranges  0x00000000      0x228
 .debug_aranges
                0x00000000       0x20 ..\obj\stm32f1xx_hal_dma.o
 .debug_aranges
                0x00000020       0x20 ..\obj\system_stm32f1xx.o
 .debug_aranges
                0x00000040       0x20 ..\obj\stm32f1xx_hal_cortex.o
 .debug_aranges
                0x00000060       0x20 ..\obj\stm32f1xx_hal_gpio.o
 .debug_aranges
                0x00000080       0x20 ..\obj\stm32f1xx_hal_spi.o
 .debug_aranges
                0x000000a0       0x20 ..\obj\stm32f1xx_hal_tim_ex.o
 .debug_aranges
                0x000000c0       0x20 ..\obj\stm32f1xx_hal_spi_ex.o
 .debug_aranges
                0x000000e0       0x20 ..\obj\stm32f1xx_hal.o
 .debug_aranges
                0x00000100       0x20 ..\obj\stm32f1xx_it.o
 .debug_aranges
                0x00000120       0x28 ..\obj\startup_stm32f103xb.o
 .debug_aranges
                0x00000148       0x20 ..\obj\infrared.o
 .debug_aranges
                0x00000168       0x20 ..\obj\main.o
 .debug_aranges
                0x00000188       0x20 ..\obj\stm32f1xx_hal_uart.o
 .debug_aranges
                0x000001a8       0x20 ..\obj\stm32f1xx_hal_msp.o
 .debug_aranges
                0x000001c8       0x20 ..\obj\stm32f1xx_hal_tim.o
 .debug_aranges
                0x000001e8       0x20 ..\obj\stm32f1xx_hal_crc.o
 .debug_aranges
                0x00000208       0x20 ..\obj\stm32f1xx_hal_rcc.o

.debug_line     0x00000000     0x5f32
 .debug_line    0x00000000      0x843 ..\obj\stm32f1xx_hal_dma.o
 .debug_line    0x00000843      0x2a0 ..\obj\system_stm32f1xx.o
 .debug_line    0x00000ae3      0x378 ..\obj\stm32f1xx_hal_cortex.o
 .debug_line    0x00000e5b      0x477 ..\obj\stm32f1xx_hal_gpio.o
 .debug_line    0x000012d2      0x91d ..\obj\stm32f1xx_hal_spi.o
 .debug_line    0x00001bef      0x6d7 ..\obj\stm32f1xx_hal_tim_ex.o
 .debug_line    0x000022c6      0x31d ..\obj\stm32f1xx_hal_spi_ex.o
 .debug_line    0x000025e3      0x356 ..\obj\stm32f1xx_hal.o
 .debug_line    0x00002939      0x309 ..\obj\stm32f1xx_it.o
 .debug_line    0x00002c42       0xec ..\obj\startup_stm32f103xb.o
 .debug_line    0x00002d2e      0x51b ..\obj\infrared.o
 .debug_line    0x00003249      0x438 ..\obj\main.o
 .debug_line    0x00003681      0x773 ..\obj\stm32f1xx_hal_uart.o
 .debug_line    0x00003df4      0x3b8 ..\obj\stm32f1xx_hal_msp.o
 .debug_line    0x000041ac      0xcda ..\obj\stm32f1xx_hal_tim.o
 .debug_line    0x00004e86      0x36e ..\obj\stm32f1xx_hal_crc.o
 .debug_line    0x000051f4      0xd3e ..\obj\stm32f1xx_hal_rcc.o

.debug_str      0x00000000     0x3d5b
 .debug_str     0x00000000      0x4c0 ..\obj\stm32f1xx_hal_dma.o
                                0x543 (size before relaxing)
 .debug_str     0x000004c0      0x16e ..\obj\system_stm32f1xx.o
                                0x32b (size before relaxing)
 .debug_str     0x0000062e      0x5eb ..\obj\stm32f1xx_hal_cortex.o
                                0x8f9 (size before relaxing)
 .debug_str     0x00000c19      0x211 ..\obj\stm32f1xx_hal_gpio.o
                                0x463 (size before relaxing)
 .debug_str     0x00000e2a      0x579 ..\obj\stm32f1xx_hal_spi.o
                                0x986 (size before relaxing)
 .debug_str     0x000013a3      0x7ce ..\obj\stm32f1xx_hal_tim_ex.o
                                0xbae (size before relaxing)
 .debug_str     0x00001b71       0x94 ..\obj\stm32f1xx_hal_spi_ex.o
                                0x63b (size before relaxing)
 .debug_str     0x00001c05      0x231 ..\obj\stm32f1xx_hal.o
                                0x742 (size before relaxing)
 .debug_str     0x00001e36       0xf4 ..\obj\stm32f1xx_it.o
                                0x806 (size before relaxing)
 .debug_str     0x00001f2a      0x608 ..\obj\infrared.o
                                0xbad (size before relaxing)
 .debug_str     0x00002532      0x4ec ..\obj\main.o
                               0x10b4 (size before relaxing)
 .debug_str     0x00002a1e      0x3cc ..\obj\stm32f1xx_hal_uart.o
                                0x986 (size before relaxing)
 .debug_str     0x00002dea       0xe3 ..\obj\stm32f1xx_hal_msp.o
                                0xdca (size before relaxing)
 .debug_str     0x00002ecd      0xb7d ..\obj\stm32f1xx_hal_tim.o
                               0x1319 (size before relaxing)
 .debug_str     0x00003a4a       0xdf ..\obj\stm32f1xx_hal_crc.o
                                0x3ee (size before relaxing)
 .debug_str     0x00003b29      0x232 ..\obj\stm32f1xx_hal_rcc.o
                                0x625 (size before relaxing)

.debug_frame    0x00000000     0x36f4
 .debug_frame   0x00000000      0x194 ..\obj\stm32f1xx_hal_dma.o
 .debug_frame   0x00000194       0x58 ..\obj\system_stm32f1xx.o
 .debug_frame   0x000001ec      0x428 ..\obj\stm32f1xx_hal_cortex.o
 .debug_frame   0x00000614      0x14c ..\obj\stm32f1xx_hal_gpio.o
 .debug_frame   0x00000760      0x608 ..\obj\stm32f1xx_hal_spi.o
 .debug_frame   0x00000d68      0x558 ..\obj\stm32f1xx_hal_tim_ex.o
 .debug_frame   0x000012c0       0x5c ..\obj\stm32f1xx_hal_spi_ex.o
 .debug_frame   0x0000131c      0x278 ..\obj\stm32f1xx_hal.o
 .debug_frame   0x00001594       0xb8 ..\obj\stm32f1xx_it.o
 .debug_frame   0x0000164c      0x34c ..\obj\infrared.o
 .debug_frame   0x00001998      0x1bc ..\obj\main.o
 .debug_frame   0x00001b54      0x5e8 ..\obj\stm32f1xx_hal_uart.o
 .debug_frame   0x0000213c      0x1a4 ..\obj\stm32f1xx_hal_msp.o
 .debug_frame   0x000022e0      0xfd0 ..\obj\stm32f1xx_hal_tim.o
 .debug_frame   0x000032b0      0x120 ..\obj\stm32f1xx_hal_crc.o
 .debug_frame   0x000033d0      0x220 ..\obj\stm32f1xx_hal_rcc.o
 .debug_frame   0x000035f0       0x2c d:/software/gcc-arm-none-eabi-4_9-2015q2-20150609-win32/bin/../lib/gcc/arm-none-eabi/4.9.3/../../../../arm-none-eabi/lib/armv7-m\libg.a(lib_a-init.o)
 .debug_frame   0x0000361c       0x50 d:/software/gcc-arm-none-eabi-4_9-2015q2-20150609-win32/bin/../lib/gcc/arm-none-eabi/4.9.3/../../../../arm-none-eabi/lib/armv7-m\libg.a(lib_a-__call_atexit.o)
 .debug_frame   0x0000366c       0x20 d:/software/gcc-arm-none-eabi-4_9-2015q2-20150609-win32/bin/../lib/gcc/arm-none-eabi/4.9.3/../../../../arm-none-eabi/lib/armv7-m\libg.a(lib_a-atexit.o)
 .debug_frame   0x0000368c       0x34 d:/software/gcc-arm-none-eabi-4_9-2015q2-20150609-win32/bin/../lib/gcc/arm-none-eabi/4.9.3/../../../../arm-none-eabi/lib/armv7-m\libg.a(lib_a-fini.o)
 .debug_frame   0x000036c0       0x34 d:/software/gcc-arm-none-eabi-4_9-2015q2-20150609-win32/bin/../lib/gcc/arm-none-eabi/4.9.3/../../../../arm-none-eabi/lib/armv7-m\libg.a(lib_a-__atexit.o)

.debug_ranges   0x00000000       0x20
 .debug_ranges  0x00000000       0x20 ..\obj\startup_stm32f103xb.o
